Rebuild started: Project: baobe
*** Using Compiler 'V6.24', folder: 'd:\Users\lovalong\AppData\Local\Keil_v5\ARM\ARMCLANG\Bin'
Rebuild target 'baobe'
assembling startup_stm32l443xx.s...
../Core/Src/stm32l4xx_hal_msp.c(178): error: unknown type name 'UART_HandleTypeDef'
  178 | void HAL_UART_MspInit(UART_HandleTypeDef* huart)
      |                       ^
../Core/Src/stm32l4xx_hal_msp.c(199): error: unknown type name 'UART_HandleTypeDef'
  199 | void HAL_UART_MspDeInit(UART_HandleTypeDef* huart)
      |                         ^
2 errors generated.
compiling stm32l4xx_hal_msp.c...
../Core/Src/stm32l4xx_it.c(61): error: unknown type name 'UART_HandleTypeDef'
   61 | extern UART_HandleTypeDef huart2;
      |        ^
../Core/Src/stm32l4xx_it.c(205): error: call to undeclared function 'HAL_UART_IRQHandler'; ISO C99 and later do not support implicit function declarations [-Wimplicit-function-declaration]
  205 |   HAL_UART_IRQHandler(&huart2);
      |   ^
2 errors generated.
compiling stm32l4xx_it.c...
compiling sht30.c...
compiling stm32l4xx_hal_spi_ex.c...
../Core/Src/main.c(48): error: unknown type name 'UART_HandleTypeDef'
   48 | UART_HandleTypeDef huart2;
      | ^
../Core/Src/main.c(125): error: call to undeclared function 'HAL_UART_Receive_IT'; ISO C99 and later do not support implicit function declarations [-Wimplicit-function-declaration]
  125 |   HAL_UART_Receive_IT(&huart2, &g_uart_rx_byte, 1);
      |   ^
../Core/Src/main.c(125): note: did you mean 'HAL_SPI_Receive_IT'?
../Drivers/STM32L4xx_HAL_Driver/Inc\stm32l4xx_hal_spi.h(797): note: 'HAL_SPI_Receive_IT' declared here
  797 | HAL_StatusTypeDef HAL_SPI_Receive_IT(SPI_HandleTypeDef *hspi, uint8_t *pData, uint16_t Size);
      |                   ^
../Core/Src/main.c(296): error: use of undeclared identifier 'UART_WORDLENGTH_8B'
  296 |   huart2.Init.WordLength = UART_WORDLENGTH_8B;
      |                            ^
../Core/Src/main.c(297): error: use of undeclared identifier 'UART_STOPBITS_1'
  297 |   huart2.Init.StopBits = UART_STOPBITS_1;
      |                          ^
../Core/Src/main.c(298): error: use of undeclared identifier 'UART_PARITY_NONE'
  298 |   huart2.Init.Parity = UART_PARITY_NONE;
      |                        ^
../Core/Src/main.c(299): error: use of undeclared identifier 'UART_MODE_TX_RX'
  299 |   huart2.Init.Mode = UART_MODE_TX_RX;
      |                      ^
../Core/Src/main.c(300): error: use of undeclared identifier 'UART_HWCONTROL_NONE'
  300 |   huart2.Init.HwFlowCtl = UART_HWCONTROL_NONE;
      |                           ^
../Core/Src/main.c(301): error: use of undeclared identifier 'UART_OVERSAMPLING_16'
  301 |   huart2.Init.OverSampling = UART_OVERSAMPLING_16;
      |                              ^
../Core/Src/main.c(302): error: use of undeclared identifier 'UART_ONE_BIT_SAMPLE_DISABLE'
  302 |   huart2.Init.OneBitSampling = UART_ONE_BIT_SAMPLE_DISABLE;
      |                                ^
../Core/Src/main.c(303): error: use of undeclared identifier 'UART_ADVFEATURE_NO_INIT'
  303 |   huart2.AdvancedInit.AdvFeatureInit = UART_ADVFEATURE_NO_INIT;
      |                                        ^
../Core/Src/main.c(304): error: call to undeclared function 'HAL_UART_Init'; ISO C99 and later do not support implicit function declarations [-Wimplicit-function-declaration]
  304 |   if (HAL_UART_Init(&huart2) != HAL_OK)
      |       ^
../Core/Src/main.c(396): error: unknown type name 'UART_HandleTypeDef'
  396 | void HAL_UART_RxCpltCallback(UART_HandleTypeDef *huart)
      |                              ^
../Core/Src/main.c(449): error: call to undeclared function 'HAL_UART_Receive_IT'; ISO C99 and later do not support implicit function declarations [-Wimplicit-function-declaration]
  449 |   HAL_UART_Receive_IT(huart, &g_uart_rx_byte, 1);
      |   ^
13 errors generated.
compiling main.c...
compiling stm32l4xx_hal_uart.c...
compiling stm32l4xx_hal_i2c_ex.c...
compiling stm32l4xx_hal.c...
compiling stm32l4xx_hal_spi.c...
compiling stm32l4xx_hal_uart_ex.c...
compiling st7305.c...
compiling stm32l4xx_hal_flash.c...
compiling stm32l4xx_hal_flash_ex.c...
compiling stm32l4xx_hal_rcc.c...
compiling stm32l4xx_hal_flash_ramfunc.c...
compiling stm32l4xx_hal_rcc_ex.c...
compiling stm32l4xx_hal_gpio.c...
compiling stm32l4xx_hal_dma_ex.c...
compiling stm32l4xx_hal_dma.c...
compiling stm32l4xx_hal_pwr.c...
compiling stm32l4xx_hal_cortex.c...
compiling stm32l4xx_hal_pwr_ex.c...
compiling stm32l4xx_hal_tim.c...
compiling stm32l4xx_hal_exti.c...
compiling stm32l4xx_hal_tim_ex.c...
compiling stm32l4xx_hal_i2c.c...
compiling system_stm32l4xx.c...
"baobe\baobe.axf" - 17 Error(s), 0 Warning(s).
Target not created.
Build Time Elapsed:  00:00:02