Component: Arm Compiler for Embedded 6.24 Tool: armlink [5f371500]

==============================================================================

Section Cross References

    startup_stm32l443xx.o(STACK) refers (Special) to heapauxi.o(.text) for __use_two_region_memory
    startup_stm32l443xx.o(HEAP) refers (Special) to heapauxi.o(.text) for __use_two_region_memory
    startup_stm32l443xx.o(RESET) refers (Special) to heapauxi.o(.text) for __use_two_region_memory
    startup_stm32l443xx.o(RESET) refers to startup_stm32l443xx.o(STACK) for __initial_sp
    startup_stm32l443xx.o(RESET) refers to startup_stm32l443xx.o(.text) for Reset_Handler
    startup_stm32l443xx.o(RESET) refers to stm32l4xx_it.o(.text.NMI_Handler) for NMI_Handler
    startup_stm32l443xx.o(RESET) refers to stm32l4xx_it.o(.text.HardFault_Handler) for HardFault_Handler
    startup_stm32l443xx.o(RESET) refers to stm32l4xx_it.o(.text.MemManage_Handler) for MemManage_Handler
    startup_stm32l443xx.o(RESET) refers to stm32l4xx_it.o(.text.BusFault_Handler) for BusFault_Handler
    startup_stm32l443xx.o(RESET) refers to stm32l4xx_it.o(.text.UsageFault_Handler) for UsageFault_Handler
    startup_stm32l443xx.o(RESET) refers to stm32l4xx_it.o(.text.SVC_Handler) for SVC_Handler
    startup_stm32l443xx.o(RESET) refers to stm32l4xx_it.o(.text.DebugMon_Handler) for DebugMon_Handler
    startup_stm32l443xx.o(RESET) refers to stm32l4xx_it.o(.text.PendSV_Handler) for PendSV_Handler
    startup_stm32l443xx.o(RESET) refers to stm32l4xx_it.o(.text.SysTick_Handler) for SysTick_Handler
    startup_stm32l443xx.o(RESET) refers to stm32l4xx_it.o(.text.USART2_IRQHandler) for USART2_IRQHandler
    startup_stm32l443xx.o(.text) refers (Special) to heapauxi.o(.text) for __use_two_region_memory
    startup_stm32l443xx.o(.text) refers to system_stm32l4xx.o(.text.SystemInit) for SystemInit
    startup_stm32l443xx.o(.text) refers to __main.o(!!!main) for __main
    startup_stm32l443xx.o(.text) refers to startup_stm32l443xx.o(HEAP) for Heap_Mem
    startup_stm32l443xx.o(.text) refers to startup_stm32l443xx.o(STACK) for Stack_Mem
    main.o(.text) refers (Special) to _printf_percent.o(.ARM.Collect$$_printf_percent$$00000000) for _printf_percent
    main.o(.text) refers (Special) to _printf_pad.o(.text) for _printf_pre_padding
    main.o(.text) refers (Special) to _printf_s.o(.ARM.Collect$$_printf_percent$$00000014) for _printf_s
    main.o(.text) refers (Special) to _printf_d.o(.ARM.Collect$$_printf_percent$$00000009) for _printf_d
    main.o(.text) refers (Special) to _printf_dec.o(.text) for _printf_int_dec
    main.o(.text) refers (Special) to _printf_str.o(.text) for _printf_str
    main.o(.text.main) refers (Special) to _printf_percent.o(.ARM.Collect$$_printf_percent$$00000000) for _printf_percent
    main.o(.text.main) refers (Special) to _printf_pad.o(.text) for _printf_pre_padding
    main.o(.text.main) refers (Special) to _printf_s.o(.ARM.Collect$$_printf_percent$$00000014) for _printf_s
    main.o(.text.main) refers (Special) to _printf_d.o(.ARM.Collect$$_printf_percent$$00000009) for _printf_d
    main.o(.text.main) refers (Special) to _printf_dec.o(.text) for _printf_int_dec
    main.o(.text.main) refers (Special) to _printf_str.o(.text) for _printf_str
    main.o(.text.main) refers to stm32l4xx_hal.o(.text.HAL_Init) for HAL_Init
    main.o(.text.main) refers to main.o(.text.SystemClock_Config) for SystemClock_Config
    main.o(.text.main) refers to stm32l4xx_hal_gpio.o(.text.HAL_GPIO_WritePin) for HAL_GPIO_WritePin
    main.o(.text.main) refers to stm32l4xx_hal_gpio.o(.text.HAL_GPIO_Init) for HAL_GPIO_Init
    main.o(.text.main) refers to main.o(.bss.hspi1) for hspi1
    main.o(.text.main) refers to stm32l4xx_hal_spi.o(.text.HAL_SPI_Init) for HAL_SPI_Init
    main.o(.text.main) refers to main.o(.bss.hi2c1) for hi2c1
    main.o(.text.main) refers to stm32l4xx_hal_i2c.o(.text.HAL_I2C_Init) for HAL_I2C_Init
    main.o(.text.main) refers to stm32l4xx_hal_i2c_ex.o(.text.HAL_I2CEx_ConfigAnalogFilter) for HAL_I2CEx_ConfigAnalogFilter
    main.o(.text.main) refers to stm32l4xx_hal_i2c_ex.o(.text.HAL_I2CEx_ConfigDigitalFilter) for HAL_I2CEx_ConfigDigitalFilter
    main.o(.text.main) refers to main.o(.bss.huart2) for huart2
    main.o(.text.main) refers to stm32l4xx_hal_uart.o(.text.HAL_UART_Init) for HAL_UART_Init
    main.o(.text.main) refers to main.o(.bss..L_MergedGlobals.8) for .L_MergedGlobals.8
    main.o(.text.main) refers to st7305.o(.text.st7305_init) for st7305_init
    main.o(.text.main) refers to sht30.o(.text.sht30_init) for sht30_init
    main.o(.text.main) refers to stm32l4xx_hal_uart.o(.text.HAL_UART_Receive_IT) for HAL_UART_Receive_IT
    main.o(.text.main) refers to stm32l4xx_hal.o(.text.HAL_GetTick) for HAL_GetTick
    main.o(.text.main) refers to main.o(.data..L_MergedGlobals) for .L_MergedGlobals
    main.o(.text.main) refers to main.o(.text.render_screen) for render_screen
[...]
    ../clib/signal.c                         0x00000000   Number         0  defsig_pvfn_inner.o ABSOLUTE
    ../clib/signal.c                         0x00000000   Number         0  defsig_cppl_inner.o ABSOLUTE
    ../clib/signal.c                         0x00000000   Number         0  defsig_segv_inner.o ABSOLUTE
    ../clib/signal.c                         0x00000000   Number         0  defsig_other.o ABSOLUTE
    ../clib/signal.s                         0x00000000   Number         0  defsig.o ABSOLUTE
    ../clib/stdlib.c                         0x00000000   Number         0  exit.o ABSOLUTE
    ../clib/string.c                         0x00000000   Number         0  strlen.o ABSOLUTE
    ../fplib/fpinit.s                        0x00000000   Number         0  fpinit.o ABSOLUTE
    ../fplib/usenofp.s                       0x00000000   Number         0  usenofp.o ABSOLUTE
    ../mathlib/funder.c                      0x00000000   Number         0  funder.o ABSOLUTE
    ../mathlib/logf.c                        0x00000000   Number         0  logf.o ABSOLUTE
    dc.s                                     0x00000000   Number         0  dc.o ABSOLUTE
    main.c                                   0x00000000   Number         0  main.o ABSOLUTE
    sht30.c                                  0x00000000   Number         0  sht30.o ABSOLUTE
    st7305.c                                 0x00000000   Number         0  st7305.o ABSOLUTE
    startup_stm32l443xx.s                    0x00000000   Number         0  startup_stm32l443xx.o ABSOLUTE
    stm32l4xx_hal.c                          0x00000000   Number         0  stm32l4xx_hal.o ABSOLUTE
    stm32l4xx_hal_cortex.c                   0x00000000   Number         0  stm32l4xx_hal_cortex.o ABSOLUTE
    stm32l4xx_hal_dma.c                      0x00000000   Number         0  stm32l4xx_hal_dma.o ABSOLUTE
    stm32l4xx_hal_dma_ex.c                   0x00000000   Number         0  stm32l4xx_hal_dma_ex.o ABSOLUTE
    stm32l4xx_hal_exti.c                     0x00000000   Number         0  stm32l4xx_hal_exti.o ABSOLUTE
    stm32l4xx_hal_flash.c                    0x00000000   Number         0  stm32l4xx_hal_flash.o ABSOLUTE
    stm32l4xx_hal_flash_ex.c                 0x00000000   Number         0  stm32l4xx_hal_flash_ex.o ABSOLUTE
    stm32l4xx_hal_flash_ramfunc.c            0x00000000   Number         0  stm32l4xx_hal_flash_ramfunc.o ABSOLUTE
    stm32l4xx_hal_gpio.c                     0x00000000   Number         0  stm32l4xx_hal_gpio.o ABSOLUTE
    stm32l4xx_hal_i2c.c                      0x00000000   Number         0  stm32l4xx_hal_i2c.o ABSOLUTE
    stm32l4xx_hal_i2c_ex.c                   0x00000000   Number         0  stm32l4xx_hal_i2c_ex.o ABSOLUTE
    stm32l4xx_hal_msp.c                      0x00000000   Number         0  stm32l4xx_hal_msp.o ABSOLUTE
    stm32l4xx_hal_pwr.c                      0x00000000   Number         0  stm32l4xx_hal_pwr.o ABSOLUTE
    stm32l4xx_hal_pwr_ex.c                   0x00000000   Number         0  stm32l4xx_hal_pwr_ex.o ABSOLUTE
    stm32l4xx_hal_rcc.c                      0x00000000   Number         0  stm32l4xx_hal_rcc.o ABSOLUTE
    stm32l4xx_hal_rcc_ex.c                   0x00000000   Number         0  stm32l4xx_hal_rcc_ex.o ABSOLUTE
    stm32l4xx_hal_spi.c                      0x00000000   Number         0  stm32l4xx_hal_spi.o ABSOLUTE
    stm32l4xx_hal_spi_ex.c                   0x00000000   Number         0  stm32l4xx_hal_spi_ex.o ABSOLUTE
    stm32l4xx_hal_tim.c                      0x00000000   Number         0  stm32l4xx_hal_tim.o ABSOLUTE
    stm32l4xx_hal_tim_ex.c                   0x00000000   Number         0  stm32l4xx_hal_tim_ex.o ABSOLUTE
    stm32l4xx_hal_uart.c                     0x00000000   Number         0  stm32l4xx_hal_uart.o ABSOLUTE
    stm32l4xx_hal_uart_ex.c                  0x00000000   Number         0  stm32l4xx_hal_uart_ex.o ABSOLUTE
    stm32l4xx_it.c                           0x00000000   Number         0  stm32l4xx_it.o ABSOLUTE
    system_stm32l4xx.c                       0x00000000   Number         0  system_stm32l4xx.o ABSOLUTE
    RESET                                    0x08000000   Section      396  startup_stm32l443xx.o(RESET)
    !!!main                                  0x0800018c   Section        8  __main.o(!!!main)
    !!!scatter                               0x08000194   Section       92  __scatter.o(!!!scatter)
    !!handler_copy                           0x080001f0   Section       26  __scatter_copy.o(!!handler_copy)
    !!handler_null                           0x0800020c   Section        2  __scatter.o(!!handler_null)
    !!handler_zi                             0x08000210   Section       28  __scatter_zi.o(!!handler_zi)
    .ARM.Collect$$_printf_percent$$00000000  0x0800022c   Section        0  _printf_percent.o(.ARM.Collect$$_printf_percent$$00000000)
    .ARM.Collect$$_printf_percent$$00000009  0x0800022c   Section        6  _printf_d.o(.ARM.Collect$$_printf_percent$$00000009)
    .ARM.Collect$$_printf_percent$$00000014  0x08000232   Section        6  _printf_s.o(.ARM.Collect$$_printf_percent$$00000014)
    .ARM.Collect$$_printf_percent$$00000017  0x08000238   Section        4  _printf_percent_end.o(.ARM.Collect$$_printf_percent$$00000017)
    .ARM.Collect$$libinit$$00000000          0x0800023c   Section        2  libinit.o(.ARM.Collect$$libinit$$00000000)
    .ARM.Collect$$libinit$$00000001          0x0800023e   Section        4  libinit2.o(.ARM.Collect$$libinit$$00000001)
    .ARM.Collect$$libinit$$00000004          0x08000242   Section        0  libinit2.o(.ARM.Collect$$libinit$$00000004)
    .ARM.Collect$$libinit$$00000006          0x08000242   Section        0  libinit2.o(.ARM.Collect$$libinit$$00000006)
    .ARM.Collect$$libinit$$0000000C          0x08000242   Section        0  libinit2.o(.ARM.Collect$$libinit$$0000000C)
    .ARM.Collect$$libinit$$0000000E          0x08000242   Section        0  libinit2.o(.ARM.Collect$$libinit$$0000000E)
    .ARM.Collect$$libinit$$00000010          0x08000242   Section        0  libinit2.o(.ARM.Collect$$libinit$$00000010)
    .ARM.Collect$$libinit$$00000013          0x08000242   Section        0  libinit2.o(.ARM.Collect$$libinit$$00000013)
    .ARM.Collect$$libinit$$00000015          0x08000242   Section        0  libinit2.o(.ARM.Collect$$libinit$$00000015)
    .ARM.Collect$$libinit$$00000017          0x08000242   Section        0  libinit2.o(.ARM.Collect$$libinit$$00000017)
    .ARM.Collect$$libinit$$00000019          0x08000242   Section        0  libinit2.o(.ARM.Collect$$libinit$$00000019)
    .ARM.Collect$$libinit$$0000001B          0x08000242   Section        0  libinit2.o(.ARM.Collect$$libinit$$0000001B)
    .ARM.Collect$$libinit$$0000001D          0x08000242   Section        0  libinit2.o(.ARM.Collect$$libinit$$0000001D)
    .ARM.Collect$$libinit$$0000001F          0x08000242   Section        0  libinit2.o(.ARM.Collect$$libinit$$0000001F)
    .ARM.Collect$$libinit$$00000021          0x08000242   Section        0  libinit2.o(.ARM.Collect$$libinit$$00000021)
    .ARM.Collect$$libinit$$00000023          0x08000242   Section        0  libinit2.o(.ARM.Collect$$libinit$$00000023)
    .ARM.Collect$$libinit$$00000025          0x08000242   Section        0  libinit2.o(.ARM.Collect$$libinit$$00000025)
    .ARM.Collect$$libinit$$00000027          0x08000242   Section        0  libinit2.o(.ARM.Collect$$libinit$$00000027)
    .ARM.Collect$$libinit$$0000002E          0x08000242   Section        0  libinit2.o(.ARM.Collect$$libinit$$0000002E)
    .ARM.Collect$$libinit$$00000030          0x08000242   Section        0  libinit2.o(.ARM.Collect$$libinit$$00000030)
    .ARM.Collect$$libinit$$00000032          0x08000242   Section        0  libinit2.o(.ARM.Collect$$libinit$$00000032)
    .ARM.Collect$$libinit$$00000034          0x08000242   Section        0  libinit2.o(.ARM.Collect$$libinit$$00000034)
    .ARM.Collect$$libinit$$00000035          0x08000242   Section        2  libinit2.o(.ARM.Collect$$libinit$$00000035)
    .ARM.Collect$$libshutdown$$00000000      0x08000244   Section        2  libshutdown.o(.ARM.Collect$$libshutdown$$00000000)
    .ARM.Collect$$libshutdown$$00000002      0x08000246   Section        0  libshutdown2.o(.ARM.Collect$$libshutdown$$00000002)
    .ARM.Collect$$libshutdown$$00000004      0x08000246   Section        0  libshutdown2.o(.ARM.Collect$$libshutdown$$00000004)
    .ARM.Collect$$libshutdown$$00000007      0x08000246   Section        0  libshutdown2.o(.ARM.Collect$$libshutdown$$00000007)
    .ARM.Collect$$libshutdown$$0000000A      0x08000246   Section        0  libshutdown2.o(.ARM.Collect$$libshutdown$$0000000A)
    .ARM.Collect$$libshutdown$$0000000C      0x08000246   Section        0  libshutdown2.o(.ARM.Collect$$libshutdown$$0000000C)
    .ARM.Collect$$libshutdown$$0000000F      0x08000246   Section        0  libshutdown2.o(.ARM.Collect$$libshutdown$$0000000F)
    .ARM.Collect$$libshutdown$$00000010      0x08000246   Section        2  libshutdown2.o(.ARM.Collect$$libshutdown$$00000010)
    .ARM.Collect$$rtentry$$00000000          0x08000248   Section        0  __rtentry.o(.ARM.Collect$$rtentry$$00000000)
    .ARM.Collect$$rtentry$$00000002          0x08000248   Section        0  __rtentry2.o(.ARM.Collect$$rtentry$$00000002)
    .ARM.Collect$$rtentry$$00000004          0x08000248   Section        6  __rtentry4.o(.ARM.Collect$$rtentry$$00000004)
    .ARM.Collect$$rtentry$$00000009          0x0800024e   Section        0  __rtentry2.o(.ARM.Collect$$rtentry$$00000009)
    .ARM.Collect$$rtentry$$0000000A          0x0800024e   Section        4  __rtentry2.o(.ARM.Collect$$rtentry$$0000000A)
    .ARM.Collect$$rtentry$$0000000C          0x08000252   Section        0  __rtentry2.o(.ARM.Collect$$rtentry$$0000000C)
    .ARM.Collect$$rtentry$$0000000D          0x08000252   Section        8  __rtentry2.o(.ARM.Collect$$rtentry$$0000000D)
    .ARM.Collect$$rtexit$$00000000           0x0800025a   Section        2  rtexit.o(.ARM.Collect$$rtexit$$00000000)
    .ARM.Collect$$rtexit$$00000002           0x0800025c   Section        0  rtexit2.o(.ARM.Collect$$rtexit$$00000002)
    .ARM.Collect$$rtexit$$00000003           0x0800025c   Section        4  rtexit2.o(.ARM.Collect$$rtexit$$00000003)
    .ARM.Collect$$rtexit$$00000004           0x08000260   Section        6  rtexit2.o(.ARM.Collect$$rtexit$$00000004)
    $v0                                      0x08000268   Number         0  startup_stm32l443xx.o(.text)
    .text                                    0x08000268   Section       64  startup_stm32l443xx.o(.text)
    .text                                    0x080002a8   Section      240  lludivv7m.o(.text)
    .text                                    0x08000398   Section        0  noretval__2snprintf.o(.text)
    .text                                    0x080003d8   Section        0  _printf_pad.o(.text)
    .text                                    0x08000426   Section        0  _printf_str.o(.text)
    .text                                    0x08000478   Section        0  _printf_dec.o(.text)
    .text                                    0x080004f0   Section        0  __printf_flags_wp.o(.text)
    .text                                    0x0800062e   Section        0  strlen.o(.text)
    .text                                    0x0800066c   Section       16  aeabi_memset4.o(.text)
    .text                                    0x0800067c   Section       78  rt_memclr_w.o(.text)
    .text                                    0x080006ca   Section        0  heapauxi.o(.text)
    .text                                    0x080006d0   Section        0  _rserrno.o(.text)
    .text                                    0x080006e6   Section        0  _printf_intcommon.o(.text)
    _printf_input_char                       0x08000799   Thumb Code    10  _printf_char_common.o(.text)
    .text                                    0x08000798   Section        0  _printf_char_common.o(.text)
    .text                                    0x080007c8   Section        0  _snputc.o(.text)
    .text                                    0x080007d8   Section        0  _printf_char.o(.text)
    .text                                    0x08000804   Section        8  rt_errno_addr_intlibspace.o(.text)
    .text                                    0x0800080c   Section        8  libspace.o(.text)
    .text                                    0x08000814   Section       74  sys_stackheap_outer.o(.text)
    .text                                    0x0800085e   Section        0  exit.o(.text)
    .text                                    0x08000870   Section        0  sys_exit.o(.text)
    .text                                    0x0800087c   Section        2  use_no_semi.o(.text)
    .text                                    0x0800087e   Section        0  indicate_semi.o(.text)
    [Anonymous Symbol]                       0x08000880   Section        0  stm32l4xx_it.o(.text.BusFault_Handler)
    [Anonymous Symbol]                       0x08000884   Section        0  stm32l4xx_it.o(.text.DebugMon_Handler)
    [Anonymous Symbol]                       0x08000888   Section        0  stm32l4xx_hal_dma.o(.text.HAL_DMA_Abort)
    [Anonymous Symbol]                       0x080008d4   Section        0  stm32l4xx_hal_dma.o(.text.HAL_DMA_Abort_IT)
    [Anonymous Symbol]                       0x08000928   Section        0  stm32l4xx_hal.o(.text.HAL_Delay)
    [Anonymous Symbol]                       0x08000950   Section        0  stm32l4xx_hal_gpio.o(.text.HAL_GPIO_Init)
    [Anonymous Symbol]                       0x08000b08   Section        0  stm32l4xx_hal_gpio.o(.text.HAL_GPIO_WritePin)
    [Anonymous Symbol]                       0x08000b14   Section        0  stm32l4xx_hal.o(.text.HAL_GetTick)
    [Anonymous Symbol]                       0x08000b20   Section        0  stm32l4xx_hal_i2c_ex.o(.text.HAL_I2CEx_ConfigAnalogFilter)
    [Anonymous Symbol]                       0x08000b6c   Section        0  stm32l4xx_hal_i2c_ex.o(.text.HAL_I2CEx_ConfigDigitalFilter)
    [Anonymous Symbol]                       0x08000bb4   Section        0  stm32l4xx_hal_i2c.o(.text.HAL_I2C_Init)
    [Anonymous Symbol]                       0x08000c58   Section        0  stm32l4xx_hal_i2c.o(.text.HAL_I2C_Master_Receive)
    [Anonymous Symbol]                       0x08000e54   Section        0  stm32l4xx_hal_i2c.o(.text.HAL_I2C_Master_Transmit)
    [Anonymous Symbol]                       0x0800104c   Section        0  stm32l4xx_hal_msp.o(.text.HAL_I2C_MspInit)
    [Anonymous Symbol]                       0x080010c4   Section        0  stm32l4xx_hal.o(.text.HAL_IncTick)
    [Anonymous Symbol]                       0x080010e0   Section        0  stm32l4xx_hal.o(.text.HAL_Init)
    [Anonymous Symbol]                       0x08001100   Section        0  stm32l4xx_hal.o(.text.HAL_InitTick)
    [Anonymous Symbol]                       0x08001150   Section        0  stm32l4xx_hal_msp.o(.text.HAL_MspInit)
    [Anonymous Symbol]                       0x08001184   Section        0  stm32l4xx_hal_cortex.o(.text.HAL_NVIC_EnableIRQ)
    [Anonymous Symbol]                       0x080011a8   Section        0  stm32l4xx_hal_cortex.o(.text.HAL_NVIC_SetPriority)
    [Anonymous Symbol]                       0x08001200   Section        0  stm32l4xx_hal_cortex.o(.text.HAL_NVIC_SetPriorityGrouping)
    [Anonymous Symbol]                       0x08001220   Section        0  stm32l4xx_hal_pwr_ex.o(.text.HAL_PWREx_ControlVoltageScaling)
    [Anonymous Symbol]                       0x080012ac   Section        0  stm32l4xx_hal_pwr_ex.o(.text.HAL_PWREx_GetVoltageRange)
    [Anonymous Symbol]                       0x080012bc   Section        0  stm32l4xx_hal_pwr.o(.text.HAL_PWR_EnableBkUpAccess)
    [Anonymous Symbol]                       0x080012d0   Section        0  stm32l4xx_hal_rcc_ex.o(.text.HAL_RCCEx_EnableMSIPLLMode)
    [Anonymous Symbol]                       0x080012e4   Section        0  stm32l4xx_hal_rcc.o(.text.HAL_RCC_ClockConfig)
    [Anonymous Symbol]                       0x08001524   Section        0  stm32l4xx_hal_rcc.o(.text.HAL_RCC_GetPCLK1Freq)
    [Anonymous Symbol]                       0x08001550   Section        0  stm32l4xx_hal_rcc.o(.text.HAL_RCC_GetPCLK2Freq)
    [Anonymous Symbol]                       0x0800157c   Section        0  stm32l4xx_hal_rcc.o(.text.HAL_RCC_GetSysClockFreq)
    [Anonymous Symbol]                       0x08001644   Section        0  stm32l4xx_hal_rcc.o(.text.HAL_RCC_OscConfig)
    [Anonymous Symbol]                       0x08001e38   Section        0  stm32l4xx_hal_spi.o(.text.HAL_SPI_Init)
    [Anonymous Symbol]                       0x08001f14   Section        0  stm32l4xx_hal_msp.o(.text.HAL_SPI_MspInit)
    [Anonymous Symbol]                       0x08001f84   Section        0  stm32l4xx_hal_spi.o(.text.HAL_SPI_Transmit)
    [Anonymous Symbol]                       0x080021c8   Section        0  stm32l4xx_hal_cortex.o(.text.HAL_SYSTICK_Config)
    [Anonymous Symbol]                       0x080021f4   Section        0  stm32l4xx_hal_uart.o(.text.HAL_UARTEx_RxEventCallback)
    [Anonymous Symbol]                       0x080021f8   Section        0  stm32l4xx_hal_uart_ex.o(.text.HAL_UARTEx_WakeupCallback)
    [Anonymous Symbol]                       0x080021fc   Section        0  stm32l4xx_hal_uart.o(.text.HAL_UART_ErrorCallback)
    [Anonymous Symbol]                       0x08002200   Section        0  stm32l4xx_hal_uart.o(.text.HAL_UART_IRQHandler)
    [Anonymous Symbol]                       0x080027c8   Section        0  stm32l4xx_hal_uart.o(.text.HAL_UART_Init)
    [Anonymous Symbol]                       0x08002898   Section        0  stm32l4xx_hal_msp.o(.text.HAL_UART_MspInit)
    [Anonymous Symbol]                       0x0800291c   Section        0  stm32l4xx_hal_uart.o(.text.HAL_UART_Receive_IT)
    [Anonymous Symbol]                       0x080029d4   Section        0  main.o(.text.HAL_UART_RxCpltCallback)
    [Anonymous Symbol]                       0x08002c50   Section        0  stm32l4xx_hal_uart.o(.text.HAL_UART_Transmit)
    [Anonymous Symbol]                       0x08002d20   Section        0  stm32l4xx_hal_uart.o(.text.HAL_UART_TxCpltCallback)
    [Anonymous Symbol]                       0x08002d24   Section        0  stm32l4xx_it.o(.text.HardFault_Handler)
    I2C_IsErrorOccurred                      0x08002d29   Thumb Code   342  stm32l4xx_hal_i2c.o(.text.I2C_IsErrorOccurred)
    [Anonymous Symbol]                       0x08002d28   Section        0  stm32l4xx_hal_i2c.o(.text.I2C_IsErrorOccurred)
    I2C_WaitOnRXNEFlagUntilTimeout           0x08002e81   Thumb Code   188  stm32l4xx_hal_i2c.o(.text.I2C_WaitOnRXNEFlagUntilTimeout)
    [Anonymous Symbol]                       0x08002e80   Section        0  stm32l4xx_hal_i2c.o(.text.I2C_WaitOnRXNEFlagUntilTimeout)
    I2C_WaitOnTXISFlagUntilTimeout           0x08002f3d   Thumb Code   136  stm32l4xx_hal_i2c.o(.text.I2C_WaitOnTXISFlagUntilTimeout)
    [Anonymous Symbol]                       0x08002f3c   Section        0  stm32l4xx_hal_i2c.o(.text.I2C_WaitOnTXISFlagUntilTimeout)
    [Anonymous Symbol]                       0x08002fc4   Section        0  stm32l4xx_it.o(.text.MemManage_Handler)
    [Anonymous Symbol]                       0x08002fc8   Section        0  stm32l4xx_it.o(.text.NMI_Handler)
    [Anonymous Symbol]                       0x08002fcc   Section        0  stm32l4xx_it.o(.text.PendSV_Handler)
    SPI_WaitFifoStateUntilTimeout            0x08002fd1   Thumb Code   382  stm32l4xx_hal_spi.o(.text.SPI_WaitFifoStateUntilTimeout)
    [Anonymous Symbol]                       0x08002fd0   Section        0  stm32l4xx_hal_spi.o(.text.SPI_WaitFifoStateUntilTimeout)
    SPI_WaitFlagStateUntilTimeout            0x08003151   Thumb Code   206  stm32l4xx_hal_spi.o(.text.SPI_WaitFlagStateUntilTimeout)
    [Anonymous Symbol]                       0x08003150   Section        0  stm32l4xx_hal_spi.o(.text.SPI_WaitFlagStateUntilTimeout)
    [Anonymous Symbol]                       0x08003220   Section        0  stm32l4xx_it.o(.text.SVC_Handler)
    [Anonymous Symbol]                       0x08003224   Section        0  stm32l4xx_it.o(.text.SysTick_Handler)
    [Anonymous Symbol]                       0x08003228   Section        0  main.o(.text.SystemClock_Config)
    [Anonymous Symbol]                       0x080032cc   Section        0  system_stm32l4xx.o(.text.SystemInit)
    [Anonymous Symbol]                       0x080032e0   Section        0  stm32l4xx_hal_uart.o(.text.UART_AdvFeatureConfig)
    UART_DMAAbortOnError                     0x080033c9   Thumb Code    16  stm32l4xx_hal_uart.o(.text.UART_DMAAbortOnError)
    [Anonymous Symbol]                       0x080033c8   Section        0  stm32l4xx_hal_uart.o(.text.UART_DMAAbortOnError)
    UART_RxISR_16BIT                         0x080033d9   Thumb Code   326  stm32l4xx_hal_uart.o(.text.UART_RxISR_16BIT)
    [Anonymous Symbol]                       0x080033d8   Section        0  stm32l4xx_hal_uart.o(.text.UART_RxISR_16BIT)
    UART_RxISR_8BIT                          0x08003521   Thumb Code   326  stm32l4xx_hal_uart.o(.text.UART_RxISR_8BIT)
    [Anonymous Symbol]                       0x08003520   Section        0  stm32l4xx_hal_uart.o(.text.UART_RxISR_8BIT)
    [Anonymous Symbol]                       0x08003668   Section        0  stm32l4xx_hal_uart.o(.text.UART_SetConfig)
    [Anonymous Symbol]                       0x08003884   Section        0  stm32l4xx_hal_uart.o(.text.UART_Start_Receive_IT)
    [Anonymous Symbol]                       0x080039fc   Section        0  stm32l4xx_hal_uart.o(.text.UART_WaitOnFlagUntilTimeout)
    [Anonymous Symbol]                       0x08003c00   Section        0  stm32l4xx_it.o(.text.USART2_IRQHandler)
    [Anonymous Symbol]                       0x08003c0c   Section        0  stm32l4xx_it.o(.text.UsageFault_Handler)
    draw_cloud                               0x08003c11   Thumb Code  1848  main.o(.text.draw_cloud)
    [Anonymous Symbol]                       0x08003c10   Section        0  main.o(.text.draw_cloud)
    [Anonymous Symbol]                       0x08004350   Section        0  main.o(.text.main)
    render_screen                            0x08004699   Thumb Code  8184  main.o(.text.render_screen)
    [Anonymous Symbol]                       0x08004698   Section        0  main.o(.text.render_screen)
    __arm_cp.2_11                            0x08004768   Number         4  main.o(.text.render_screen)
    __arm_cp.2_12                            0x0800476c   Number         4  main.o(.text.render_screen)
    __arm_cp.2_13                            0x08004770   Number         4  main.o(.text.render_screen)
    __arm_cp.2_14                            0x08004774   Number         4  main.o(.text.render_screen)
    __arm_cp.2_15                            0x08004778   Number         4  main.o(.text.render_screen)
    __arm_cp.2_16                            0x0800477c   Number         4  main.o(.text.render_screen)
    __arm_cp.2_20                            0x08004ea0   Number         4  main.o(.text.render_screen)
    [Anonymous Symbol]                       0x08006698   Section        0  sht30.o(.text.sht30_init)
    [Anonymous Symbol]                       0x080066a0   Section        0  sht30.o(.text.sht30_read)
    [Anonymous Symbol]                       0x080068ec   Section        0  st7305.o(.text.st7305_draw_char)
    st7305_get_glyph.glyph_0                 0x080076b0   Number         0  st7305.o(.text.st7305_draw_char)
    st7305_get_glyph.glyph_9                 0x0800779c   Number         0  st7305.o(.text.st7305_draw_char)
    st7305_get_glyph.glyph_6                 0x080077a4   Number         0  st7305.o(.text.st7305_draw_char)
    st7305_get_glyph.glyph_dot               0x080077ac   Number         0  st7305.o(.text.st7305_draw_char)
    st7305_get_glyph.glyph_8                 0x080077b4   Number         0  st7305.o(.text.st7305_draw_char)
    st7305_get_glyph.glyph_1                 0x080077bc   Number         0  st7305.o(.text.st7305_draw_char)
    st7305_get_glyph.glyph_7                 0x080077c4   Number         0  st7305.o(.text.st7305_draw_char)
    st7305_get_glyph.glyph_dash              0x080077cc   Number         0  st7305.o(.text.st7305_draw_char)
    st7305_get_glyph.glyph_pct               0x080077d4   Number         0  st7305.o(.text.st7305_draw_char)
    st7305_get_glyph.glyph_2                 0x080077dc   Number         0  st7305.o(.text.st7305_draw_char)
    st7305_get_glyph.glyph_3                 0x080077e4   Number         0  st7305.o(.text.st7305_draw_char)
    st7305_get_glyph.glyph_colon             0x080077ec   Number         0  st7305.o(.text.st7305_draw_char)
    st7305_get_glyph.glyph_c                 0x080077f4   Number         0  st7305.o(.text.st7305_draw_char)
    st7305_get_glyph.glyph_5                 0x080077fc   Number         0  st7305.o(.text.st7305_draw_char)
    st7305_get_glyph.glyph_4                 0x08007804   Number         0  st7305.o(.text.st7305_draw_char)
    st7305_get_glyph.glyph_t                 0x0800780c   Number         0  st7305.o(.text.st7305_draw_char)
    st7305_get_glyph.glyph_h                 0x08007814   Number         0  st7305.o(.text.st7305_draw_char)
    [Anonymous Symbol]                       0x08007e10   Section        0  st7305.o(.text.st7305_draw_pixel)
    [Anonymous Symbol]                       0x08007e58   Section        0  st7305.o(.text.st7305_draw_string)
    [Anonymous Symbol]                       0x08007e9c   Section        0  st7305.o(.text.st7305_fill)
    [Anonymous Symbol]                       0x08007eb8   Section        0  st7305.o(.text.st7305_init)
    [Anonymous Symbol]                       0x08009060   Section        0  st7305.o(.text.st7305_refresh)
    i.__hardfp_logf                          0x08009208   Section        0  logf.o(i.__hardfp_logf)
    i.__mathlib_flt_divzero                  0x08009374   Section        0  funder.o(i.__mathlib_flt_divzero)
    i.__mathlib_flt_infnan                   0x08009388   Section        0  funder.o(i.__mathlib_flt_infnan)
    i.__mathlib_flt_invalid                  0x08009390   Section        0  funder.o(i.__mathlib_flt_invalid)
    i._is_digit                              0x080093a0   Section        0  __printf_wp.o(i._is_digit)
    $v0                                      0x080093ae   Number         0  fpinit.o(x$fpl$fpinit)
    x$fpl$fpinit                             0x080093ae   Section       26  fpinit.o(x$fpl$fpinit)
    maptable                                 0x080093c8   Data          17  __printf_flags_wp.o(.constdata)
    .constdata                               0x080093c8   Section       17  __printf_flags_wp.o(.constdata)
    x$fpl$usenofp                            0x080093c8   Section        0  usenofp.o(x$fpl$usenofp)
    logahi                                   0x080093dc   Data          32  logf.o(.constdata)
    .constdata                               0x080093dc   Section       64  logf.o(.constdata)
    logalo                                   0x080093fc   Data          32  logf.o(.constdata)
    .Lswitch.table.UART_SetConfig.3          0x08009464   Data          16  stm32l4xx_hal_uart.o(.rodata.cst16)
    main.ping                                0x08009474   Data           2  main.o(.rodata.main.ping)
    [Anonymous Symbol]                       0x08009474   Section        0  main.o(.rodata.main.ping)
    st7305_get_glyph.glyph_space             0x08009476   Data           5  st7305.o(.rodata.st7305_get_glyph.glyph_space)
    [Anonymous Symbol]                       0x08009476   Section        0  st7305.o(.rodata.st7305_get_glyph.glyph_space)
    .L.str.2                                 0x0800947b   Data           2  main.o(.rodata.str1.1)
    [Anonymous Symbol]                       0x0800947b   Section        0  main.o(.rodata.str1.1)
    .L.str.3                                 0x0800947c   Data           1  main.o(.rodata.str1.1)
    .L_MergedGlobals                         0x20000000   Data          12  main.o(.data..L_MergedGlobals)
    g_w_code                                 0x20000000   Data           1  main.o(.data..L_MergedGlobals)
    [Anonymous Symbol]                       0x20000000   Section        0  main.o(.data..L_MergedGlobals)
    g_date                                   0x20000001   Data          11  main.o(.data..L_MergedGlobals)
    .L_MergedGlobals                         0x2000000c   Data           8  stm32l4xx_hal.o(.data..L_MergedGlobals)
    [Anonymous Symbol]                       0x2000000c   Section        0  stm32l4xx_hal.o(.data..L_MergedGlobals)
    .bss                                     0x20000018   Section       96  libspace.o(.bss)
    .L_MergedGlobals.8                       0x20000078   Data          84  main.o(.bss..L_MergedGlobals.8)
    g_uart_rx_byte                           0x20000078   Data           1  main.o(.bss..L_MergedGlobals.8)
    [Anonymous Symbol]                       0x20000078   Section        0  main.o(.bss..L_MergedGlobals.8)
    g_w_temp_c                               0x20000079   Data           1  main.o(.bss..L_MergedGlobals.8)
    g_hh                                     0x2000007a   Data           1  main.o(.bss..L_MergedGlobals.8)
    g_mm                                     0x2000007b   Data           1  main.o(.bss..L_MergedGlobals.8)
    g_ss                                     0x2000007c   Data           1  main.o(.bss..L_MergedGlobals.8)
    g_wifi_up                                0x2000007d   Data           1  main.o(.bss..L_MergedGlobals.8)
    g_line_len                               0x2000007e   Data           1  main.o(.bss..L_MergedGlobals.8)
    g_time_synced                            0x2000007f   Data           1  main.o(.bss..L_MergedGlobals.8)
    g_esp_last_seen_ms                       0x20000080   Data           4  main.o(.bss..L_MergedGlobals.8)
    g_w_last_seen_ms                         0x20000084   Data           4  main.o(.bss..L_MergedGlobals.8)
    g_sht30                                  0x20000088   Data           8  main.o(.bss..L_MergedGlobals.8)
    g_lcd                                    0x20000090   Data          28  main.o(.bss..L_MergedGlobals.8)
    g_line_buf                               0x200000ac   Data          32  main.o(.bss..L_MergedGlobals.8)
    s_buffer                                 0x20000208   Data       15000  st7305.o(.bss.s_buffer)
    [Anonymous Symbol]                       0x20000208   Section        0  st7305.o(.bss.s_buffer)
    Heap_Mem                                 0x20003ca8   Data         512  startup_stm32l443xx.o(HEAP)
    HEAP                                     0x20003ca8   Section      512  startup_stm32l443xx.o(HEAP)
    Stack_Mem                                0x20003ea8   Data        1024  startup_stm32l443xx.o(STACK)
    STACK                                    0x20003ea8   Section     1024  startup_stm32l443xx.o(STACK)
    __initial_sp                             0x200042a8   Data           0  startup_stm32l443xx.o(STACK)

    Global Symbols

    Symbol Name                              Value     Ov Type        Size  Object(Section)

    BuildAttributes$$THM_ISAv4$E$P$D$K$B$S$7EM$VFPi3$EXTD16$VFPS$VFMA$PE$A:L22UL41UL21$X:L11$S22US41US21$IEEE1$IW$~IW$USESV6$~STKCKD$USESV7$~SHL$OTIME$ROPI$IEEEX$EBA8$UX$STANDARDLIB$REQ8$PRES8$EABIv2 0x00000000   Number         0  anon$$obj.o ABSOLUTE
    _printf_flags                            0x00000000   Number         0  printf_stubs.o ABSOLUTE
    _printf_return_value                     0x00000000   Number         0  printf_stubs.o ABSOLUTE
    _printf_sizespec                         0x00000000   Number         0  printf_stubs.o ABSOLUTE
    _printf_widthprec                        0x00000000   Number         0  printf_stubs.o ABSOLUTE
    __ARM_exceptions_init                     - Undefined Weak Reference
    __alloca_initialize                       - Undefined Weak Reference
    __arm_preinit_                            - Undefined Weak Reference
    __arm_relocate_pie_                       - Undefined Weak Reference
    __cpp_initialize__aeabi_                  - Undefined Weak Reference
    __cxa_finalize                            - Undefined Weak Reference
    __rt_locale                               - Undefined Weak Reference
    __sigvec_lookup                           - Undefined Weak Reference
    _atexit_init                              - Undefined Weak Reference
    _call_atexit_fns                          - Undefined Weak Reference
    _clock_init                               - Undefined Weak Reference
    _fp_trap_init                             - Undefined Weak Reference
    _fp_trap_shutdown                         - Undefined Weak Reference
    _get_lc_collate                           - Undefined Weak Reference
    _get_lc_ctype                             - Undefined Weak Reference
    _get_lc_monetary                          - Undefined Weak Reference
    _get_lc_numeric                           - Undefined Weak Reference
    _get_lc_time                              - Undefined Weak Reference
    _getenv_init                              - Undefined Weak Reference
    _handle_redirection                       - Undefined Weak Reference
    _init_alloc                               - Undefined Weak Reference
    _init_user_alloc                          - Undefined Weak Reference
    _initio                                   - Undefined Weak Reference
    _printf_mbtowc                            - Undefined Weak Reference
    _printf_truncate_signed                   - Undefined Weak Reference
    _printf_truncate_unsigned                 - Undefined Weak Reference
    _rand_init                                - Undefined Weak Reference
    _signal_finish                            - Undefined Weak Reference
    _signal_init                              - Undefined Weak Reference
    _terminate_alloc                          - Undefined Weak Reference
    _terminate_user_alloc                     - Undefined Weak Reference
    _terminateio                              - Undefined Weak Reference
    __Vectors_Size                           0x0000018c   Number         0  startup_stm32l443xx.o ABSOLUTE
    __Vectors                                0x08000000   Data           4  startup_stm32l443xx.o(RESET)
    __Vectors_End                            0x0800018c   Data           0  startup_stm32l443xx.o(RESET)
    __main                                   0x0800018d   Thumb Code     8  __main.o(!!!main)
    __scatterload                            0x08000195   Thumb Code     0  __scatter.o(!!!scatter)
    __scatterload_rt2                        0x08000195   Thumb Code    84  __scatter.o(!!!scatter)
    __scatterload_rt2_thumb_only             0x08000195   Thumb Code     0  __scatter.o(!!!scatter)
    __scatterload_loop                       0x0800019f   Thumb Code     0  __scatter.o(!!!scatter)
    __scatterload_copy                       0x080001f1   Thumb Code    26  __scatter_copy.o(!!handler_copy)
    __scatterload_null                       0x0800020d   Thumb Code     2  __scatter.o(!!handler_null)
    __scatterload_zeroinit                   0x08000211   Thumb Code    28  __scatter_zi.o(!!handler_zi)
    _printf_d                                0x0800022d   Thumb Code     0  _printf_d.o(.ARM.Collect$$_printf_percent$$00000009)
    _printf_percent                          0x0800022d   Thumb Code     0  _printf_percent.o(.ARM.Collect$$_printf_percent$$00000000)
    _printf_s                                0x08000233   Thumb Code     0  _printf_s.o(.ARM.Collect$$_printf_percent$$00000014)
    _printf_percent_end                      0x08000239   Thumb Code     0  _printf_percent_end.o(.ARM.Collect$$_printf_percent$$00000017)
    __rt_lib_init                            0x0800023d   Thumb Code     0  libinit.o(.ARM.Collect$$libinit$$00000000)
    __rt_lib_init_fp_1                       0x0800023f   Thumb Code     0  libinit2.o(.ARM.Collect$$libinit$$00000001)
    __rt_lib_init_alloca_1                   0x08000243   Thumb Code     0  libinit2.o(.ARM.Collect$$libinit$$00000030)
    __rt_lib_init_argv_1                     0x08000243   Thumb Code     0  libinit2.o(.ARM.Collect$$libinit$$0000002E)
    __rt_lib_init_atexit_1                   0x08000243   Thumb Code     0  libinit2.o(.ARM.Collect$$libinit$$0000001D)
    __rt_lib_init_clock_1                    0x08000243   Thumb Code     0  libinit2.o(.ARM.Collect$$libinit$$00000023)
    __rt_lib_init_cpp_1                      0x08000243   Thumb Code     0  libinit2.o(.ARM.Collect$$libinit$$00000034)
    __rt_lib_init_exceptions_1               0x08000243   Thumb Code     0  libinit2.o(.ARM.Collect$$libinit$$00000032)
    __rt_lib_init_fp_trap_1                  0x08000243   Thumb Code     0  libinit2.o(.ARM.Collect$$libinit$$00000021)
    __rt_lib_init_getenv_1                   0x08000243   Thumb Code     0  libinit2.o(.ARM.Collect$$libinit$$00000025)
    __rt_lib_init_heap_1                     0x08000243   Thumb Code     0  libinit2.o(.ARM.Collect$$libinit$$0000000C)
    __rt_lib_init_lc_collate_1               0x08000243   Thumb Code     0  libinit2.o(.ARM.Collect$$libinit$$00000013)
    __rt_lib_init_lc_ctype_1                 0x08000243   Thumb Code     0  libinit2.o(.ARM.Collect$$libinit$$00000015)
    __rt_lib_init_lc_monetary_1              0x08000243   Thumb Code     0  libinit2.o(.ARM.Collect$$libinit$$00000017)
    __rt_lib_init_lc_numeric_1               0x08000243   Thumb Code     0  libinit2.o(.ARM.Collect$$libinit$$00000019)
    __rt_lib_init_lc_time_1                  0x08000243   Thumb Code     0  libinit2.o(.ARM.Collect$$libinit$$0000001B)
    __rt_lib_init_preinit_1                  0x08000243   Thumb Code     0  libinit2.o(.ARM.Collect$$libinit$$00000006)
    __rt_lib_init_rand_1                     0x08000243   Thumb Code     0  libinit2.o(.ARM.Collect$$libinit$$00000010)
    __rt_lib_init_relocate_pie_1             0x08000243   Thumb Code     0  libinit2.o(.ARM.Collect$$libinit$$00000004)
    __rt_lib_init_return                     0x08000243   Thumb Code     0  libinit2.o(.ARM.Collect$$libinit$$00000035)
    __rt_lib_init_signal_1                   0x08000243   Thumb Code     0  libinit2.o(.ARM.Collect$$libinit$$0000001F)
    __rt_lib_init_stdio_1                    0x08000243   Thumb Code     0  libinit2.o(.ARM.Collect$$libinit$$00000027)
    __rt_lib_init_user_alloc_1               0x08000243   Thumb Code     0  libinit2.o(.ARM.Collect$$libinit$$0000000E)
    __rt_lib_shutdown                        0x08000245   Thumb Code     0  libshutdown.o(.ARM.Collect$$libshutdown$$00000000)
    __rt_lib_shutdown_cpp_1                  0x08000247   Thumb Code     0  libshutdown2.o(.ARM.Collect$$libshutdown$$00000002)
    __rt_lib_shutdown_fp_trap_1              0x08000247   Thumb Code     0  libshutdown2.o(.ARM.Collect$$libshutdown$$00000007)
    __rt_lib_shutdown_heap_1                 0x08000247   Thumb Code     0  libshutdown2.o(.ARM.Collect$$libshutdown$$0000000F)
    __rt_lib_shutdown_return                 0x08000247   Thumb Code     0  libshutdown2.o(.ARM.Collect$$libshutdown$$00000010)
    __rt_lib_shutdown_signal_1               0x08000247   Thumb Code     0  libshutdown2.o(.ARM.Collect$$libshutdown$$0000000A)
    __rt_lib_shutdown_stdio_1                0x08000247   Thumb Code     0  libshutdown2.o(.ARM.Collect$$libshutdown$$00000004)
    __rt_lib_shutdown_user_alloc_1           0x08000247   Thumb Code     0  libshutdown2.o(.ARM.Collect$$libshutdown$$0000000C)
    __rt_entry                               0x08000249   Thumb Code     0  __rtentry.o(.ARM.Collect$$rtentry$$00000000)
    __rt_entry_presh_1                       0x08000249   Thumb Code     0  __rtentry2.o(.ARM.Collect$$rtentry$$00000002)
    __rt_entry_sh                            0x08000249   Thumb Code     0  __rtentry4.o(.ARM.Collect$$rtentry$$00000004)
    __rt_entry_li                            0x0800024f   Thumb Code     0  __rtentry2.o(.ARM.Collect$$rtentry$$0000000A)
    __rt_entry_postsh_1                      0x0800024f   Thumb Code     0  __rtentry2.o(.ARM.Collect$$rtentry$$00000009)
    __rt_entry_main                          0x08000253   Thumb Code     0  __rtentry2.o(.ARM.Collect$$rtentry$$0000000D)
    __rt_entry_postli_1                      0x08000253   Thumb Code     0  __rtentry2.o(.ARM.Collect$$rtentry$$0000000C)
    __rt_exit                                0x0800025b   Thumb Code     0  rtexit.o(.ARM.Collect$$rtexit$$00000000)
    __rt_exit_ls                             0x0800025d   Thumb Code     0  rtexit2.o(.ARM.Collect$$rtexit$$00000003)
    __rt_exit_prels_1                        0x0800025d   Thumb Code     0  rtexit2.o(.ARM.Collect$$rtexit$$00000002)
    __rt_exit_exit                           0x08000261   Thumb Code     0  rtexit2.o(.ARM.Collect$$rtexit$$00000004)
    Reset_Handler                            0x08000269   Thumb Code     8  startup_stm32l443xx.o(.text)
    ADC1_IRQHandler                          0x08000283   Thumb Code     0  startup_stm32l443xx.o(.text)
    AES_IRQHandler                           0x08000283   Thumb Code     0  startup_stm32l443xx.o(.text)
    CAN1_RX0_IRQHandler                      0x08000283   Thumb Code     0  startup_stm32l443xx.o(.text)
    CAN1_RX1_IRQHandler                      0x08000283   Thumb Code     0  startup_stm32l443xx.o(.text)
    CAN1_SCE_IRQHandler                      0x08000283   Thumb Code     0  startup_stm32l443xx.o(.text)
    CAN1_TX_IRQHandler                       0x08000283   Thumb Code     0  startup_stm32l443xx.o(.text)
    COMP_IRQHandler                          0x08000283   Thumb Code     0  startup_stm32l443xx.o(.text)
    CRS_IRQHandler                           0x08000283   Thumb Code     0  startup_stm32l443xx.o(.text)
    DMA1_Channel1_IRQHandler                 0x08000283   Thumb Code     0  startup_stm32l443xx.o(.text)
    DMA1_Channel2_IRQHandler                 0x08000283   Thumb Code     0  startup_stm32l443xx.o(.text)
    DMA1_Channel3_IRQHandler                 0x08000283   Thumb Code     0  startup_stm32l443xx.o(.text)
    DMA1_Channel4_IRQHandler                 0x08000283   Thumb Code     0  startup_stm32l443xx.o(.text)
    DMA1_Channel5_IRQHandler                 0x08000283   Thumb Code     0  startup_stm32l443xx.o(.text)
    DMA1_Channel6_IRQHandler                 0x08000283   Thumb Code     0  startup_stm32l443xx.o(.text)
    DMA1_Channel7_IRQHandler                 0x08000283   Thumb Code     0  startup_stm32l443xx.o(.text)
    DMA2_Channel1_IRQHandler                 0x08000283   Thumb Code     0  startup_stm32l443xx.o(.text)
    DMA2_Channel2_IRQHandler                 0x08000283   Thumb Code     0  startup_stm32l443xx.o(.text)
    DMA2_Channel3_IRQHandler                 0x08000283   Thumb Code     0  startup_stm32l443xx.o(.text)
    DMA2_Channel4_IRQHandler                 0x08000283   Thumb Code     0  startup_stm32l443xx.o(.text)
    DMA2_Channel5_IRQHandler                 0x08000283   Thumb Code     0  startup_stm32l443xx.o(.text)
    DMA2_Channel6_IRQHandler                 0x08000283   Thumb Code     0  startup_stm32l443xx.o(.text)
    DMA2_Channel7_IRQHandler                 0x08000283   Thumb Code     0  startup_stm32l443xx.o(.text)
    EXTI0_IRQHandler                         0x08000283   Thumb Code     0  startup_stm32l443xx.o(.text)
    EXTI15_10_IRQHandler                     0x08000283   Thumb Code     0  startup_stm32l443xx.o(.text)
    EXTI1_IRQHandler                         0x08000283   Thumb Code     0  startup_stm32l443xx.o(.text)
    EXTI2_IRQHandler                         0x08000283   Thumb Code     0  startup_stm32l443xx.o(.text)
    EXTI3_IRQHandler                         0x08000283   Thumb Code     0  startup_stm32l443xx.o(.text)
    EXTI4_IRQHandler                         0x08000283   Thumb Code     0  startup_stm32l443xx.o(.text)
    EXTI9_5_IRQHandler                       0x08000283   Thumb Code     0  startup_stm32l443xx.o(.text)
    FLASH_IRQHandler                         0x08000283   Thumb Code     0  startup_stm32l443xx.o(.text)
    FPU_IRQHandler                           0x08000283   Thumb Code     0  startup_stm32l443xx.o(.text)
    I2C1_ER_IRQHandler                       0x08000283   Thumb Code     0  startup_stm32l443xx.o(.text)
    I2C1_EV_IRQHandler                       0x08000283   Thumb Code     0  startup_stm32l443xx.o(.text)
    I2C2_ER_IRQHandler                       0x08000283   Thumb Code     0  startup_stm32l443xx.o(.text)
    I2C2_EV_IRQHandler                       0x08000283   Thumb Code     0  startup_stm32l443xx.o(.text)
    I2C3_ER_IRQHandler                       0x08000283   Thumb Code     0  startup_stm32l443xx.o(.text)
    I2C3_EV_IRQHandler                       0x08000283   Thumb Code     0  startup_stm32l443xx.o(.text)
    LCD_IRQHandler                           0x08000283   Thumb Code     0  startup_stm32l443xx.o(.text)
    LPTIM1_IRQHandler                        0x08000283   Thumb Code     0  startup_stm32l443xx.o(.text)
    LPTIM2_IRQHandler                        0x08000283   Thumb Code     0  startup_stm32l443xx.o(.text)
    LPUART1_IRQHandler                       0x08000283   Thumb Code     0  startup_stm32l443xx.o(.text)
    PVD_PVM_IRQHandler                       0x08000283   Thumb Code     0  startup_stm32l443xx.o(.text)
    QUADSPI_IRQHandler                       0x08000283   Thumb Code     0  startup_stm32l443xx.o(.text)
    RCC_IRQHandler                           0x08000283   Thumb Code     0  startup_stm32l443xx.o(.text)
    RNG_IRQHandler                           0x08000283   Thumb Code     0  startup_stm32l443xx.o(.text)
    RTC_Alarm_IRQHandler                     0x08000283   Thumb Code     0  startup_stm32l443xx.o(.text)
    RTC_WKUP_IRQHandler                      0x08000283   Thumb Code     0  startup_stm32l443xx.o(.text)
    SAI1_IRQHandler                          0x08000283   Thumb Code     0  startup_stm32l443xx.o(.text)
    SDMMC1_IRQHandler                        0x08000283   Thumb Code     0  startup_stm32l443xx.o(.text)
    SPI1_IRQHandler                          0x08000283   Thumb Code     0  startup_stm32l443xx.o(.text)
    SPI2_IRQHandler                          0x08000283   Thumb Code     0  startup_stm32l443xx.o(.text)
    SPI3_IRQHandler                          0x08000283   Thumb Code     0  startup_stm32l443xx.o(.text)
    SWPMI1_IRQHandler                        0x08000283   Thumb Code     0  startup_stm32l443xx.o(.text)
    TAMP_STAMP_IRQHandler                    0x08000283   Thumb Code     0  startup_stm32l443xx.o(.text)
    TIM1_BRK_TIM15_IRQHandler                0x08000283   Thumb Code     0  startup_stm32l443xx.o(.text)
    TIM1_CC_IRQHandler                       0x08000283   Thumb Code     0  startup_stm32l443xx.o(.text)
    TIM1_TRG_COM_IRQHandler                  0x08000283   Thumb Code     0  startup_stm32l443xx.o(.text)
    TIM1_UP_TIM16_IRQHandler                 0x08000283   Thumb Code     0  startup_stm32l443xx.o(.text)
    TIM2_IRQHandler                          0x08000283   Thumb Code     0  startup_stm32l443xx.o(.text)
    TIM6_DAC_IRQHandler                      0x08000283   Thumb Code     0  startup_stm32l443xx.o(.text)
    TIM7_IRQHandler                          0x08000283   Thumb Code     0  startup_stm32l443xx.o(.text)
    TSC_IRQHandler                           0x08000283   Thumb Code     0  startup_stm32l443xx.o(.text)
    USART1_IRQHandler                        0x08000283   Thumb Code     0  startup_stm32l443xx.o(.text)
    USART3_IRQHandler                        0x08000283   Thumb Code     0  startup_stm32l443xx.o(.text)
    USB_IRQHandler                           0x08000283   Thumb Code     0  startup_stm32l443xx.o(.text)
    WWDG_IRQHandler                          0x08000283   Thumb Code     0  startup_stm32l443xx.o(.text)
    __user_initial_stackheap                 0x08000285   Thumb Code     0  startup_stm32l443xx.o(.text)
    __aeabi_uldivmod                         0x080002a9   Thumb Code     0  lludivv7m.o(.text)
    _ll_udiv                                 0x080002a9   Thumb Code   240  lludivv7m.o(.text)
    __2snprintf                              0x08000399   Thumb Code    58  noretval__2snprintf.o(.text)
    _printf_pre_padding                      0x080003d9   Thumb Code    44  _printf_pad.o(.text)
    _printf_post_padding                     0x08000405   Thumb Code    34  _printf_pad.o(.text)
    _printf_str                              0x08000427   Thumb Code    82  _printf_str.o(.text)
    _printf_int_dec                          0x08000479   Thumb Code   104  _printf_dec.o(.text)
    __printf                                 0x080004f1   Thumb Code   308  __printf_flags_wp.o(.text)
    strlen                                   0x0800062f   Thumb Code    62  strlen.o(.text)
    __aeabi_memset4                          0x0800066d   Thumb Code    16  aeabi_memset4.o(.text)
    __aeabi_memset8                          0x0800066d   Thumb Code     0  aeabi_memset4.o(.text)
    __aeabi_memclr4                          0x0800067d   Thumb Code     0  rt_memclr_w.o(.text)
    __aeabi_memclr8                          0x0800067d   Thumb Code     0  rt_memclr_w.o(.text)
    __rt_memclr_w                            0x0800067d   Thumb Code     0  rt_memclr_w.o(.text)
    _memset_w                                0x08000681   Thumb Code    74  rt_memclr_w.o(.text)
    __use_two_region_memory                  0x080006cb   Thumb Code     2  heapauxi.o(.text)
    __rt_heap_escrow$2region                 0x080006cd   Thumb Code     2  heapauxi.o(.text)
    __rt_heap_expand$2region                 0x080006cf   Thumb Code     2  heapauxi.o(.text)
    __read_errno                             0x080006d1   Thumb Code    10  _rserrno.o(.text)
    __set_errno                              0x080006db   Thumb Code    12  _rserrno.o(.text)
    _printf_int_common                       0x080006e7   Thumb Code   178  _printf_intcommon.o(.text)
    _printf_char_common                      0x080007a3   Thumb Code    32  _printf_char_common.o(.text)
    _snputc                                  0x080007c9   Thumb Code    16  _snputc.o(.text)
    _printf_cs_common                        0x080007d9   Thumb Code    20  _printf_char.o(.text)
    _printf_char                             0x080007ed   Thumb Code    16  _printf_char.o(.text)
    _printf_string                           0x080007fd   Thumb Code     8  _printf_char.o(.text)
    __aeabi_errno_addr                       0x08000805   Thumb Code     8  rt_errno_addr_intlibspace.o(.text)
    __errno$intlibspace                      0x08000805   Thumb Code     0  rt_errno_addr_intlibspace.o(.text)
    __rt_errno_addr$intlibspace              0x08000805   Thumb Code     0  rt_errno_addr_intlibspace.o(.text)
    __user_libspace                          0x0800080d   Thumb Code     8  libspace.o(.text)
    __user_perproc_libspace                  0x0800080d   Thumb Code     0  libspace.o(.text)
    __user_perthread_libspace                0x0800080d   Thumb Code     0  libspace.o(.text)
    __user_setup_stackheap                   0x08000815   Thumb Code    74  sys_stackheap_outer.o(.text)
    exit                                     0x0800085f   Thumb Code    18  exit.o(.text)
    _sys_exit                                0x08000871   Thumb Code     8  sys_exit.o(.text)
    __I$use$semihosting                      0x0800087d   Thumb Code     0  use_no_semi.o(.text)
    __use_no_semihosting_swi                 0x0800087d   Thumb Code     2  use_no_semi.o(.text)
    __semihosting_library_function           0x0800087f   Thumb Code     0  indicate_semi.o(.text)
    BusFault_Handler                         0x08000881   Thumb Code     2  stm32l4xx_it.o(.text.BusFault_Handler)
    DebugMon_Handler                         0x08000885   Thumb Code     2  stm32l4xx_it.o(.text.DebugMon_Handler)
    HAL_DMA_Abort                            0x08000889   Thumb Code    74  stm32l4xx_hal_dma.o(.text.HAL_DMA_Abort)
    HAL_DMA_Abort_IT                         0x080008d5   Thumb Code    84  stm32l4xx_hal_dma.o(.text.HAL_DMA_Abort_IT)
    HAL_Delay                                0x08000929   Thumb Code    40  stm32l4xx_hal.o(.text.HAL_Delay)
    HAL_GPIO_Init                            0x08000951   Thumb Code   434  stm32l4xx_hal_gpio.o(.text.HAL_GPIO_Init)
    HAL_GPIO_WritePin                        0x08000b09   Thumb Code    12  stm32l4xx_hal_gpio.o(.text.HAL_GPIO_WritePin)
    HAL_GetTick                              0x08000b15   Thumb Code    12  stm32l4xx_hal.o(.text.HAL_GetTick)
    HAL_I2CEx_ConfigAnalogFilter             0x08000b21   Thumb Code    74  stm32l4xx_hal_i2c_ex.o(.text.HAL_I2CEx_ConfigAnalogFilter)
    HAL_I2CEx_ConfigDigitalFilter            0x08000b6d   Thumb Code    72  stm32l4xx_hal_i2c_ex.o(.text.HAL_I2CEx_ConfigDigitalFilter)
    HAL_I2C_Init                             0x08000bb5   Thumb Code   164  stm32l4xx_hal_i2c.o(.text.HAL_I2C_Init)
    HAL_I2C_Master_Receive                   0x08000c59   Thumb Code   500  stm32l4xx_hal_i2c.o(.text.HAL_I2C_Master_Receive)
    HAL_I2C_Master_Transmit                  0x08000e55   Thumb Code   496  stm32l4xx_hal_i2c.o(.text.HAL_I2C_Master_Transmit)
    HAL_I2C_MspInit                          0x0800104d   Thumb Code   118  stm32l4xx_hal_msp.o(.text.HAL_I2C_MspInit)
    HAL_IncTick                              0x080010c5   Thumb Code    26  stm32l4xx_hal.o(.text.HAL_IncTick)
    HAL_Init                                 0x080010e1   Thumb Code    30  stm32l4xx_hal.o(.text.HAL_Init)
    HAL_InitTick                             0x08001101   Thumb Code    80  stm32l4xx_hal.o(.text.HAL_InitTick)
    HAL_MspInit                              0x08001151   Thumb Code    50  stm32l4xx_hal_msp.o(.text.HAL_MspInit)
    HAL_NVIC_EnableIRQ                       0x08001185   Thumb Code    34  stm32l4xx_hal_cortex.o(.text.HAL_NVIC_EnableIRQ)
    HAL_NVIC_SetPriority                     0x080011a9   Thumb Code    86  stm32l4xx_hal_cortex.o(.text.HAL_NVIC_SetPriority)
    HAL_NVIC_SetPriorityGrouping             0x08001201   Thumb Code    32  stm32l4xx_hal_cortex.o(.text.HAL_NVIC_SetPriorityGrouping)
    HAL_PWREx_ControlVoltageScaling          0x08001221   Thumb Code   140  stm32l4xx_hal_pwr_ex.o(.text.HAL_PWREx_ControlVoltageScaling)
    HAL_PWREx_GetVoltageRange                0x080012ad   Thumb Code    16  stm32l4xx_hal_pwr_ex.o(.text.HAL_PWREx_GetVoltageRange)
    HAL_PWR_EnableBkUpAccess                 0x080012bd   Thumb Code    18  stm32l4xx_hal_pwr.o(.text.HAL_PWR_EnableBkUpAccess)
    HAL_RCCEx_EnableMSIPLLMode               0x080012d1   Thumb Code    18  stm32l4xx_hal_rcc_ex.o(.text.HAL_RCCEx_EnableMSIPLLMode)
    HAL_RCC_ClockConfig                      0x080012e5   Thumb Code   574  stm32l4xx_hal_rcc.o(.text.HAL_RCC_ClockConfig)
    HAL_RCC_GetPCLK1Freq                     0x08001525   Thumb Code    42  stm32l4xx_hal_rcc.o(.text.HAL_RCC_GetPCLK1Freq)
    HAL_RCC_GetPCLK2Freq                     0x08001551   Thumb Code    42  stm32l4xx_hal_rcc.o(.text.HAL_RCC_GetPCLK2Freq)
    HAL_RCC_GetSysClockFreq                  0x0800157d   Thumb Code   198  stm32l4xx_hal_rcc.o(.text.HAL_RCC_GetSysClockFreq)
    HAL_RCC_OscConfig                        0x08001645   Thumb Code  2036  stm32l4xx_hal_rcc.o(.text.HAL_RCC_OscConfig)
    HAL_SPI_Init                             0x08001e39   Thumb Code   220  stm32l4xx_hal_spi.o(.text.HAL_SPI_Init)
    HAL_SPI_MspInit                          0x08001f15   Thumb Code   112  stm32l4xx_hal_msp.o(.text.HAL_SPI_MspInit)
    HAL_SPI_Transmit                         0x08001f85   Thumb Code   578  stm32l4xx_hal_spi.o(.text.HAL_SPI_Transmit)
    HAL_SYSTICK_Config                       0x080021c9   Thumb Code    44  stm32l4xx_hal_cortex.o(.text.HAL_SYSTICK_Config)
    HAL_UARTEx_RxEventCallback               0x080021f5   Thumb Code     2  stm32l4xx_hal_uart.o(.text.HAL_UARTEx_RxEventCallback)
    HAL_UARTEx_WakeupCallback                0x080021f9   Thumb Code     2  stm32l4xx_hal_uart_ex.o(.text.HAL_UARTEx_WakeupCallback)
    HAL_UART_ErrorCallback                   0x080021fd   Thumb Code     2  stm32l4xx_hal_uart.o(.text.HAL_UART_ErrorCallback)
    HAL_UART_IRQHandler                      0x08002201   Thumb Code  1480  stm32l4xx_hal_uart.o(.text.HAL_UART_IRQHandler)
    HAL_UART_Init                            0x080027c9   Thumb Code   206  stm32l4xx_hal_uart.o(.text.HAL_UART_Init)
    HAL_UART_MspInit                         0x08002899   Thumb Code   130  stm32l4xx_hal_msp.o(.text.HAL_UART_MspInit)
    HAL_UART_Receive_IT                      0x0800291d   Thumb Code   182  stm32l4xx_hal_uart.o(.text.HAL_UART_Receive_IT)
    HAL_UART_RxCpltCallback                  0x080029d5   Thumb Code   634  main.o(.text.HAL_UART_RxCpltCallback)
    HAL_UART_Transmit                        0x08002c51   Thumb Code   208  stm32l4xx_hal_uart.o(.text.HAL_UART_Transmit)
    HAL_UART_TxCpltCallback                  0x08002d21   Thumb Code     2  stm32l4xx_hal_uart.o(.text.HAL_UART_TxCpltCallback)
    HardFault_Handler                        0x08002d25   Thumb Code     2  stm32l4xx_it.o(.text.HardFault_Handler)
    MemManage_Handler                        0x08002fc5   Thumb Code     2  stm32l4xx_it.o(.text.MemManage_Handler)
    NMI_Handler                              0x08002fc9   Thumb Code     2  stm32l4xx_it.o(.text.NMI_Handler)
    PendSV_Handler                           0x08002fcd   Thumb Code     2  stm32l4xx_it.o(.text.PendSV_Handler)
    SVC_Handler                              0x08003221   Thumb Code     2  stm32l4xx_it.o(.text.SVC_Handler)
    SysTick_Handler                          0x08003225   Thumb Code     4  stm32l4xx_it.o(.text.SysTick_Handler)
    SystemClock_Config                       0x08003229   Thumb Code   164  main.o(.text.SystemClock_Config)
    SystemInit                               0x080032cd   Thumb Code    18  system_stm32l4xx.o(.text.SystemInit)
    UART_AdvFeatureConfig                    0x080032e1   Thumb Code   230  stm32l4xx_hal_uart.o(.text.UART_AdvFeatureConfig)
    UART_SetConfig                           0x08003669   Thumb Code   524  stm32l4xx_hal_uart.o(.text.UART_SetConfig)
    UART_Start_Receive_IT                    0x08003885   Thumb Code   374  stm32l4xx_hal_uart.o(.text.UART_Start_Receive_IT)
    UART_WaitOnFlagUntilTimeout              0x080039fd   Thumb Code   516  stm32l4xx_hal_uart.o(.text.UART_WaitOnFlagUntilTimeout)
    USART2_IRQHandler                        0x08003c01   Thumb Code    12  stm32l4xx_it.o(.text.USART2_IRQHandler)
    UsageFault_Handler                       0x08003c0d   Thumb Code     2  stm32l4xx_it.o(.text.UsageFault_Handler)
    main                                     0x08004351   Thumb Code   838  main.o(.text.main)
    sht30_init                               0x08006699   Thumb Code     8  sht30.o(.text.sht30_init)
    sht30_read                               0x080066a1   Thumb Code   586  sht30.o(.text.sht30_read)
    st7305_draw_char                         0x080068ed   Thumb Code  5406  st7305.o(.text.st7305_draw_char)
    st7305_draw_pixel                        0x08007e11   Thumb Code    72  st7305.o(.text.st7305_draw_pixel)
    st7305_draw_string                       0x08007e59   Thumb Code    66  st7305.o(.text.st7305_draw_string)
    st7305_fill                              0x08007e9d   Thumb Code    28  st7305.o(.text.st7305_fill)
    st7305_init                              0x08007eb9   Thumb Code  4514  st7305.o(.text.st7305_init)
    st7305_refresh                           0x08009061   Thumb Code   422  st7305.o(.text.st7305_refresh)
    __hardfp_logf                            0x08009209   Thumb Code   320  logf.o(i.__hardfp_logf)
    __mathlib_logf                           0x08009209   Thumb Code     0  logf.o(i.__hardfp_logf)
    __mathlib_flt_divzero                    0x08009375   Thumb Code    14  funder.o(i.__mathlib_flt_divzero)
    __mathlib_flt_infnan                     0x08009389   Thumb Code     6  funder.o(i.__mathlib_flt_infnan)
    __mathlib_flt_invalid                    0x08009391   Thumb Code    10  funder.o(i.__mathlib_flt_invalid)
    _is_digit                                0x080093a1   Thumb Code    14  __printf_wp.o(i._is_digit)
    _fp_init                                 0x080093af   Thumb Code    26  fpinit.o(x$fpl$fpinit)
    __fplib_config_fpu_vfp                   0x080093c7   Thumb Code     0  fpinit.o(x$fpl$fpinit)
    __fplib_config_pureend_doubles           0x080093c7   Thumb Code     0  fpinit.o(x$fpl$fpinit)
    __I$use$fp                               0x080093c8   Number         0  usenofp.o(x$fpl$usenofp)
    AHBPrescTable                            0x0800941c   Data          16  system_stm32l4xx.o(.rodata.AHBPrescTable)
    APBPrescTable                            0x0800942c   Data           8  system_stm32l4xx.o(.rodata.APBPrescTable)
    MSIRangeTable                            0x08009434   Data          48  system_stm32l4xx.o(.rodata.MSIRangeTable)
    Region$$Table$$Base                      0x08009480   Number         0  anon$$obj.o(Region$$Table)
    Region$$Table$$Limit                     0x080094a0   Number         0  anon$$obj.o(Region$$Table)
    uwTickFreq                               0x2000000c   Data           1  stm32l4xx_hal.o(.data..L_MergedGlobals)
    uwTickPrio                               0x20000010   Data           4  stm32l4xx_hal.o(.data..L_MergedGlobals)
    SystemCoreClock                          0x20000014   Data           4  system_stm32l4xx.o(.data.SystemCoreClock)
    __libspace_start                         0x20000018   Data          96  libspace.o(.bss)
    __temporary_stack_top$libspace           0x20000078   Data           0  libspace.o(.bss)
    hi2c1                                    0x200000cc   Data          84  main.o(.bss.hi2c1)
    hspi1                                    0x20000120   Data         100  main.o(.bss.hspi1)
    huart2                                   0x20000184   Data         132  main.o(.bss.huart2)
    uwTick                                   0x20003ca0   Data           4  stm32l4xx_hal.o(.bss.uwTick)



==============================================================================

Memory Map of the image

  Image Entry point : 0x0800018d

  Load Region LR_IROM1 (Base: 0x08000000, Size: 0x000094b8, Max: 0x00040000, ABSOLUTE)

    Execution Region ER_IROM1 (Exec base: 0x08000000, Load base: 0x08000000, Size: 0x000094a0, Max: 0x00040000, ABSOLUTE)

    Exec Addr    Load Addr    Size         Type   Attr      Idx    E Section Name        Object

    0x08000000   0x08000000   0x0000018c   Data   RO            3    RESET               startup_stm32l443xx.o
    0x0800018c   0x0800018c   0x00000008   Code   RO         1133  * !!!main             c_w.l(__main.o)
    0x08000194   0x08000194   0x0000005c   Code   RO         1348    !!!scatter          c_w.l(__scatter.o)
    0x080001f0   0x080001f0   0x0000001a   Code   RO         1352    !!handler_copy      c_w.l(__scatter_copy.o)
    0x0800020a   0x0800020a   0x00000002   PAD
    0x0800020c   0x0800020c   0x00000002   Code   RO         1349    !!handler_null      c_w.l(__scatter.o)
    0x0800020e   0x0800020e   0x00000002   PAD
    0x08000210   0x08000210   0x0000001c   Code   RO         1354    !!handler_zi        c_w.l(__scatter_zi.o)
    0x0800022c   0x0800022c   0x00000000   Code   RO         1124    .ARM.Collect$$_printf_percent$$00000000  c_w.l(_printf_percent.o)
    0x0800022c   0x0800022c   0x00000006   Code   RO         1123    .ARM.Collect$$_printf_percent$$00000009  c_w.l(_printf_d.o)
    0x08000232   0x08000232   0x00000006   Code   RO         1122    .ARM.Collect$$_printf_percent$$00000014  c_w.l(_printf_s.o)
    0x08000238   0x08000238   0x00000004   Code   RO         1157    .ARM.Collect$$_printf_percent$$00000017  c_w.l(_printf_percent_end.o)
    0x0800023c   0x0800023c   0x00000002   Code   RO         1213    .ARM.Collect$$libinit$$00000000  c_w.l(libinit.o)
    0x0800023e   0x0800023e   0x00000004   Code   RO         1222    .ARM.Collect$$libinit$$00000001  c_w.l(libinit2.o)
    0x08000242   0x08000242   0x00000000   Code   RO         1225    .ARM.Collect$$libinit$$00000004  c_w.l(libinit2.o)
    0x08000242   0x08000242   0x00000000   Code   RO         1227    .ARM.Collect$$libinit$$00000006  c_w.l(libinit2.o)
    0x08000242   0x08000242   0x00000000   Code   RO         1230    .ARM.Collect$$libinit$$0000000C  c_w.l(libinit2.o)
    0x08000242   0x08000242   0x00000000   Code   RO         1232    .ARM.Collect$$libinit$$0000000E  c_w.l(libinit2.o)
    0x08000242   0x08000242   0x00000000   Code   RO         1234    .ARM.Collect$$libinit$$00000010  c_w.l(libinit2.o)
    0x08000242   0x08000242   0x00000000   Code   RO         1237    .ARM.Collect$$libinit$$00000013  c_w.l(libinit2.o)
    0x08000242   0x08000242   0x00000000   Code   RO         1239    .ARM.Collect$$libinit$$00000015  c_w.l(libinit2.o)
    0x08000242   0x08000242   0x00000000   Code   RO         1241    .ARM.Collect$$libinit$$00000017  c_w.l(libinit2.o)
    0x08000242   0x08000242   0x00000000   Code   RO         1243    .ARM.Collect$$libinit$$00000019  c_w.l(libinit2.o)
    0x08000242   0x08000242   0x00000000   Code   RO         1245    .ARM.Collect$$libinit$$0000001B  c_w.l(libinit2.o)
    0x08000242   0x08000242   0x00000000   Code   RO         1247    .ARM.Collect$$libinit$$0000001D  c_w.l(libinit2.o)
    0x08000242   0x08000242   0x00000000   Code   RO         1249    .ARM.Collect$$libinit$$0000001F  c_w.l(libinit2.o)
    0x08000242   0x08000242   0x00000000   Code   RO         1251    .ARM.Collect$$libinit$$00000021  c_w.l(libinit2.o)
    0x08000242   0x08000242   0x00000000   Code   RO         1253    .ARM.Collect$$libinit$$00000023  c_w.l(libinit2.o)
    0x08000242   0x08000242   0x00000000   Code   RO         1255    .ARM.Collect$$libinit$$00000025  c_w.l(libinit2.o)
    0x08000242   0x08000242   0x00000000   Code   RO         1257    .ARM.Collect$$libinit$$00000027  c_w.l(libinit2.o)
    0x08000242   0x08000242   0x00000000   Code   RO         1261    .ARM.Collect$$libinit$$0000002E  c_w.l(libinit2.o)
    0x08000242   0x08000242   0x00000000   Code   RO         1263    .ARM.Collect$$libinit$$00000030  c_w.l(libinit2.o)
    0x08000242   0x08000242   0x00000000   Code   RO         1265    .ARM.Collect$$libinit$$00000032  c_w.l(libinit2.o)
    0x08000242   0x08000242   0x00000000   Code   RO         1267    .ARM.Collect$$libinit$$00000034  c_w.l(libinit2.o)
    0x08000242   0x08000242   0x00000002   Code   RO         1268    .ARM.Collect$$libinit$$00000035  c_w.l(libinit2.o)
    0x08000244   0x08000244   0x00000002   Code   RO         1303    .ARM.Collect$$libshutdown$$00000000  c_w.l(libshutdown.o)
    0x08000246   0x08000246   0x00000000   Code   RO         1331    .ARM.Collect$$libshutdown$$00000002  c_w.l(libshutdown2.o)
    0x08000246   0x08000246   0x00000000   Code   RO         1333    .ARM.Collect$$libshutdown$$00000004  c_w.l(libshutdown2.o)
    0x08000246   0x08000246   0x00000000   Code   RO         1336    .ARM.Collect$$libshutdown$$00000007  c_w.l(libshutdown2.o)
    0x08000246   0x08000246   0x00000000   Code   RO         1339    .ARM.Collect$$libshutdown$$0000000A  c_w.l(libshutdown2.o)
    0x08000246   0x08000246   0x00000000   Code   RO         1341    .ARM.Collect$$libshutdown$$0000000C  c_w.l(libshutdown2.o)
    0x08000246   0x08000246   0x00000000   Code   RO         1344    .ARM.Collect$$libshutdown$$0000000F  c_w.l(libshutdown2.o)
    0x08000246   0x08000246   0x00000002   Code   RO         1345    .ARM.Collect$$libshutdown$$00000010  c_w.l(libshutdown2.o)
    0x08000248   0x08000248   0x00000000   Code   RO         1142    .ARM.Collect$$rtentry$$00000000  c_w.l(__rtentry.o)
    0x08000248   0x08000248   0x00000000   Code   RO         1174    .ARM.Collect$$rtentry$$00000002  c_w.l(__rtentry2.o)
    0x08000248   0x08000248   0x00000006   Code   RO         1186    .ARM.Collect$$rtentry$$00000004  c_w.l(__rtentry4.o)
    0x0800024e   0x0800024e   0x00000000   Code   RO         1176    .ARM.Collect$$rtentry$$00000009  c_w.l(__rtentry2.o)
    0x0800024e   0x0800024e   0x00000004   Code   RO         1177    .ARM.Collect$$rtentry$$0000000A  c_w.l(__rtentry2.o)
    0x08000252   0x08000252   0x00000000   Code   RO         1179    .ARM.Collect$$rtentry$$0000000C  c_w.l(__rtentry2.o)
    0x08000252   0x08000252   0x00000008   Code   RO         1180    .ARM.Collect$$rtentry$$0000000D  c_w.l(__rtentry2.o)
    0x0800025a   0x0800025a   0x00000002   Code   RO         1214    .ARM.Collect$$rtexit$$00000000  c_w.l(rtexit.o)
    0x0800025c   0x0800025c   0x00000000   Code   RO         1274    .ARM.Collect$$rtexit$$00000002  c_w.l(rtexit2.o)
    0x0800025c   0x0800025c   0x00000004   Code   RO         1275    .ARM.Collect$$rtexit$$00000003  c_w.l(rtexit2.o)
    0x08000260   0x08000260   0x00000006   Code   RO         1276    .ARM.Collect$$rtexit$$00000004  c_w.l(rtexit2.o)
    0x08000266   0x08000266   0x00000002   PAD
    0x08000268   0x08000268   0x00000040   Code   RO            4    .text               startup_stm32l443xx.o
    0x080002a8   0x080002a8   0x000000f0   Code   RO         1088    .text               c_w.l(lludivv7m.o)
    0x08000398   0x08000398   0x00000040   Code   RO         1092    .text               c_w.l(noretval__2snprintf.o)
    0x080003d8   0x080003d8   0x0000004e   Code   RO         1096    .text               c_w.l(_printf_pad.o)
    0x08000426   0x08000426   0x00000052   Code   RO         1098    .text               c_w.l(_printf_str.o)
    0x08000478   0x08000478   0x00000078   Code   RO         1100    .text               c_w.l(_printf_dec.o)
    0x080004f0   0x080004f0   0x0000013e   Code   RO         1114    .text               c_w.l(__printf_flags_wp.o)
    0x0800062e   0x0800062e   0x0000003e   Code   RO         1125    .text               c_w.l(strlen.o)
    0x0800066c   0x0800066c   0x00000010   Code   RO         1127    .text               c_w.l(aeabi_memset4.o)
    0x0800067c   0x0800067c   0x0000004e   Code   RO         1129    .text               c_w.l(rt_memclr_w.o)
    0x080006ca   0x080006ca   0x00000006   Code   RO         1131    .text               c_w.l(heapauxi.o)
    0x080006d0   0x080006d0   0x00000016   Code   RO         1147    .text               c_w.l(_rserrno.o)
    0x080006e6   0x080006e6   0x000000b2   Code   RO         1149    .text               c_w.l(_printf_intcommon.o)
    0x08000798   0x08000798   0x00000030   Code   RO         1151    .text               c_w.l(_printf_char_common.o)
    0x080007c8   0x080007c8   0x00000010   Code   RO         1153    .text               c_w.l(_snputc.o)
    0x080007d8   0x080007d8   0x0000002c   Code   RO         1155    .text               c_w.l(_printf_char.o)
    0x08000804   0x08000804   0x00000008   Code   RO         1193    .text               c_w.l(rt_errno_addr_intlibspace.o)
    0x0800080c   0x0800080c   0x00000008   Code   RO         1197    .text               c_w.l(libspace.o)
    0x08000814   0x08000814   0x0000004a   Code   RO         1200    .text               c_w.l(sys_stackheap_outer.o)
    0x0800085e   0x0800085e   0x00000012   Code   RO         1202    .text               c_w.l(exit.o)
    0x08000870   0x08000870   0x0000000c   Code   RO         1269    .text               c_w.l(sys_exit.o)
    0x0800087c   0x0800087c   0x00000002   Code   RO         1292    .text               c_w.l(use_no_semi.o)
    0x0800087e   0x0800087e   0x00000000   Code   RO         1294    .text               c_w.l(indicate_semi.o)
    0x0800087e   0x0800087e   0x00000002   PAD
    0x08000880   0x08000880   0x00000002   Code   RO           45    .text.BusFault_Handler  stm32l4xx_it.o
    0x08000882   0x08000882   0x00000002   PAD
    0x08000884   0x08000884   0x00000002   Code   RO           51    .text.DebugMon_Handler  stm32l4xx_it.o
    0x08000886   0x08000886   0x00000002   PAD
    0x08000888   0x08000888   0x0000004a   Code   RO          856    .text.HAL_DMA_Abort  stm32l4xx_hal_dma.o
    0x080008d2   0x080008d2   0x00000002   PAD
    0x080008d4   0x080008d4   0x00000054   Code   RO          858    .text.HAL_DMA_Abort_IT  stm32l4xx_hal_dma.o
    0x08000928   0x08000928   0x00000028   Code   RO          267    .text.HAL_Delay     stm32l4xx_hal.o
    0x08000950   0x08000950   0x000001b8   Code   RO          824    .text.HAL_GPIO_Init  stm32l4xx_hal_gpio.o
    0x08000b08   0x08000b08   0x0000000c   Code   RO          830    .text.HAL_GPIO_WritePin  stm32l4xx_hal_gpio.o
    0x08000b14   0x08000b14   0x0000000c   Code   RO          259    .text.HAL_GetTick   stm32l4xx_hal.o
    0x08000b20   0x08000b20   0x0000004a   Code   RO          479    .text.HAL_I2CEx_ConfigAnalogFilter  stm32l4xx_hal_i2c_ex.o
    0x08000b6a   0x08000b6a   0x00000002   PAD
    0x08000b6c   0x08000b6c   0x00000048   Code   RO          481    .text.HAL_I2CEx_ConfigDigitalFilter  stm32l4xx_hal_i2c_ex.o
    0x08000bb4   0x08000bb4   0x000000a4   Code   RO          327    .text.HAL_I2C_Init  stm32l4xx_hal_i2c.o
    0x08000c58   0x08000c58   0x000001fa   Code   RO          343    .text.HAL_I2C_Master_Receive  stm32l4xx_hal_i2c.o
    0x08000e52   0x08000e52   0x00000002   PAD
    0x08000e54   0x08000e54   0x000001f6   Code   RO          335    .text.HAL_I2C_Master_Transmit  stm32l4xx_hal_i2c.o
    0x0800104a   0x0800104a   0x00000002   PAD
    0x0800104c   0x0800104c   0x00000076   Code   RO           72    .text.HAL_I2C_MspInit  stm32l4xx_hal_msp.o
    0x080010c2   0x080010c2   0x00000002   PAD
    0x080010c4   0x080010c4   0x0000001a   Code   RO          257    .text.HAL_IncTick   stm32l4xx_hal.o
    0x080010de   0x080010de   0x00000002   PAD
    0x080010e0   0x080010e0   0x0000001e   Code   RO          247    .text.HAL_Init      stm32l4xx_hal.o
    0x080010fe   0x080010fe   0x00000002   PAD
    0x08001100   0x08001100   0x00000050   Code   RO          249    .text.HAL_InitTick  stm32l4xx_hal.o
    0x08001150   0x08001150   0x00000032   Code   RO           66    .text.HAL_MspInit   stm32l4xx_hal_msp.o
    0x08001182   0x08001182   0x00000002   PAD
    0x08001184   0x08001184   0x00000022   Code   RO         1001    .text.HAL_NVIC_EnableIRQ  stm32l4xx_hal_cortex.o
    0x080011a6   0x080011a6   0x00000002   PAD
    0x080011a8   0x080011a8   0x00000056   Code   RO          999    .text.HAL_NVIC_SetPriority  stm32l4xx_hal_cortex.o
    0x080011fe   0x080011fe   0x00000002   PAD
    0x08001200   0x08001200   0x00000020   Code   RO          997    .text.HAL_NVIC_SetPriorityGrouping  stm32l4xx_hal_cortex.o
    0x08001220   0x08001220   0x0000008c   Code   RO          923    .text.HAL_PWREx_ControlVoltageScaling  stm32l4xx_hal_pwr_ex.o
    0x080012ac   0x080012ac   0x00000010   Code   RO          921    .text.HAL_PWREx_GetVoltageRange  stm32l4xx_hal_pwr_ex.o
    0x080012bc   0x080012bc   0x00000012   Code   RO          883    .text.HAL_PWR_EnableBkUpAccess  stm32l4xx_hal_pwr.o
    0x080012ce   0x080012ce   0x00000002   PAD
    0x080012d0   0x080012d0   0x00000012   Code   RO          730    .text.HAL_RCCEx_EnableMSIPLLMode  stm32l4xx_hal_rcc_ex.o
    0x080012e2   0x080012e2   0x00000002   PAD
    0x080012e4   0x080012e4   0x0000023e   Code   RO          670    .text.HAL_RCC_ClockConfig  stm32l4xx_hal_rcc.o
    0x08001522   0x08001522   0x00000002   PAD
    0x08001524   0x08001524   0x0000002a   Code   RO          676    .text.HAL_RCC_GetPCLK1Freq  stm32l4xx_hal_rcc.o
    0x0800154e   0x0800154e   0x00000002   PAD
    0x08001550   0x08001550   0x0000002a   Code   RO          678    .text.HAL_RCC_GetPCLK2Freq  stm32l4xx_hal_rcc.o
    0x0800157a   0x0800157a   0x00000002   PAD
    0x0800157c   0x0800157c   0x000000c6   Code   RO          668    .text.HAL_RCC_GetSysClockFreq  stm32l4xx_hal_rcc.o
    0x08001642   0x08001642   0x00000002   PAD
    0x08001644   0x08001644   0x000007f4   Code   RO          666    .text.HAL_RCC_OscConfig  stm32l4xx_hal_rcc.o
    0x08001e38   0x08001e38   0x000000dc   Code   RO          122    .text.HAL_SPI_Init  stm32l4xx_hal_spi.o
    0x08001f14   0x08001f14   0x00000070   Code   RO           68    .text.HAL_SPI_MspInit  stm32l4xx_hal_msp.o
    0x08001f84   0x08001f84   0x00000242   Code   RO          130    .text.HAL_SPI_Transmit  stm32l4xx_hal_spi.o
    0x080021c6   0x080021c6   0x00000002   PAD
    0x080021c8   0x080021c8   0x0000002c   Code   RO         1009    .text.HAL_SYSTICK_Config  stm32l4xx_hal_cortex.o
    0x080021f4   0x080021f4   0x00000002   Code   RO          585    .text.HAL_UARTEx_RxEventCallback  stm32l4xx_hal_uart.o
    0x080021f6   0x080021f6   0x00000002   PAD
    0x080021f8   0x080021f8   0x00000002   Code   RO          636    .text.HAL_UARTEx_WakeupCallback  stm32l4xx_hal_uart_ex.o
    0x080021fa   0x080021fa   0x00000002   PAD
    0x080021fc   0x080021fc   0x00000002   Code   RO          583    .text.HAL_UART_ErrorCallback  stm32l4xx_hal_uart.o
    0x080021fe   0x080021fe   0x00000002   PAD
    0x08002200   0x08002200   0x000005c8   Code   RO          579    .text.HAL_UART_IRQHandler  stm32l4xx_hal_uart.o
    0x080027c8   0x080027c8   0x000000ce   Code   RO          499    .text.HAL_UART_Init  stm32l4xx_hal_uart.o
    0x08002896   0x08002896   0x00000002   PAD
    0x08002898   0x08002898   0x00000082   Code   RO           76    .text.HAL_UART_MspInit  stm32l4xx_hal_msp.o
    0x0800291a   0x0800291a   0x00000002   PAD
    0x0800291c   0x0800291c   0x000000b6   Code   RO          531    .text.HAL_UART_Receive_IT  stm32l4xx_hal_uart.o
    0x080029d2   0x080029d2   0x00000002   PAD
    0x080029d4   0x080029d4   0x0000027a   Code   RO           19    .text.HAL_UART_RxCpltCallback  main.o
    0x08002c4e   0x08002c4e   0x00000002   PAD
    0x08002c50   0x08002c50   0x000000d0   Code   RO          519    .text.HAL_UART_Transmit  stm32l4xx_hal_uart.o
    0x08002d20   0x08002d20   0x00000002   Code   RO          587    .text.HAL_UART_TxCpltCallback  stm32l4xx_hal_uart.o
    0x08002d22   0x08002d22   0x00000002   PAD
    0x08002d24   0x08002d24   0x00000002   Code   RO           41    .text.HardFault_Handler  stm32l4xx_it.o
    0x08002d26   0x08002d26   0x00000002   PAD
    0x08002d28   0x08002d28   0x00000156   Code   RO          469    .text.I2C_IsErrorOccurred  stm32l4xx_hal_i2c.o
    0x08002e7e   0x08002e7e   0x00000002   PAD
    0x08002e80   0x08002e80   0x000000bc   Code   RO          345    .text.I2C_WaitOnRXNEFlagUntilTimeout  stm32l4xx_hal_i2c.o
    0x08002f3c   0x08002f3c   0x00000088   Code   RO          339    .text.I2C_WaitOnTXISFlagUntilTimeout  stm32l4xx_hal_i2c.o
    0x08002fc4   0x08002fc4   0x00000002   Code   RO           43    .text.MemManage_Handler  stm32l4xx_it.o
    0x08002fc6   0x08002fc6   0x00000002   PAD
    0x08002fc8   0x08002fc8   0x00000002   Code   RO           39    .text.NMI_Handler   stm32l4xx_it.o
    0x08002fca   0x08002fca   0x00000002   PAD
    0x08002fcc   0x08002fcc   0x00000002   Code   RO           53    .text.PendSV_Handler  stm32l4xx_it.o
    0x08002fce   0x08002fce   0x00000002   PAD
    0x08002fd0   0x08002fd0   0x0000017e   Code   RO          184    .text.SPI_WaitFifoStateUntilTimeout  stm32l4xx_hal_spi.o
    0x0800314e   0x0800314e   0x00000002   PAD
    0x08003150   0x08003150   0x000000ce   Code   RO          186    .text.SPI_WaitFlagStateUntilTimeout  stm32l4xx_hal_spi.o
    0x0800321e   0x0800321e   0x00000002   PAD
    0x08003220   0x08003220   0x00000002   Code   RO           49    .text.SVC_Handler   stm32l4xx_it.o
    0x08003222   0x08003222   0x00000002   PAD
    0x08003224   0x08003224   0x00000004   Code   RO           55    .text.SysTick_Handler  stm32l4xx_it.o
    0x08003228   0x08003228   0x000000a4   Code   RO           13    .text.SystemClock_Config  main.o
    0x080032cc   0x080032cc   0x00000012   Code   RO         1071    .text.SystemInit    system_stm32l4xx.o
    0x080032de   0x080032de   0x00000002   PAD
    0x080032e0   0x080032e0   0x000000e6   Code   RO          505    .text.UART_AdvFeatureConfig  stm32l4xx_hal_uart.o
    0x080033c6   0x080033c6   0x00000002   PAD
    0x080033c8   0x080033c8   0x00000010   Code   RO          581    .text.UART_DMAAbortOnError  stm32l4xx_hal_uart.o
    0x080033d8   0x080033d8   0x00000146   Code   RO          617    .text.UART_RxISR_16BIT  stm32l4xx_hal_uart.o
    0x0800351e   0x0800351e   0x00000002   PAD
    0x08003520   0x08003520   0x00000146   Code   RO          619    .text.UART_RxISR_8BIT  stm32l4xx_hal_uart.o
    0x08003666   0x08003666   0x00000002   PAD
    0x08003668   0x08003668   0x0000021c   Code   RO          503    .text.UART_SetConfig  stm32l4xx_hal_uart.o
    0x08003884   0x08003884   0x00000176   Code   RO          533    .text.UART_Start_Receive_IT  stm32l4xx_hal_uart.o
    0x080039fa   0x080039fa   0x00000002   PAD
    0x080039fc   0x080039fc   0x00000204   Code   RO          521    .text.UART_WaitOnFlagUntilTimeout  stm32l4xx_hal_uart.o
    0x08003c00   0x08003c00   0x0000000c   Code   RO           57    .text.USART2_IRQHandler  stm32l4xx_it.o
    0x08003c0c   0x08003c0c   0x00000002   Code   RO           47    .text.UsageFault_Handler  stm32l4xx_it.o
    0x08003c0e   0x08003c0e   0x00000002   PAD
    0x08003c10   0x08003c10   0x0000073e   Code   RO           21    .text.draw_cloud    main.o
    0x0800434e   0x0800434e   0x00000002   PAD
    0x08004350   0x08004350   0x00000346   Code   RO           11    .text.main          main.o
    0x08004696   0x08004696   0x00000002   PAD
    0x08004698   0x08004698   0x00001ffe   Code   RO           15    .text.render_screen  main.o
    0x08006696   0x08006696   0x00000002   PAD
    0x08006698   0x08006698   0x00000008   Code   RO          110    .text.sht30_init    sht30.o
    0x080066a0   0x080066a0   0x0000024a   Code   RO          112    .text.sht30_read    sht30.o
    0x080068ea   0x080068ea   0x00000002   PAD
    0x080068ec   0x080068ec   0x00001524   Code   RO           96    .text.st7305_draw_char  st7305.o
    0x08007e10   0x08007e10   0x00000048   Code   RO           94    .text.st7305_draw_pixel  st7305.o
    0x08007e58   0x08007e58   0x00000042   Code   RO           98    .text.st7305_draw_string  st7305.o
    0x08007e9a   0x08007e9a   0x00000002   PAD
    0x08007e9c   0x08007e9c   0x0000001c   Code   RO           90    .text.st7305_fill   st7305.o
    0x08007eb8   0x08007eb8   0x000011a8   Code   RO           88    .text.st7305_init   st7305.o
    0x08009060   0x08009060   0x000001a6   Code   RO           92    .text.st7305_refresh  st7305.o
    0x08009206   0x08009206   0x00000002   PAD
    0x08009208   0x08009208   0x0000016c   Code   RO         1135    i.__hardfp_logf     m_wm.l(logf.o)
    0x08009374   0x08009374   0x00000014   Code   RO         1159    i.__mathlib_flt_divzero  m_wm.l(funder.o)
    0x08009388   0x08009388   0x00000006   Code   RO         1160    i.__mathlib_flt_infnan  m_wm.l(funder.o)
    0x0800938e   0x0800938e   0x00000002   PAD
    0x08009390   0x08009390   0x00000010   Code   RO         1162    i.__mathlib_flt_invalid  m_wm.l(funder.o)
    0x080093a0   0x080093a0   0x0000000e   Code   RO         1112    i._is_digit         c_w.l(__printf_wp.o)
    0x080093ae   0x080093ae   0x0000001a   Code   RO         1286    x$fpl$fpinit        fz_wm.l(fpinit.o)
    0x080093c8   0x080093c8   0x00000000   Code   RO         1158    x$fpl$usenofp       fz_wm.l(usenofp.o)
    0x080093c8   0x080093c8   0x00000011   Data   RO         1115    .constdata          c_w.l(__printf_flags_wp.o)
    0x080093d9   0x080093d9   0x00000003   PAD
    0x080093dc   0x080093dc   0x00000040   Data   RO         1138    .constdata          m_wm.l(logf.o)
    0x0800941c   0x0800941c   0x00000010   Data   RO         1076    .rodata.AHBPrescTable  system_stm32l4xx.o
    0x0800942c   0x0800942c   0x00000008   Data   RO         1077    .rodata.APBPrescTable  system_stm32l4xx.o
    0x08009434   0x08009434   0x00000030   Data   RO         1078    .rodata.MSIRangeTable  system_stm32l4xx.o
    0x08009464   0x08009464   0x00000010   Data   RO          625    .rodata.cst16       stm32l4xx_hal_uart.o
    0x08009474   0x08009474   0x00000002   Data   RO           26    .rodata.main.ping   main.o
    0x08009476   0x08009476   0x00000005   Data   RO          101    .rodata.st7305_get_glyph.glyph_space  st7305.o
    0x0800947b   0x0800947b   0x00000002   Data   RO           27    .rodata.str1.1      main.o
    0x0800947d   0x0800947d   0x00000003   PAD
    0x08009480   0x08009480   0x00000020   Data   RO         1347    Region$$Table       anon$$obj.o


    Execution Region RW_IRAM2 (Exec base: 0x10000000, Load base: 0x080094b8, Size: 0x00000000, Max: 0x00004000, ABSOLUTE)

    **** No section assigned to this execution region ****


    Execution Region RW_IRAM1 (Exec base: 0x20000000, Load base: 0x080094a0, Size: 0x000042a8, Max: 0x0000c000, ABSOLUTE)

    Exec Addr    Load Addr    Size         Type   Attr      Idx    E Section Name        Object

    0x20000000   0x080094a0   0x0000000c   Data   RW           29    .data..L_MergedGlobals  main.o
    0x2000000c   0x080094ac   0x00000008   Data   RW          318    .data..L_MergedGlobals  stm32l4xx_hal.o
    0x20000014   0x080094b4   0x00000004   Data   RW         1075    .data.SystemCoreClock  system_stm32l4xx.o
    0x20000018        -       0x00000060   Zero   RW         1198    .bss                c_w.l(libspace.o)
    0x20000078        -       0x00000054   Zero   RW           30    .bss..L_MergedGlobals.8  main.o
    0x200000cc        -       0x00000054   Zero   RW           24    .bss.hi2c1          main.o
    0x20000120        -       0x00000064   Zero   RW           23    .bss.hspi1          main.o
    0x20000184        -       0x00000084   Zero   RW           25    .bss.huart2         main.o
    0x20000208        -       0x00003a98   Zero   RW          100    .bss.s_buffer       st7305.o
    0x20003ca0        -       0x00000004   Zero   RW          317    .bss.uwTick         stm32l4xx_hal.o
    0x20003ca4   0x080094b8   0x00000004   PAD
    0x20003ca8        -       0x00000200   Zero   RW            2    HEAP                startup_stm32l443xx.o
    0x20003ea8        -       0x00000400   Zero   RW            1    STACK               startup_stm32l443xx.o


==============================================================================

Image component sizes


      Code (inc. data)   RO Data    RW Data    ZI Data      Debug   Object Name

     11680         80          4         12        400      32054   main.o
       594          0          0          0          0       5931   sht30.o
     10520        192          5          0      15000      28813   st7305.o
        64         26        396          0       1536        824   startup_stm32l443xx.o
       188          0          0          8          4       8630   stm32l4xx_hal.o
       196          0          0          0          0      10152   stm32l4xx_hal_cortex.o
       158          0          0          0          0       7627   stm32l4xx_hal_dma.o
       452          0          0          0          0       5231   stm32l4xx_hal_gpio.o
      1838          0          0          0          0      63600   stm32l4xx_hal_i2c.o
       146          0          0          0          0       6088   stm32l4xx_hal_i2c_ex.o
       410          0          0          0          0      10278   stm32l4xx_hal_msp.o
        18          0          0          0          0       5471   stm32l4xx_hal_pwr.o
       156          0          0          0          0       8948   stm32l4xx_hal_pwr_ex.o
      2892          0          0          0          0      12119   stm32l4xx_hal_rcc.o
        18          0          0          0          0      14289   stm32l4xx_hal_rcc_ex.o
      1386          0          0          0          0      26862   stm32l4xx_hal_spi.o
      4410         48         16          0          0      36116   stm32l4xx_hal_uart.o
         2          0          0          0          0       8826   stm32l4xx_hal_uart_ex.o
        32          0          0          0          0       4162   stm32l4xx_it.o
        18          0         72          4          0       2952   system_stm32l4xx.o

    ----------------------------------------------------------------------
     35272        346        528         24      16944     298973   Object Totals
         0          0         32          0          0          0   (incl. Generated)
        94          0          3          0          4          0   (incl. Padding)

    ----------------------------------------------------------------------

      Code (inc. data)   RO Data    RW Data    ZI Data      Debug   Library Member Name

         8          0          0          0          0         68   __main.o
       318          4         17          0          0         92   __printf_flags_wp.o
        14          0          0          0          0         68   __printf_wp.o
         0          0          0          0          0          0   __rtentry.o
        12          0          0          0          0          0   __rtentry2.o
         6          0          0          0          0          0   __rtentry4.o
        94          8          0          0          0          0   __scatter.o
        26          0          0          0          0          0   __scatter_copy.o
        28          0          0          0          0          0   __scatter_zi.o
        44          0          0          0          0        108   _printf_char.o
        48          6          0          0          0         96   _printf_char_common.o
         6          0          0          0          0          0   _printf_d.o
       120         16          0          0          0         92   _printf_dec.o
       178          0          0          0          0         88   _printf_intcommon.o
        78          0          0          0          0        108   _printf_pad.o
         0          0          0          0          0          0   _printf_percent.o
         4          0          0          0          0          0   _printf_percent_end.o
         6          0          0          0          0          0   _printf_s.o
        82          0          0          0          0         80   _printf_str.o
        22          0          0          0          0        100   _rserrno.o
        16          0          0          0          0         68   _snputc.o
        16          0          0          0          0         68   aeabi_memset4.o
        18          0          0          0          0         80   exit.o
         6          0          0          0          0        152   heapauxi.o
         0          0          0          0          0          0   indicate_semi.o
         2          0          0          0          0          0   libinit.o
         6          0          0          0          0          0   libinit2.o
         2          0          0          0          0          0   libshutdown.o
         2          0          0          0          0          0   libshutdown2.o
         8          4          0          0         96         68   libspace.o
       240          0          0          0          0        100   lludivv7m.o
        64          6          0          0          0         84   noretval__2snprintf.o
         8          4          0          0          0         68   rt_errno_addr_intlibspace.o
        78          0          0          0          0         80   rt_memclr_w.o
         2          0          0          0          0          0   rtexit.o
        10          0          0          0          0          0   rtexit2.o
        62          0          0          0          0         76   strlen.o
        12          4          0          0          0         68   sys_exit.o
        74          0          0          0          0         80   sys_stackheap_outer.o
         2          0          0          0          0         68   use_no_semi.o
        26          0          0          0          0        116   fpinit.o
         0          0          0          0          0          0   usenofp.o
        42         12          0          0          0        348   funder.o
       364         44         64          0          0        140   logf.o

    ----------------------------------------------------------------------
      2164        108         84          0         96       2564   Library Totals
        10          0          3          0          0          0   (incl. Padding)

    ----------------------------------------------------------------------

      Code (inc. data)   RO Data    RW Data    ZI Data      Debug   Library Name

      1722         52         17          0         96       1960   c_w.l
        26          0          0          0          0        116   fz_wm.l
       406         56         64          0          0        488   m_wm.l

    ----------------------------------------------------------------------
      2164        108         84          0         96       2564   Library Totals

    ----------------------------------------------------------------------

==============================================================================


      Code (inc. data)   RO Data    RW Data    ZI Data      Debug   

     37436        454        612         24      17040     299957   Grand Totals
     37436        454        612         24      17040     299957   ELF Image Totals
     37436        454        612         24          0          0   ROM Totals

==============================================================================

    Total RO  Size (Code + RO Data)                38048 (  37.16kB)
    Total RW  Size (RW Data + ZI Data)             17064 (  16.66kB)
    Total ROM Size (Code + RO Data + RW Data)      38072 (  37.18kB)

==============================================================================

