Component: Arm Compiler for Embedded 6.24 Tool: armlink [5f371500]

==============================================================================

Section Cross References

    startup_stm32l443xx.o(STACK) refers (Special) to heapauxi.o(.text) for __use_two_region_memory
    startup_stm32l443xx.o(HEAP) refers (Special) to heapauxi.o(.text) for __use_two_region_memory
    startup_stm32l443xx.o(RESET) refers (Special) to heapauxi.o(.text) for __use_two_region_memory
    startup_stm32l443xx.o(RESET) refers to startup_stm32l443xx.o(STACK) for __initial_sp
    startup_stm32l443xx.o(RESET) refers to startup_stm32l443xx.o(.text) for Reset_Handler
    startup_stm32l443xx.o(RESET) refers to stm32l4xx_it.o(.text.NMI_Handler) for NMI_Handler
    startup_stm32l443xx.o(RESET) refers to stm32l4xx_it.o(.text.HardFault_Handler) for HardFault_Handler
    startup_stm32l443xx.o(RESET) refers to stm32l4xx_it.o(.text.MemManage_Handler) for MemManage_Handler
    startup_stm32l443xx.o(RESET) refers to stm32l4xx_it.o(.text.BusFault_Handler) for BusFault_Handler
    startup_stm32l443xx.o(RESET) refers to stm32l4xx_it.o(.text.UsageFault_Handler) for UsageFault_Handler
    startup_stm32l443xx.o(RESET) refers to stm32l4xx_it.o(.text.SVC_Handler) for SVC_Handler
    startup_stm32l443xx.o(RESET) refers to stm32l4xx_it.o(.text.DebugMon_Handler) for DebugMon_Handler
    startup_stm32l443xx.o(RESET) refers to stm32l4xx_it.o(.text.PendSV_Handler) for PendSV_Handler
    startup_stm32l443xx.o(RESET) refers to stm32l4xx_it.o(.text.SysTick_Handler) for SysTick_Handler
    startup_stm32l443xx.o(RESET) refers to stm32l4xx_it.o(.text.USART2_IRQHandler) for USART2_IRQHandler
    startup_stm32l443xx.o(.text) refers (Special) to heapauxi.o(.text) for __use_two_region_memory
    startup_stm32l443xx.o(.text) refers to system_stm32l4xx.o(.text.SystemInit) for SystemInit
    startup_stm32l443xx.o(.text) refers to __main.o(!!!main) for __main
    startup_stm32l443xx.o(.text) refers to startup_stm32l443xx.o(HEAP) for Heap_Mem
    startup_stm32l443xx.o(.text) refers to startup_stm32l443xx.o(STACK) for Stack_Mem
    main.o(.text) refers (Special) to _printf_percent.o(.ARM.Collect$$_printf_percent$$00000000) for _printf_percent
    main.o(.text) refers (Special) to _printf_pad.o(.text) for _printf_pre_padding
    main.o(.text) refers (Special) to _printf_s.o(.ARM.Collect$$_printf_percent$$00000014) for _printf_s
    main.o(.text) refers (Special) to _printf_d.o(.ARM.Collect$$_printf_percent$$00000009) for _printf_d
    main.o(.text) refers (Special) to _printf_dec.o(.text) for _printf_int_dec
    main.o(.text) refers (Special) to _printf_str.o(.text) for _printf_str
    main.o(.text) refers (Special) to _scanf_int.o(.text) for _scanf_int
    main.o(.text.main) refers (Special) to _printf_percent.o(.ARM.Collect$$_printf_percent$$00000000) for _printf_percent
    main.o(.text.main) refers (Special) to _printf_pad.o(.text) for _printf_pre_padding
    main.o(.text.main) refers (Special) to _printf_s.o(.ARM.Collect$$_printf_percent$$00000014) for _printf_s
    main.o(.text.main) refers (Special) to _printf_d.o(.ARM.Collect$$_printf_percent$$00000009) for _printf_d
    main.o(.text.main) refers (Special) to _printf_dec.o(.text) for _printf_int_dec
    main.o(.text.main) refers (Special) to _printf_str.o(.text) for _printf_str
    main.o(.text.main) refers (Special) to _scanf_int.o(.text) for _scanf_int
    main.o(.text.main) refers to stm32l4xx_hal.o(.text.HAL_Init) for HAL_Init
    main.o(.text.main) refers to main.o(.text.SystemClock_Config) for SystemClock_Config
    main.o(.text.main) refers to stm32l4xx_hal_gpio.o(.text.HAL_GPIO_WritePin) for HAL_GPIO_WritePin
    main.o(.text.main) refers to stm32l4xx_hal_gpio.o(.text.HAL_GPIO_Init) for HAL_GPIO_Init
    main.o(.text.main) refers to main.o(.bss.hspi1) for hspi1
    main.o(.text.main) refers to stm32l4xx_hal_spi.o(.text.HAL_SPI_Init) for HAL_SPI_Init
    main.o(.text.main) refers to main.o(.bss.hi2c1) for hi2c1
    main.o(.text.main) refers to stm32l4xx_hal_i2c.o(.text.HAL_I2C_Init) for HAL_I2C_Init
    main.o(.text.main) refers to stm32l4xx_hal_i2c_ex.o(.text.HAL_I2CEx_ConfigAnalogFilter) for HAL_I2CEx_ConfigAnalogFilter
    main.o(.text.main) refers to stm32l4xx_hal_i2c_ex.o(.text.HAL_I2CEx_ConfigDigitalFilter) for HAL_I2CEx_ConfigDigitalFilter
    main.o(.text.main) refers to main.o(.bss.huart2) for huart2
    main.o(.text.main) refers to stm32l4xx_hal_uart.o(.text.HAL_UART_Init) for HAL_UART_Init
    main.o(.text.main) refers to main.o(.bss..L_MergedGlobals.12) for .L_MergedGlobals.12
    main.o(.text.main) refers to st7305.o(.text.st7305_init) for st7305_init
    main.o(.text.main) refers to main.o(.bss.hadc_bat) for hadc_bat
    main.o(.text.main) refers to stm32l4xx_hal_adc.o(.text.HAL_ADC_Init) for HAL_ADC_Init
    main.o(.text.main) refers to stm32l4xx_hal_adc_ex.o(.text.HAL_ADCEx_Calibration_Start) for HAL_ADCEx_Calibration_Start
[...]
    .text                                    0x08000870   Section        0  _rserrno.o(.text)
    .text                                    0x08000886   Section        0  _printf_intcommon.o(.text)
    _printf_input_char                       0x08000939   Thumb Code    10  _printf_char_common.o(.text)
    .text                                    0x08000938   Section        0  _printf_char_common.o(.text)
    .text                                    0x08000968   Section        0  _snputc.o(.text)
    .text                                    0x08000978   Section        0  _printf_char.o(.text)
    .text                                    0x080009a4   Section        0  _chval.o(.text)
    _scanf_char_input                        0x080009c1   Thumb Code    12  scanf_char.o(.text)
    .text                                    0x080009c0   Section        0  scanf_char.o(.text)
    .text                                    0x080009ec   Section        0  _sgetc.o(.text)
    .text                                    0x08000a2c   Section        8  rt_errno_addr_intlibspace.o(.text)
    .text                                    0x08000a34   Section        0  isspace.o(.text)
    .text                                    0x08000a48   Section        0  _scanf.o(.text)
    .text                                    0x08000dc4   Section        8  libspace.o(.text)
    .text                                    0x08000dcc   Section       74  sys_stackheap_outer.o(.text)
    .text                                    0x08000e18   Section       16  rt_ctype_table.o(.text)
    .text                                    0x08000e28   Section        0  exit.o(.text)
    .text                                    0x08000e3c   Section        8  rt_locale_intlibspace.o(.text)
    .text                                    0x08000e44   Section        0  sys_exit.o(.text)
    .text                                    0x08000e50   Section      124  strcmpv7em.o(.text)
    .text                                    0x08000ecc   Section        2  use_no_semi.o(.text)
    .text                                    0x08000ece   Section        0  indicate_semi.o(.text)
    [Anonymous Symbol]                       0x08000ed0   Section        0  stm32l4xx_hal_adc.o(.text.ADC_ConversionStop)
    [Anonymous Symbol]                       0x08001060   Section        0  stm32l4xx_hal_adc.o(.text.ADC_Disable)
    [Anonymous Symbol]                       0x080010dc   Section        0  stm32l4xx_hal_adc.o(.text.ADC_Enable)
    [Anonymous Symbol]                       0x080011d4   Section        0  stm32l4xx_it.o(.text.BusFault_Handler)
    [Anonymous Symbol]                       0x080011d8   Section        0  stm32l4xx_it.o(.text.DebugMon_Handler)
    [Anonymous Symbol]                       0x080011dc   Section        0  stm32l4xx_hal_adc_ex.o(.text.HAL_ADCEx_Calibration_Start)
    [Anonymous Symbol]                       0x080012b0   Section        0  stm32l4xx_hal_adc.o(.text.HAL_ADC_ConfigChannel)
    [Anonymous Symbol]                       0x0800160c   Section        0  stm32l4xx_hal_adc.o(.text.HAL_ADC_GetValue)
    [Anonymous Symbol]                       0x08001614   Section        0  stm32l4xx_hal_adc.o(.text.HAL_ADC_Init)
    [Anonymous Symbol]                       0x080017fc   Section        0  stm32l4xx_hal_adc.o(.text.HAL_ADC_MspInit)
    [Anonymous Symbol]                       0x08001800   Section        0  stm32l4xx_hal_adc.o(.text.HAL_ADC_PollForConversion)
    [Anonymous Symbol]                       0x080018f0   Section        0  stm32l4xx_hal_adc.o(.text.HAL_ADC_Start)
    [Anonymous Symbol]                       0x08001974   Section        0  stm32l4xx_hal_adc.o(.text.HAL_ADC_Stop)
    [Anonymous Symbol]                       0x08001a28   Section        0  stm32l4xx_hal_dma.o(.text.HAL_DMA_Abort)
    [Anonymous Symbol]                       0x08001a74   Section        0  stm32l4xx_hal_dma.o(.text.HAL_DMA_Abort_IT)
    [Anonymous Symbol]                       0x08001ac8   Section        0  stm32l4xx_hal.o(.text.HAL_Delay)
    [Anonymous Symbol]                       0x08001af0   Section        0  stm32l4xx_hal_gpio.o(.text.HAL_GPIO_Init)
    [Anonymous Symbol]                       0x08001ca8   Section        0  stm32l4xx_hal_gpio.o(.text.HAL_GPIO_WritePin)
    [Anonymous Symbol]                       0x08001cb4   Section        0  stm32l4xx_hal.o(.text.HAL_GetTick)
    [Anonymous Symbol]                       0x08001cc0   Section        0  stm32l4xx_hal_i2c_ex.o(.text.HAL_I2CEx_ConfigAnalogFilter)
    [Anonymous Symbol]                       0x08001d0c   Section        0  stm32l4xx_hal_i2c_ex.o(.text.HAL_I2CEx_ConfigDigitalFilter)
    [Anonymous Symbol]                       0x08001d54   Section        0  stm32l4xx_hal_i2c.o(.text.HAL_I2C_Init)
    [Anonymous Symbol]                       0x08001df8   Section        0  stm32l4xx_hal_i2c.o(.text.HAL_I2C_Master_Receive)
    [Anonymous Symbol]                       0x08001ff4   Section        0  stm32l4xx_hal_i2c.o(.text.HAL_I2C_Master_Transmit)
    [Anonymous Symbol]                       0x080021ec   Section        0  stm32l4xx_hal_msp.o(.text.HAL_I2C_MspInit)
    [Anonymous Symbol]                       0x08002264   Section        0  stm32l4xx_hal.o(.text.HAL_IncTick)
    [Anonymous Symbol]                       0x08002280   Section        0  stm32l4xx_hal.o(.text.HAL_Init)
    [Anonymous Symbol]                       0x080022a0   Section        0  stm32l4xx_hal.o(.text.HAL_InitTick)
    [Anonymous Symbol]                       0x080022f0   Section        0  stm32l4xx_hal_msp.o(.text.HAL_MspInit)
    [Anonymous Symbol]                       0x08002324   Section        0  stm32l4xx_hal_cortex.o(.text.HAL_NVIC_EnableIRQ)
    [Anonymous Symbol]                       0x08002348   Section        0  stm32l4xx_hal_cortex.o(.text.HAL_NVIC_SetPriority)
    [Anonymous Symbol]                       0x080023a0   Section        0  stm32l4xx_hal_cortex.o(.text.HAL_NVIC_SetPriorityGrouping)
    [Anonymous Symbol]                       0x080023c0   Section        0  stm32l4xx_hal_pwr_ex.o(.text.HAL_PWREx_ControlVoltageScaling)
    [Anonymous Symbol]                       0x0800244c   Section        0  stm32l4xx_hal_pwr_ex.o(.text.HAL_PWREx_GetVoltageRange)
    [Anonymous Symbol]                       0x0800245c   Section        0  stm32l4xx_hal_pwr.o(.text.HAL_PWR_EnableBkUpAccess)
    [Anonymous Symbol]                       0x08002470   Section        0  stm32l4xx_hal_rcc_ex.o(.text.HAL_RCCEx_EnableMSIPLLMode)
    [Anonymous Symbol]                       0x08002484   Section        0  stm32l4xx_hal_rcc.o(.text.HAL_RCC_ClockConfig)
    [Anonymous Symbol]                       0x080026c4   Section        0  stm32l4xx_hal_rcc.o(.text.HAL_RCC_GetPCLK1Freq)
    [Anonymous Symbol]                       0x080026f0   Section        0  stm32l4xx_hal_rcc.o(.text.HAL_RCC_GetPCLK2Freq)
    [Anonymous Symbol]                       0x0800271c   Section        0  stm32l4xx_hal_rcc.o(.text.HAL_RCC_GetSysClockFreq)
    [Anonymous Symbol]                       0x080027e4   Section        0  stm32l4xx_hal_rcc.o(.text.HAL_RCC_OscConfig)
    [Anonymous Symbol]                       0x08002fd8   Section        0  stm32l4xx_hal_spi.o(.text.HAL_SPI_Init)
    [Anonymous Symbol]                       0x080030b4   Section        0  stm32l4xx_hal_msp.o(.text.HAL_SPI_MspInit)
    [Anonymous Symbol]                       0x08003124   Section        0  stm32l4xx_hal_spi.o(.text.HAL_SPI_Transmit)
    [Anonymous Symbol]                       0x08003368   Section        0  stm32l4xx_hal_cortex.o(.text.HAL_SYSTICK_Config)
    [Anonymous Symbol]                       0x08003394   Section        0  stm32l4xx_hal_uart.o(.text.HAL_UARTEx_RxEventCallback)
    [Anonymous Symbol]                       0x08003398   Section        0  stm32l4xx_hal_uart_ex.o(.text.HAL_UARTEx_WakeupCallback)
    [Anonymous Symbol]                       0x0800339c   Section        0  stm32l4xx_hal_uart.o(.text.HAL_UART_ErrorCallback)
    [Anonymous Symbol]                       0x080033a0   Section        0  stm32l4xx_hal_uart.o(.text.HAL_UART_IRQHandler)
    [Anonymous Symbol]                       0x08003968   Section        0  stm32l4xx_hal_uart.o(.text.HAL_UART_Init)
    [Anonymous Symbol]                       0x08003a38   Section        0  stm32l4xx_hal_msp.o(.text.HAL_UART_MspInit)
    [Anonymous Symbol]                       0x08003abc   Section        0  stm32l4xx_hal_uart.o(.text.HAL_UART_Receive_IT)
    [Anonymous Symbol]                       0x08003b74   Section        0  main.o(.text.HAL_UART_RxCpltCallback)
    [Anonymous Symbol]                       0x08003df0   Section        0  stm32l4xx_hal_uart.o(.text.HAL_UART_Transmit)
    [Anonymous Symbol]                       0x08003ec0   Section        0  stm32l4xx_hal_uart.o(.text.HAL_UART_TxCpltCallback)
    [Anonymous Symbol]                       0x08003ec4   Section        0  stm32l4xx_it.o(.text.HardFault_Handler)
    I2C_IsErrorOccurred                      0x08003ec9   Thumb Code   342  stm32l4xx_hal_i2c.o(.text.I2C_IsErrorOccurred)
    [Anonymous Symbol]                       0x08003ec8   Section        0  stm32l4xx_hal_i2c.o(.text.I2C_IsErrorOccurred)
    I2C_WaitOnRXNEFlagUntilTimeout           0x08004021   Thumb Code   188  stm32l4xx_hal_i2c.o(.text.I2C_WaitOnRXNEFlagUntilTimeout)
    [Anonymous Symbol]                       0x08004020   Section        0  stm32l4xx_hal_i2c.o(.text.I2C_WaitOnRXNEFlagUntilTimeout)
    I2C_WaitOnTXISFlagUntilTimeout           0x080040dd   Thumb Code   136  stm32l4xx_hal_i2c.o(.text.I2C_WaitOnTXISFlagUntilTimeout)
    [Anonymous Symbol]                       0x080040dc   Section        0  stm32l4xx_hal_i2c.o(.text.I2C_WaitOnTXISFlagUntilTimeout)
    [Anonymous Symbol]                       0x08004164   Section        0  stm32l4xx_it.o(.text.MemManage_Handler)
    [Anonymous Symbol]                       0x08004168   Section        0  stm32l4xx_it.o(.text.NMI_Handler)
    [Anonymous Symbol]                       0x0800416c   Section        0  stm32l4xx_it.o(.text.PendSV_Handler)
    SPI_WaitFifoStateUntilTimeout            0x08004171   Thumb Code   382  stm32l4xx_hal_spi.o(.text.SPI_WaitFifoStateUntilTimeout)
    [Anonymous Symbol]                       0x08004170   Section        0  stm32l4xx_hal_spi.o(.text.SPI_WaitFifoStateUntilTimeout)
    SPI_WaitFlagStateUntilTimeout            0x080042f1   Thumb Code   206  stm32l4xx_hal_spi.o(.text.SPI_WaitFlagStateUntilTimeout)
    [Anonymous Symbol]                       0x080042f0   Section        0  stm32l4xx_hal_spi.o(.text.SPI_WaitFlagStateUntilTimeout)
    [Anonymous Symbol]                       0x080043c0   Section        0  stm32l4xx_it.o(.text.SVC_Handler)
    [Anonymous Symbol]                       0x080043c4   Section        0  stm32l4xx_it.o(.text.SysTick_Handler)
    [Anonymous Symbol]                       0x080043c8   Section        0  main.o(.text.SystemClock_Config)
    [Anonymous Symbol]                       0x0800446c   Section        0  system_stm32l4xx.o(.text.SystemInit)
    [Anonymous Symbol]                       0x08004480   Section        0  stm32l4xx_hal_uart.o(.text.UART_AdvFeatureConfig)
    UART_DMAAbortOnError                     0x08004569   Thumb Code    16  stm32l4xx_hal_uart.o(.text.UART_DMAAbortOnError)
    [Anonymous Symbol]                       0x08004568   Section        0  stm32l4xx_hal_uart.o(.text.UART_DMAAbortOnError)
    UART_RxISR_16BIT                         0x08004579   Thumb Code   326  stm32l4xx_hal_uart.o(.text.UART_RxISR_16BIT)
    [Anonymous Symbol]                       0x08004578   Section        0  stm32l4xx_hal_uart.o(.text.UART_RxISR_16BIT)
    UART_RxISR_8BIT                          0x080046c1   Thumb Code   326  stm32l4xx_hal_uart.o(.text.UART_RxISR_8BIT)
    [Anonymous Symbol]                       0x080046c0   Section        0  stm32l4xx_hal_uart.o(.text.UART_RxISR_8BIT)
    [Anonymous Symbol]                       0x08004808   Section        0  stm32l4xx_hal_uart.o(.text.UART_SetConfig)
    [Anonymous Symbol]                       0x08004a24   Section        0  stm32l4xx_hal_uart.o(.text.UART_Start_Receive_IT)
    [Anonymous Symbol]                       0x08004b9c   Section        0  stm32l4xx_hal_uart.o(.text.UART_WaitOnFlagUntilTimeout)
    [Anonymous Symbol]                       0x08004da0   Section        0  stm32l4xx_it.o(.text.USART2_IRQHandler)
    [Anonymous Symbol]                       0x08004dac   Section        0  stm32l4xx_it.o(.text.UsageFault_Handler)
    bat_read_mv                              0x08004db1   Thumb Code   296  main.o(.text.bat_read_mv)
    [Anonymous Symbol]                       0x08004db0   Section        0  main.o(.text.bat_read_mv)
    draw_cloud                               0x08004ed9   Thumb Code  1296  main.o(.text.draw_cloud)
    [Anonymous Symbol]                       0x08004ed8   Section        0  main.o(.text.draw_cloud)
    draw_icon_weather                        0x080053e9   Thumb Code  6046  main.o(.text.draw_icon_weather)
    [Anonymous Symbol]                       0x080053e8   Section        0  main.o(.text.draw_icon_weather)
    [Anonymous Symbol]                       0x08006bac   Section        0  main.o(.text.main)
    render_screen                            0x0800713d   Thumb Code 10688  main.o(.text.render_screen)
    [Anonymous Symbol]                       0x0800713c   Section        0  main.o(.text.render_screen)
    __arm_cp.3_14                            0x080071fc   Number         4  main.o(.text.render_screen)
    __arm_cp.3_15                            0x08007200   Number         4  main.o(.text.render_screen)
    __arm_cp.3_16                            0x08007204   Number         4  main.o(.text.render_screen)
    __arm_cp.3_17                            0x08007208   Number         4  main.o(.text.render_screen)
    __arm_cp.3_18                            0x0800720c   Number         4  main.o(.text.render_screen)
    __arm_cp.3_19                            0x08007210   Number         4  main.o(.text.render_screen)
    __arm_cp.3_23                            0x08007238   Number         4  main.o(.text.render_screen)
    [Anonymous Symbol]                       0x08009b18   Section        0  sht30.o(.text.sht30_init)
    [Anonymous Symbol]                       0x08009b20   Section        0  sht30.o(.text.sht30_read)
    [Anonymous Symbol]                       0x08009d6c   Section        0  st7305.o(.text.st7305_draw_char)
    st7305_get_glyph.glyph_0                 0x0800ab30   Number         0  st7305.o(.text.st7305_draw_char)
    st7305_get_glyph.glyph_9                 0x0800ac1c   Number         0  st7305.o(.text.st7305_draw_char)
    st7305_get_glyph.glyph_6                 0x0800ac24   Number         0  st7305.o(.text.st7305_draw_char)
    st7305_get_glyph.glyph_dot               0x0800ac2c   Number         0  st7305.o(.text.st7305_draw_char)
    st7305_get_glyph.glyph_8                 0x0800ac34   Number         0  st7305.o(.text.st7305_draw_char)
    st7305_get_glyph.glyph_1                 0x0800ac3c   Number         0  st7305.o(.text.st7305_draw_char)
    st7305_get_glyph.glyph_7                 0x0800ac44   Number         0  st7305.o(.text.st7305_draw_char)
    st7305_get_glyph.glyph_dash              0x0800ac4c   Number         0  st7305.o(.text.st7305_draw_char)
    st7305_get_glyph.glyph_pct               0x0800ac54   Number         0  st7305.o(.text.st7305_draw_char)
    st7305_get_glyph.glyph_2                 0x0800ac5c   Number         0  st7305.o(.text.st7305_draw_char)
    st7305_get_glyph.glyph_3                 0x0800ac64   Number         0  st7305.o(.text.st7305_draw_char)
    st7305_get_glyph.glyph_colon             0x0800ac6c   Number         0  st7305.o(.text.st7305_draw_char)
    st7305_get_glyph.glyph_c                 0x0800ac74   Number         0  st7305.o(.text.st7305_draw_char)
    st7305_get_glyph.glyph_5                 0x0800ac7c   Number         0  st7305.o(.text.st7305_draw_char)
    st7305_get_glyph.glyph_4                 0x0800ac84   Number         0  st7305.o(.text.st7305_draw_char)
    st7305_get_glyph.glyph_t                 0x0800ac8c   Number         0  st7305.o(.text.st7305_draw_char)
    st7305_get_glyph.glyph_h                 0x0800ac94   Number         0  st7305.o(.text.st7305_draw_char)
    [Anonymous Symbol]                       0x0800b290   Section        0  st7305.o(.text.st7305_draw_pixel)
    [Anonymous Symbol]                       0x0800b2d8   Section        0  st7305.o(.text.st7305_draw_string)
    [Anonymous Symbol]                       0x0800b31c   Section        0  st7305.o(.text.st7305_fill)
    [Anonymous Symbol]                       0x0800b338   Section        0  st7305.o(.text.st7305_init)
    [Anonymous Symbol]                       0x0800c4e0   Section        0  st7305.o(.text.st7305_refresh)
    i.__hardfp_logf                          0x0800c688   Section        0  logf.o(i.__hardfp_logf)
    i.__mathlib_flt_divzero                  0x0800c7f4   Section        0  funder.o(i.__mathlib_flt_divzero)
    i.__mathlib_flt_infnan                   0x0800c808   Section        0  funder.o(i.__mathlib_flt_infnan)
    i.__mathlib_flt_invalid                  0x0800c810   Section        0  funder.o(i.__mathlib_flt_invalid)
    i._is_digit                              0x0800c820   Section        0  __printf_wp.o(i._is_digit)
    locale$$code                             0x0800c830   Section       44  lc_ctype_c.o(locale$$code)
    $v0                                      0x0800c85c   Number         0  fpinit.o(x$fpl$fpinit)
    x$fpl$fpinit                             0x0800c85c   Section       26  fpinit.o(x$fpl$fpinit)
    maptable                                 0x0800c876   Data          17  __printf_flags_wp.o(.constdata)
    .constdata                               0x0800c876   Section       17  __printf_flags_wp.o(.constdata)
    x$fpl$usenofp                            0x0800c876   Section        0  usenofp.o(x$fpl$usenofp)
    logahi                                   0x0800c888   Data          32  logf.o(.constdata)
    .constdata                               0x0800c888   Section       64  logf.o(.constdata)
    logalo                                   0x0800c8a8   Data          32  logf.o(.constdata)
    LUNAR_INFO                               0x0800c8e0   Data         600  main.o(.rodata.LUNAR_INFO)
    [Anonymous Symbol]                       0x0800c8e0   Section        0  main.o(.rodata.LUNAR_INFO)
    .Lswitch.table.UART_SetConfig.3          0x0800cb68   Data          16  stm32l4xx_hal_uart.o(.rodata.cst16)
    main.ping                                0x0800cb78   Data           2  main.o(.rodata.main.ping)
    [Anonymous Symbol]                       0x0800cb78   Section        0  main.o(.rodata.main.ping)
    st7305_get_glyph.glyph_space             0x0800cb7a   Data           5  st7305.o(.rodata.st7305_get_glyph.glyph_space)
    [Anonymous Symbol]                       0x0800cb7a   Section        0  st7305.o(.rodata.st7305_get_glyph.glyph_space)
    .L.str.10                                0x0800cb7f   Data           2  main.o(.rodata.str1.1)
    [Anonymous Symbol]                       0x0800cb7f   Section        0  main.o(.rodata.str1.1)
    .L.str.2                                 0x0800cb81   Data           2  main.o(.rodata.str1.1)
    .L.str.3                                 0x0800cb82   Data           1  main.o(.rodata.str1.1)
    locale$$data                             0x0800cba4   Section      272  lc_ctype_c.o(locale$$data)
    __lcctype_c_name                         0x0800cba8   Data           2  lc_ctype_c.o(locale$$data)
    __lcctype_c_start                        0x0800cbb0   Data           0  lc_ctype_c.o(locale$$data)
    __lcctype_c_end                          0x0800ccb4   Data           0  lc_ctype_c.o(locale$$data)
    .L_MergedGlobals                         0x20000000   Data          12  main.o(.data..L_MergedGlobals)
    g_w_code                                 0x20000000   Data           1  main.o(.data..L_MergedGlobals)
    [Anonymous Symbol]                       0x20000000   Section        0  main.o(.data..L_MergedGlobals)
    g_date                                   0x20000001   Data          11  main.o(.data..L_MergedGlobals)
    .L_MergedGlobals                         0x2000000c   Data           8  stm32l4xx_hal.o(.data..L_MergedGlobals)
    [Anonymous Symbol]                       0x2000000c   Section        0  stm32l4xx_hal.o(.data..L_MergedGlobals)
    .bss                                     0x20000018   Section       96  libspace.o(.bss)
    .L_MergedGlobals.12                      0x20000078   Data          84  main.o(.bss..L_MergedGlobals.12)
    g_uart_rx_byte                           0x20000078   Data           1  main.o(.bss..L_MergedGlobals.12)
    [Anonymous Symbol]                       0x20000078   Section        0  main.o(.bss..L_MergedGlobals.12)
    g_w_temp_c                               0x20000079   Data           1  main.o(.bss..L_MergedGlobals.12)
    g_hh                                     0x2000007a   Data           1  main.o(.bss..L_MergedGlobals.12)
    g_mm                                     0x2000007b   Data           1  main.o(.bss..L_MergedGlobals.12)
    g_ss                                     0x2000007c   Data           1  main.o(.bss..L_MergedGlobals.12)
    g_wifi_up                                0x2000007d   Data           1  main.o(.bss..L_MergedGlobals.12)
    g_line_len                               0x2000007e   Data           1  main.o(.bss..L_MergedGlobals.12)
    g_time_synced                            0x2000007f   Data           1  main.o(.bss..L_MergedGlobals.12)
    g_esp_last_seen_ms                       0x20000080   Data           4  main.o(.bss..L_MergedGlobals.12)
    g_w_last_seen_ms                         0x20000084   Data           4  main.o(.bss..L_MergedGlobals.12)
    g_sht30                                  0x20000088   Data           8  main.o(.bss..L_MergedGlobals.12)
    g_lcd                                    0x20000090   Data          28  main.o(.bss..L_MergedGlobals.12)
    g_line_buf                               0x200000ac   Data          32  main.o(.bss..L_MergedGlobals.12)
    hadc_bat                                 0x200000cc   Data         100  main.o(.bss.hadc_bat)
    [Anonymous Symbol]                       0x200000cc   Section        0  main.o(.bss.hadc_bat)
    s_buffer                                 0x2000026c   Data       15000  st7305.o(.bss.s_buffer)
    [Anonymous Symbol]                       0x2000026c   Section        0  st7305.o(.bss.s_buffer)
    Heap_Mem                                 0x20003d08   Data         512  startup_stm32l443xx.o(HEAP)
    HEAP                                     0x20003d08   Section      512  startup_stm32l443xx.o(HEAP)
    Stack_Mem                                0x20003f08   Data        1024  startup_stm32l443xx.o(STACK)
    STACK                                    0x20003f08   Section     1024  startup_stm32l443xx.o(STACK)
    __initial_sp                             0x20004308   Data           0  startup_stm32l443xx.o(STACK)

    Global Symbols

    Symbol Name                              Value     Ov Type        Size  Object(Section)

    BuildAttributes$$THM_ISAv4$E$P$D$K$B$S$7EM$VFPi3$EXTD16$VFPS$VFMA$PE$A:L22UL41UL21$X:L11$S22US41US21$IEEE1$IW$~IW$USESV6$~STKCKD$USESV7$~SHL$OTIME$ROPI$IEEEX$EBA8$UX$STANDARDLIB$REQ8$PRES8$EABIv2 0x00000000   Number         0  anon$$obj.o ABSOLUTE
    _printf_flags                            0x00000000   Number         0  printf_stubs.o ABSOLUTE
    _printf_return_value                     0x00000000   Number         0  printf_stubs.o ABSOLUTE
    _printf_sizespec                         0x00000000   Number         0  printf_stubs.o ABSOLUTE
    _printf_widthprec                        0x00000000   Number         0  printf_stubs.o ABSOLUTE
    __ARM_exceptions_init                     - Undefined Weak Reference
    __alloca_initialize                       - Undefined Weak Reference
    __arm_preinit_                            - Undefined Weak Reference
    __arm_relocate_pie_                       - Undefined Weak Reference
    __cpp_initialize__aeabi_                  - Undefined Weak Reference
    __cxa_finalize                            - Undefined Weak Reference
    __sigvec_lookup                           - Undefined Weak Reference
    _atexit_init                              - Undefined Weak Reference
    _call_atexit_fns                          - Undefined Weak Reference
    _clock_init                               - Undefined Weak Reference
    _fp_trap_init                             - Undefined Weak Reference
    _fp_trap_shutdown                         - Undefined Weak Reference
    _get_lc_collate                           - Undefined Weak Reference
    _get_lc_monetary                          - Undefined Weak Reference
    _get_lc_numeric                           - Undefined Weak Reference
    _get_lc_time                              - Undefined Weak Reference
    _getenv_init                              - Undefined Weak Reference
    _handle_redirection                       - Undefined Weak Reference
    _init_alloc                               - Undefined Weak Reference
    _init_user_alloc                          - Undefined Weak Reference
    _initio                                   - Undefined Weak Reference
    _printf_mbtowc                            - Undefined Weak Reference
    _printf_truncate_signed                   - Undefined Weak Reference
    _printf_truncate_unsigned                 - Undefined Weak Reference
    _rand_init                                - Undefined Weak Reference
    _scanf_longlong                           - Undefined Weak Reference
    _scanf_mbtowc                             - Undefined Weak Reference
    _scanf_real                               - Undefined Weak Reference
    _scanf_string                             - Undefined Weak Reference
    _scanf_wctomb                             - Undefined Weak Reference
    _scanf_wstring                            - Undefined Weak Reference
    _signal_finish                            - Undefined Weak Reference
    _signal_init                              - Undefined Weak Reference
    _terminate_alloc                          - Undefined Weak Reference
    _terminate_user_alloc                     - Undefined Weak Reference
    _terminateio                              - Undefined Weak Reference
    __Vectors_Size                           0x0000018c   Number         0  startup_stm32l443xx.o ABSOLUTE
    __Vectors                                0x08000000   Data           4  startup_stm32l443xx.o(RESET)
    __Vectors_End                            0x0800018c   Data           0  startup_stm32l443xx.o(RESET)
    __main                                   0x0800018d   Thumb Code     8  __main.o(!!!main)
    __scatterload                            0x08000195   Thumb Code     0  __scatter.o(!!!scatter)
    __scatterload_rt2                        0x08000195   Thumb Code    84  __scatter.o(!!!scatter)
    __scatterload_rt2_thumb_only             0x08000195   Thumb Code     0  __scatter.o(!!!scatter)
    __scatterload_loop                       0x0800019f   Thumb Code     0  __scatter.o(!!!scatter)
    __scatterload_copy                       0x080001f1   Thumb Code    26  __scatter_copy.o(!!handler_copy)
    __scatterload_null                       0x0800020d   Thumb Code     2  __scatter.o(!!handler_null)
    __scatterload_zeroinit                   0x08000211   Thumb Code    28  __scatter_zi.o(!!handler_zi)
    _printf_d                                0x0800022d   Thumb Code     0  _printf_d.o(.ARM.Collect$$_printf_percent$$00000009)
    _printf_percent                          0x0800022d   Thumb Code     0  _printf_percent.o(.ARM.Collect$$_printf_percent$$00000000)
    _printf_s                                0x08000233   Thumb Code     0  _printf_s.o(.ARM.Collect$$_printf_percent$$00000014)
    _printf_percent_end                      0x08000239   Thumb Code     0  _printf_percent_end.o(.ARM.Collect$$_printf_percent$$00000017)
    __rt_lib_init                            0x0800023d   Thumb Code     0  libinit.o(.ARM.Collect$$libinit$$00000000)
    __rt_lib_init_fp_1                       0x0800023f   Thumb Code     0  libinit2.o(.ARM.Collect$$libinit$$00000001)
    __rt_lib_init_heap_1                     0x08000243   Thumb Code     0  libinit2.o(.ARM.Collect$$libinit$$0000000C)
    __rt_lib_init_lc_common                  0x08000243   Thumb Code     0  libinit2.o(.ARM.Collect$$libinit$$00000011)
    __rt_lib_init_preinit_1                  0x08000243   Thumb Code     0  libinit2.o(.ARM.Collect$$libinit$$00000006)
    __rt_lib_init_rand_1                     0x08000243   Thumb Code     0  libinit2.o(.ARM.Collect$$libinit$$00000010)
    __rt_lib_init_relocate_pie_1             0x08000243   Thumb Code     0  libinit2.o(.ARM.Collect$$libinit$$00000004)
    __rt_lib_init_user_alloc_1               0x08000243   Thumb Code     0  libinit2.o(.ARM.Collect$$libinit$$0000000E)
    __rt_lib_init_lc_collate_1               0x08000249   Thumb Code     0  libinit2.o(.ARM.Collect$$libinit$$00000013)
    __rt_lib_init_lc_ctype_2                 0x08000249   Thumb Code     0  libinit2.o(.ARM.Collect$$libinit$$00000014)
    __rt_lib_init_alloca_1                   0x08000255   Thumb Code     0  libinit2.o(.ARM.Collect$$libinit$$00000030)
    __rt_lib_init_argv_1                     0x08000255   Thumb Code     0  libinit2.o(.ARM.Collect$$libinit$$0000002E)
    __rt_lib_init_atexit_1                   0x08000255   Thumb Code     0  libinit2.o(.ARM.Collect$$libinit$$0000001D)
    __rt_lib_init_clock_1                    0x08000255   Thumb Code     0  libinit2.o(.ARM.Collect$$libinit$$00000023)
    __rt_lib_init_cpp_1                      0x08000255   Thumb Code     0  libinit2.o(.ARM.Collect$$libinit$$00000034)
    __rt_lib_init_exceptions_1               0x08000255   Thumb Code     0  libinit2.o(.ARM.Collect$$libinit$$00000032)
    __rt_lib_init_fp_trap_1                  0x08000255   Thumb Code     0  libinit2.o(.ARM.Collect$$libinit$$00000021)
    __rt_lib_init_getenv_1                   0x08000255   Thumb Code     0  libinit2.o(.ARM.Collect$$libinit$$00000025)
    __rt_lib_init_lc_ctype_1                 0x08000255   Thumb Code     0  libinit2.o(.ARM.Collect$$libinit$$00000015)
    __rt_lib_init_lc_monetary_1              0x08000255   Thumb Code     0  libinit2.o(.ARM.Collect$$libinit$$00000017)
    __rt_lib_init_lc_numeric_1               0x08000255   Thumb Code     0  libinit2.o(.ARM.Collect$$libinit$$00000019)
    __rt_lib_init_lc_time_1                  0x08000255   Thumb Code     0  libinit2.o(.ARM.Collect$$libinit$$0000001B)
    __rt_lib_init_return                     0x08000255   Thumb Code     0  libinit2.o(.ARM.Collect$$libinit$$00000035)
    __rt_lib_init_signal_1                   0x08000255   Thumb Code     0  libinit2.o(.ARM.Collect$$libinit$$0000001F)
    __rt_lib_init_stdio_1                    0x08000255   Thumb Code     0  libinit2.o(.ARM.Collect$$libinit$$00000027)
    __rt_lib_shutdown                        0x08000257   Thumb Code     0  libshutdown.o(.ARM.Collect$$libshutdown$$00000000)
    __rt_lib_shutdown_cpp_1                  0x08000259   Thumb Code     0  libshutdown2.o(.ARM.Collect$$libshutdown$$00000002)
    __rt_lib_shutdown_fp_trap_1              0x08000259   Thumb Code     0  libshutdown2.o(.ARM.Collect$$libshutdown$$00000007)
    __rt_lib_shutdown_heap_1                 0x08000259   Thumb Code     0  libshutdown2.o(.ARM.Collect$$libshutdown$$0000000F)
    __rt_lib_shutdown_return                 0x08000259   Thumb Code     0  libshutdown2.o(.ARM.Collect$$libshutdown$$00000010)
    __rt_lib_shutdown_signal_1               0x08000259   Thumb Code     0  libshutdown2.o(.ARM.Collect$$libshutdown$$0000000A)
    __rt_lib_shutdown_stdio_1                0x08000259   Thumb Code     0  libshutdown2.o(.ARM.Collect$$libshutdown$$00000004)
    __rt_lib_shutdown_user_alloc_1           0x08000259   Thumb Code     0  libshutdown2.o(.ARM.Collect$$libshutdown$$0000000C)
    __rt_entry                               0x0800025b   Thumb Code     0  __rtentry.o(.ARM.Collect$$rtentry$$00000000)
    __rt_entry_presh_1                       0x0800025b   Thumb Code     0  __rtentry2.o(.ARM.Collect$$rtentry$$00000002)
    __rt_entry_sh                            0x0800025b   Thumb Code     0  __rtentry4.o(.ARM.Collect$$rtentry$$00000004)
    __rt_entry_li                            0x08000261   Thumb Code     0  __rtentry2.o(.ARM.Collect$$rtentry$$0000000A)
    __rt_entry_postsh_1                      0x08000261   Thumb Code     0  __rtentry2.o(.ARM.Collect$$rtentry$$00000009)
    __rt_entry_main                          0x08000265   Thumb Code     0  __rtentry2.o(.ARM.Collect$$rtentry$$0000000D)
    __rt_entry_postli_1                      0x08000265   Thumb Code     0  __rtentry2.o(.ARM.Collect$$rtentry$$0000000C)
    __rt_exit                                0x0800026d   Thumb Code     0  rtexit.o(.ARM.Collect$$rtexit$$00000000)
    __rt_exit_ls                             0x0800026f   Thumb Code     0  rtexit2.o(.ARM.Collect$$rtexit$$00000003)
    __rt_exit_prels_1                        0x0800026f   Thumb Code     0  rtexit2.o(.ARM.Collect$$rtexit$$00000002)
    __rt_exit_exit                           0x08000273   Thumb Code     0  rtexit2.o(.ARM.Collect$$rtexit$$00000004)
    Reset_Handler                            0x08000279   Thumb Code     8  startup_stm32l443xx.o(.text)
    ADC1_IRQHandler                          0x08000293   Thumb Code     0  startup_stm32l443xx.o(.text)
    AES_IRQHandler                           0x08000293   Thumb Code     0  startup_stm32l443xx.o(.text)
    CAN1_RX0_IRQHandler                      0x08000293   Thumb Code     0  startup_stm32l443xx.o(.text)
    CAN1_RX1_IRQHandler                      0x08000293   Thumb Code     0  startup_stm32l443xx.o(.text)
    CAN1_SCE_IRQHandler                      0x08000293   Thumb Code     0  startup_stm32l443xx.o(.text)
    CAN1_TX_IRQHandler                       0x08000293   Thumb Code     0  startup_stm32l443xx.o(.text)
    COMP_IRQHandler                          0x08000293   Thumb Code     0  startup_stm32l443xx.o(.text)
    CRS_IRQHandler                           0x08000293   Thumb Code     0  startup_stm32l443xx.o(.text)
    DMA1_Channel1_IRQHandler                 0x08000293   Thumb Code     0  startup_stm32l443xx.o(.text)
    DMA1_Channel2_IRQHandler                 0x08000293   Thumb Code     0  startup_stm32l443xx.o(.text)
    DMA1_Channel3_IRQHandler                 0x08000293   Thumb Code     0  startup_stm32l443xx.o(.text)
    DMA1_Channel4_IRQHandler                 0x08000293   Thumb Code     0  startup_stm32l443xx.o(.text)
    DMA1_Channel5_IRQHandler                 0x08000293   Thumb Code     0  startup_stm32l443xx.o(.text)
    DMA1_Channel6_IRQHandler                 0x08000293   Thumb Code     0  startup_stm32l443xx.o(.text)
    DMA1_Channel7_IRQHandler                 0x08000293   Thumb Code     0  startup_stm32l443xx.o(.text)
    DMA2_Channel1_IRQHandler                 0x08000293   Thumb Code     0  startup_stm32l443xx.o(.text)
    DMA2_Channel2_IRQHandler                 0x08000293   Thumb Code     0  startup_stm32l443xx.o(.text)
    DMA2_Channel3_IRQHandler                 0x08000293   Thumb Code     0  startup_stm32l443xx.o(.text)
    DMA2_Channel4_IRQHandler                 0x08000293   Thumb Code     0  startup_stm32l443xx.o(.text)
    DMA2_Channel5_IRQHandler                 0x08000293   Thumb Code     0  startup_stm32l443xx.o(.text)
    DMA2_Channel6_IRQHandler                 0x08000293   Thumb Code     0  startup_stm32l443xx.o(.text)
    DMA2_Channel7_IRQHandler                 0x08000293   Thumb Code     0  startup_stm32l443xx.o(.text)
    EXTI0_IRQHandler                         0x08000293   Thumb Code     0  startup_stm32l443xx.o(.text)
    EXTI15_10_IRQHandler                     0x08000293   Thumb Code     0  startup_stm32l443xx.o(.text)
    EXTI1_IRQHandler                         0x08000293   Thumb Code     0  startup_stm32l443xx.o(.text)
    EXTI2_IRQHandler                         0x08000293   Thumb Code     0  startup_stm32l443xx.o(.text)
    EXTI3_IRQHandler                         0x08000293   Thumb Code     0  startup_stm32l443xx.o(.text)
    EXTI4_IRQHandler                         0x08000293   Thumb Code     0  startup_stm32l443xx.o(.text)
    EXTI9_5_IRQHandler                       0x08000293   Thumb Code     0  startup_stm32l443xx.o(.text)
    FLASH_IRQHandler                         0x08000293   Thumb Code     0  startup_stm32l443xx.o(.text)
    FPU_IRQHandler                           0x08000293   Thumb Code     0  startup_stm32l443xx.o(.text)
    I2C1_ER_IRQHandler                       0x08000293   Thumb Code     0  startup_stm32l443xx.o(.text)
    I2C1_EV_IRQHandler                       0x08000293   Thumb Code     0  startup_stm32l443xx.o(.text)
    I2C2_ER_IRQHandler                       0x08000293   Thumb Code     0  startup_stm32l443xx.o(.text)
    I2C2_EV_IRQHandler                       0x08000293   Thumb Code     0  startup_stm32l443xx.o(.text)
    I2C3_ER_IRQHandler                       0x08000293   Thumb Code     0  startup_stm32l443xx.o(.text)
    I2C3_EV_IRQHandler                       0x08000293   Thumb Code     0  startup_stm32l443xx.o(.text)
    LCD_IRQHandler                           0x08000293   Thumb Code     0  startup_stm32l443xx.o(.text)
    LPTIM1_IRQHandler                        0x08000293   Thumb Code     0  startup_stm32l443xx.o(.text)
    LPTIM2_IRQHandler                        0x08000293   Thumb Code     0  startup_stm32l443xx.o(.text)
    LPUART1_IRQHandler                       0x08000293   Thumb Code     0  startup_stm32l443xx.o(.text)
    PVD_PVM_IRQHandler                       0x08000293   Thumb Code     0  startup_stm32l443xx.o(.text)
    QUADSPI_IRQHandler                       0x08000293   Thumb Code     0  startup_stm32l443xx.o(.text)
    RCC_IRQHandler                           0x08000293   Thumb Code     0  startup_stm32l443xx.o(.text)
    RNG_IRQHandler                           0x08000293   Thumb Code     0  startup_stm32l443xx.o(.text)
    RTC_Alarm_IRQHandler                     0x08000293   Thumb Code     0  startup_stm32l443xx.o(.text)
    RTC_WKUP_IRQHandler                      0x08000293   Thumb Code     0  startup_stm32l443xx.o(.text)
    SAI1_IRQHandler                          0x08000293   Thumb Code     0  startup_stm32l443xx.o(.text)
    SDMMC1_IRQHandler                        0x08000293   Thumb Code     0  startup_stm32l443xx.o(.text)
    SPI1_IRQHandler                          0x08000293   Thumb Code     0  startup_stm32l443xx.o(.text)
    SPI2_IRQHandler                          0x08000293   Thumb Code     0  startup_stm32l443xx.o(.text)
    SPI3_IRQHandler                          0x08000293   Thumb Code     0  startup_stm32l443xx.o(.text)
    SWPMI1_IRQHandler                        0x08000293   Thumb Code     0  startup_stm32l443xx.o(.text)
    TAMP_STAMP_IRQHandler                    0x08000293   Thumb Code     0  startup_stm32l443xx.o(.text)
    TIM1_BRK_TIM15_IRQHandler                0x08000293   Thumb Code     0  startup_stm32l443xx.o(.text)
    TIM1_CC_IRQHandler                       0x08000293   Thumb Code     0  startup_stm32l443xx.o(.text)
    TIM1_TRG_COM_IRQHandler                  0x08000293   Thumb Code     0  startup_stm32l443xx.o(.text)
    TIM1_UP_TIM16_IRQHandler                 0x08000293   Thumb Code     0  startup_stm32l443xx.o(.text)
    TIM2_IRQHandler                          0x08000293   Thumb Code     0  startup_stm32l443xx.o(.text)
    TIM6_DAC_IRQHandler                      0x08000293   Thumb Code     0  startup_stm32l443xx.o(.text)
    TIM7_IRQHandler                          0x08000293   Thumb Code     0  startup_stm32l443xx.o(.text)
    TSC_IRQHandler                           0x08000293   Thumb Code     0  startup_stm32l443xx.o(.text)
    USART1_IRQHandler                        0x08000293   Thumb Code     0  startup_stm32l443xx.o(.text)
    USART3_IRQHandler                        0x08000293   Thumb Code     0  startup_stm32l443xx.o(.text)
    USB_IRQHandler                           0x08000293   Thumb Code     0  startup_stm32l443xx.o(.text)
    WWDG_IRQHandler                          0x08000293   Thumb Code     0  startup_stm32l443xx.o(.text)
    __user_initial_stackheap                 0x08000295   Thumb Code     0  startup_stm32l443xx.o(.text)
    __aeabi_uldivmod                         0x080002b9   Thumb Code     0  lludivv7m.o(.text)
    _ll_udiv                                 0x080002b9   Thumb Code   240  lludivv7m.o(.text)
    __2snprintf                              0x080003a9   Thumb Code    58  __2snprintf.o(.text)
    _printf_pre_padding                      0x080003e9   Thumb Code    44  _printf_pad.o(.text)
    _printf_post_padding                     0x08000415   Thumb Code    34  _printf_pad.o(.text)
    _printf_str                              0x08000437   Thumb Code    82  _printf_str.o(.text)
    _printf_int_dec                          0x08000489   Thumb Code   104  _printf_dec.o(.text)
    __printf                                 0x08000501   Thumb Code   308  __printf_flags_wp.o(.text)
    __0sscanf                                0x08000641   Thumb Code    52  __0sscanf.o(.text)
    _scanf_int                               0x0800067d   Thumb Code   332  _scanf_int.o(.text)
    strlen                                   0x080007cf   Thumb Code    62  strlen.o(.text)
    __aeabi_memset4                          0x0800080d   Thumb Code    16  aeabi_memset4.o(.text)
    __aeabi_memset8                          0x0800080d   Thumb Code     0  aeabi_memset4.o(.text)
    __aeabi_memclr4                          0x0800081d   Thumb Code     0  rt_memclr_w.o(.text)
    __aeabi_memclr8                          0x0800081d   Thumb Code     0  rt_memclr_w.o(.text)
    __rt_memclr_w                            0x0800081d   Thumb Code     0  rt_memclr_w.o(.text)
    _memset_w                                0x08000821   Thumb Code    74  rt_memclr_w.o(.text)
    __use_two_region_memory                  0x0800086b   Thumb Code     2  heapauxi.o(.text)
    __rt_heap_escrow$2region                 0x0800086d   Thumb Code     2  heapauxi.o(.text)
    __rt_heap_expand$2region                 0x0800086f   Thumb Code     2  heapauxi.o(.text)
    __read_errno                             0x08000871   Thumb Code    10  _rserrno.o(.text)
    __set_errno                              0x0800087b   Thumb Code    12  _rserrno.o(.text)
    _printf_int_common                       0x08000887   Thumb Code   178  _printf_intcommon.o(.text)
    _printf_char_common                      0x08000943   Thumb Code    32  _printf_char_common.o(.text)
    _snputc                                  0x08000969   Thumb Code    16  _snputc.o(.text)
    _printf_cs_common                        0x08000979   Thumb Code    20  _printf_char.o(.text)
    _printf_char                             0x0800098d   Thumb Code    16  _printf_char.o(.text)
    _printf_string                           0x0800099d   Thumb Code     8  _printf_char.o(.text)
    _chval                                   0x080009a5   Thumb Code    28  _chval.o(.text)
    __vfscanf_char                           0x080009cd   Thumb Code    24  scanf_char.o(.text)
    _sgetc                                   0x080009ed   Thumb Code    30  _sgetc.o(.text)
    _sbackspace                              0x08000a0b   Thumb Code    34  _sgetc.o(.text)
    __aeabi_errno_addr                       0x08000a2d   Thumb Code     8  rt_errno_addr_intlibspace.o(.text)
    __errno$intlibspace                      0x08000a2d   Thumb Code     0  rt_errno_addr_intlibspace.o(.text)
    __rt_errno_addr$intlibspace              0x08000a2d   Thumb Code     0  rt_errno_addr_intlibspace.o(.text)
    isspace                                  0x08000a35   Thumb Code    18  isspace.o(.text)
    __vfscanf                                0x08000a49   Thumb Code   878  _scanf.o(.text)
    __user_libspace                          0x08000dc5   Thumb Code     8  libspace.o(.text)
    __user_perproc_libspace                  0x08000dc5   Thumb Code     0  libspace.o(.text)
    __user_perthread_libspace                0x08000dc5   Thumb Code     0  libspace.o(.text)
    __user_setup_stackheap                   0x08000dcd   Thumb Code    74  sys_stackheap_outer.o(.text)
    __rt_ctype_table                         0x08000e19   Thumb Code    16  rt_ctype_table.o(.text)
    exit                                     0x08000e29   Thumb Code    18  exit.o(.text)
    __rt_locale                              0x08000e3d   Thumb Code     8  rt_locale_intlibspace.o(.text)
    _sys_exit                                0x08000e45   Thumb Code     8  sys_exit.o(.text)
    strcmp                                   0x08000e51   Thumb Code   124  strcmpv7em.o(.text)
    __I$use$semihosting                      0x08000ecd   Thumb Code     0  use_no_semi.o(.text)
    __use_no_semihosting_swi                 0x08000ecd   Thumb Code     2  use_no_semi.o(.text)
    __semihosting_library_function           0x08000ecf   Thumb Code     0  indicate_semi.o(.text)
    ADC_ConversionStop                       0x08000ed1   Thumb Code   400  stm32l4xx_hal_adc.o(.text.ADC_ConversionStop)
    ADC_Disable                              0x08001061   Thumb Code   124  stm32l4xx_hal_adc.o(.text.ADC_Disable)
    ADC_Enable                               0x080010dd   Thumb Code   246  stm32l4xx_hal_adc.o(.text.ADC_Enable)
    BusFault_Handler                         0x080011d5   Thumb Code     2  stm32l4xx_it.o(.text.BusFault_Handler)
    DebugMon_Handler                         0x080011d9   Thumb Code     2  stm32l4xx_it.o(.text.DebugMon_Handler)
    HAL_ADCEx_Calibration_Start              0x080011dd   Thumb Code   212  stm32l4xx_hal_adc_ex.o(.text.HAL_ADCEx_Calibration_Start)
    HAL_ADC_ConfigChannel                    0x080012b1   Thumb Code   844  stm32l4xx_hal_adc.o(.text.HAL_ADC_ConfigChannel)
    HAL_ADC_GetValue                         0x0800160d   Thumb Code     6  stm32l4xx_hal_adc.o(.text.HAL_ADC_GetValue)
    HAL_ADC_Init                             0x08001615   Thumb Code   486  stm32l4xx_hal_adc.o(.text.HAL_ADC_Init)
    HAL_ADC_MspInit                          0x080017fd   Thumb Code     2  stm32l4xx_hal_adc.o(.text.HAL_ADC_MspInit)
    HAL_ADC_PollForConversion                0x08001801   Thumb Code   238  stm32l4xx_hal_adc.o(.text.HAL_ADC_PollForConversion)
    HAL_ADC_Start                            0x080018f1   Thumb Code   130  stm32l4xx_hal_adc.o(.text.HAL_ADC_Start)
    HAL_ADC_Stop                             0x08001975   Thumb Code   180  stm32l4xx_hal_adc.o(.text.HAL_ADC_Stop)
    HAL_DMA_Abort                            0x08001a29   Thumb Code    74  stm32l4xx_hal_dma.o(.text.HAL_DMA_Abort)
    HAL_DMA_Abort_IT                         0x08001a75   Thumb Code    84  stm32l4xx_hal_dma.o(.text.HAL_DMA_Abort_IT)
    HAL_Delay                                0x08001ac9   Thumb Code    40  stm32l4xx_hal.o(.text.HAL_Delay)
    HAL_GPIO_Init                            0x08001af1   Thumb Code   434  stm32l4xx_hal_gpio.o(.text.HAL_GPIO_Init)
    HAL_GPIO_WritePin                        0x08001ca9   Thumb Code    12  stm32l4xx_hal_gpio.o(.text.HAL_GPIO_WritePin)
    HAL_GetTick                              0x08001cb5   Thumb Code    12  stm32l4xx_hal.o(.text.HAL_GetTick)
    HAL_I2CEx_ConfigAnalogFilter             0x08001cc1   Thumb Code    74  stm32l4xx_hal_i2c_ex.o(.text.HAL_I2CEx_ConfigAnalogFilter)
    HAL_I2CEx_ConfigDigitalFilter            0x08001d0d   Thumb Code    72  stm32l4xx_hal_i2c_ex.o(.text.HAL_I2CEx_ConfigDigitalFilter)
    HAL_I2C_Init                             0x08001d55   Thumb Code   164  stm32l4xx_hal_i2c.o(.text.HAL_I2C_Init)
    HAL_I2C_Master_Receive                   0x08001df9   Thumb Code   500  stm32l4xx_hal_i2c.o(.text.HAL_I2C_Master_Receive)
    HAL_I2C_Master_Transmit                  0x08001ff5   Thumb Code   496  stm32l4xx_hal_i2c.o(.text.HAL_I2C_Master_Transmit)
    HAL_I2C_MspInit                          0x080021ed   Thumb Code   118  stm32l4xx_hal_msp.o(.text.HAL_I2C_MspInit)
    HAL_IncTick                              0x08002265   Thumb Code    26  stm32l4xx_hal.o(.text.HAL_IncTick)
    HAL_Init                                 0x08002281   Thumb Code    30  stm32l4xx_hal.o(.text.HAL_Init)
    HAL_InitTick                             0x080022a1   Thumb Code    80  stm32l4xx_hal.o(.text.HAL_InitTick)
    HAL_MspInit                              0x080022f1   Thumb Code    50  stm32l4xx_hal_msp.o(.text.HAL_MspInit)
    HAL_NVIC_EnableIRQ                       0x08002325   Thumb Code    34  stm32l4xx_hal_cortex.o(.text.HAL_NVIC_EnableIRQ)
    HAL_NVIC_SetPriority                     0x08002349   Thumb Code    86  stm32l4xx_hal_cortex.o(.text.HAL_NVIC_SetPriority)
    HAL_NVIC_SetPriorityGrouping             0x080023a1   Thumb Code    32  stm32l4xx_hal_cortex.o(.text.HAL_NVIC_SetPriorityGrouping)
    HAL_PWREx_ControlVoltageScaling          0x080023c1   Thumb Code   140  stm32l4xx_hal_pwr_ex.o(.text.HAL_PWREx_ControlVoltageScaling)
    HAL_PWREx_GetVoltageRange                0x0800244d   Thumb Code    16  stm32l4xx_hal_pwr_ex.o(.text.HAL_PWREx_GetVoltageRange)
    HAL_PWR_EnableBkUpAccess                 0x0800245d   Thumb Code    18  stm32l4xx_hal_pwr.o(.text.HAL_PWR_EnableBkUpAccess)
    HAL_RCCEx_EnableMSIPLLMode               0x08002471   Thumb Code    18  stm32l4xx_hal_rcc_ex.o(.text.HAL_RCCEx_EnableMSIPLLMode)
    HAL_RCC_ClockConfig                      0x08002485   Thumb Code   574  stm32l4xx_hal_rcc.o(.text.HAL_RCC_ClockConfig)
    HAL_RCC_GetPCLK1Freq                     0x080026c5   Thumb Code    42  stm32l4xx_hal_rcc.o(.text.HAL_RCC_GetPCLK1Freq)
    HAL_RCC_GetPCLK2Freq                     0x080026f1   Thumb Code    42  stm32l4xx_hal_rcc.o(.text.HAL_RCC_GetPCLK2Freq)
    HAL_RCC_GetSysClockFreq                  0x0800271d   Thumb Code   198  stm32l4xx_hal_rcc.o(.text.HAL_RCC_GetSysClockFreq)
    HAL_RCC_OscConfig                        0x080027e5   Thumb Code  2036  stm32l4xx_hal_rcc.o(.text.HAL_RCC_OscConfig)
    HAL_SPI_Init                             0x08002fd9   Thumb Code   220  stm32l4xx_hal_spi.o(.text.HAL_SPI_Init)
    HAL_SPI_MspInit                          0x080030b5   Thumb Code   112  stm32l4xx_hal_msp.o(.text.HAL_SPI_MspInit)
    HAL_SPI_Transmit                         0x08003125   Thumb Code   578  stm32l4xx_hal_spi.o(.text.HAL_SPI_Transmit)
    HAL_SYSTICK_Config                       0x08003369   Thumb Code    44  stm32l4xx_hal_cortex.o(.text.HAL_SYSTICK_Config)
    HAL_UARTEx_RxEventCallback               0x08003395   Thumb Code     2  stm32l4xx_hal_uart.o(.text.HAL_UARTEx_RxEventCallback)
    HAL_UARTEx_WakeupCallback                0x08003399   Thumb Code     2  stm32l4xx_hal_uart_ex.o(.text.HAL_UARTEx_WakeupCallback)
    HAL_UART_ErrorCallback                   0x0800339d   Thumb Code     2  stm32l4xx_hal_uart.o(.text.HAL_UART_ErrorCallback)
    HAL_UART_IRQHandler                      0x080033a1   Thumb Code  1480  stm32l4xx_hal_uart.o(.text.HAL_UART_IRQHandler)
    HAL_UART_Init                            0x08003969   Thumb Code   206  stm32l4xx_hal_uart.o(.text.HAL_UART_Init)
    HAL_UART_MspInit                         0x08003a39   Thumb Code   130  stm32l4xx_hal_msp.o(.text.HAL_UART_MspInit)
    HAL_UART_Receive_IT                      0x08003abd   Thumb Code   182  stm32l4xx_hal_uart.o(.text.HAL_UART_Receive_IT)
    HAL_UART_RxCpltCallback                  0x08003b75   Thumb Code   634  main.o(.text.HAL_UART_RxCpltCallback)
    HAL_UART_Transmit                        0x08003df1   Thumb Code   208  stm32l4xx_hal_uart.o(.text.HAL_UART_Transmit)
    HAL_UART_TxCpltCallback                  0x08003ec1   Thumb Code     2  stm32l4xx_hal_uart.o(.text.HAL_UART_TxCpltCallback)
    HardFault_Handler                        0x08003ec5   Thumb Code     2  stm32l4xx_it.o(.text.HardFault_Handler)
    MemManage_Handler                        0x08004165   Thumb Code     2  stm32l4xx_it.o(.text.MemManage_Handler)
    NMI_Handler                              0x08004169   Thumb Code     2  stm32l4xx_it.o(.text.NMI_Handler)
    PendSV_Handler                           0x0800416d   Thumb Code     2  stm32l4xx_it.o(.text.PendSV_Handler)
    SVC_Handler                              0x080043c1   Thumb Code     2  stm32l4xx_it.o(.text.SVC_Handler)
    SysTick_Handler                          0x080043c5   Thumb Code     4  stm32l4xx_it.o(.text.SysTick_Handler)
    SystemClock_Config                       0x080043c9   Thumb Code   164  main.o(.text.SystemClock_Config)
    SystemInit                               0x0800446d   Thumb Code    18  system_stm32l4xx.o(.text.SystemInit)
    UART_AdvFeatureConfig                    0x08004481   Thumb Code   230  stm32l4xx_hal_uart.o(.text.UART_AdvFeatureConfig)
    UART_SetConfig                           0x08004809   Thumb Code   524  stm32l4xx_hal_uart.o(.text.UART_SetConfig)
    UART_Start_Receive_IT                    0x08004a25   Thumb Code   374  stm32l4xx_hal_uart.o(.text.UART_Start_Receive_IT)
    UART_WaitOnFlagUntilTimeout              0x08004b9d   Thumb Code   516  stm32l4xx_hal_uart.o(.text.UART_WaitOnFlagUntilTimeout)
    USART2_IRQHandler                        0x08004da1   Thumb Code    12  stm32l4xx_it.o(.text.USART2_IRQHandler)
    UsageFault_Handler                       0x08004dad   Thumb Code     2  stm32l4xx_it.o(.text.UsageFault_Handler)
    main                                     0x08006bad   Thumb Code  1422  main.o(.text.main)
    sht30_init                               0x08009b19   Thumb Code     8  sht30.o(.text.sht30_init)
    sht30_read                               0x08009b21   Thumb Code   586  sht30.o(.text.sht30_read)
    st7305_draw_char                         0x08009d6d   Thumb Code  5406  st7305.o(.text.st7305_draw_char)
    st7305_draw_pixel                        0x0800b291   Thumb Code    72  st7305.o(.text.st7305_draw_pixel)
    st7305_draw_string                       0x0800b2d9   Thumb Code    66  st7305.o(.text.st7305_draw_string)
    st7305_fill                              0x0800b31d   Thumb Code    28  st7305.o(.text.st7305_fill)
    st7305_init                              0x0800b339   Thumb Code  4514  st7305.o(.text.st7305_init)
    st7305_refresh                           0x0800c4e1   Thumb Code   422  st7305.o(.text.st7305_refresh)
    __hardfp_logf                            0x0800c689   Thumb Code   320  logf.o(i.__hardfp_logf)
    __mathlib_logf                           0x0800c689   Thumb Code     0  logf.o(i.__hardfp_logf)
    __mathlib_flt_divzero                    0x0800c7f5   Thumb Code    14  funder.o(i.__mathlib_flt_divzero)
    __mathlib_flt_infnan                     0x0800c809   Thumb Code     6  funder.o(i.__mathlib_flt_infnan)
    __mathlib_flt_invalid                    0x0800c811   Thumb Code    10  funder.o(i.__mathlib_flt_invalid)
    _is_digit                                0x0800c821   Thumb Code    14  __printf_wp.o(i._is_digit)
    _get_lc_ctype                            0x0800c831   Thumb Code    44  lc_ctype_c.o(locale$$code)
    _fp_init                                 0x0800c85d   Thumb Code    26  fpinit.o(x$fpl$fpinit)
    __fplib_config_fpu_vfp                   0x0800c875   Thumb Code     0  fpinit.o(x$fpl$fpinit)
    __fplib_config_pureend_doubles           0x0800c875   Thumb Code     0  fpinit.o(x$fpl$fpinit)
    __I$use$fp                               0x0800c876   Number         0  usenofp.o(x$fpl$usenofp)
    AHBPrescTable                            0x0800c8c8   Data          16  system_stm32l4xx.o(.rodata.AHBPrescTable)
    APBPrescTable                            0x0800c8d8   Data           8  system_stm32l4xx.o(.rodata.APBPrescTable)
    MSIRangeTable                            0x0800cb38   Data          48  system_stm32l4xx.o(.rodata.MSIRangeTable)
    Region$$Table$$Base                      0x0800cb84   Number         0  anon$$obj.o(Region$$Table)
    Region$$Table$$Limit                     0x0800cba4   Number         0  anon$$obj.o(Region$$Table)
    __ctype                                  0x0800cbb1   Data           0  lc_ctype_c.o(locale$$data)
    uwTickFreq                               0x2000000c   Data           1  stm32l4xx_hal.o(.data..L_MergedGlobals)
    uwTickPrio                               0x20000010   Data           4  stm32l4xx_hal.o(.data..L_MergedGlobals)
    SystemCoreClock                          0x20000014   Data           4  system_stm32l4xx.o(.data.SystemCoreClock)
    __libspace_start                         0x20000018   Data          96  libspace.o(.bss)
    __temporary_stack_top$libspace           0x20000078   Data           0  libspace.o(.bss)
    hi2c1                                    0x20000130   Data          84  main.o(.bss.hi2c1)
    hspi1                                    0x20000184   Data         100  main.o(.bss.hspi1)
    huart2                                   0x200001e8   Data         132  main.o(.bss.huart2)
    uwTick                                   0x20003d04   Data           4  stm32l4xx_hal.o(.bss.uwTick)



==============================================================================

Memory Map of the image

  Image Entry point : 0x0800018d

  Load Region LR_IROM1 (Base: 0x08000000, Size: 0x0000ccd0, Max: 0x00040000, ABSOLUTE)

    Execution Region ER_IROM1 (Exec base: 0x08000000, Load base: 0x08000000, Size: 0x0000ccb4, Max: 0x00040000, ABSOLUTE)

    Exec Addr    Load Addr    Size         Type   Attr      Idx    E Section Name        Object

    0x08000000   0x08000000   0x0000018c   Data   RO            3    RESET               startup_stm32l443xx.o
    0x0800018c   0x0800018c   0x00000008   Code   RO         1259  * !!!main             c_w.l(__main.o)
    0x08000194   0x08000194   0x0000005c   Code   RO         1496    !!!scatter          c_w.l(__scatter.o)
    0x080001f0   0x080001f0   0x0000001a   Code   RO         1500    !!handler_copy      c_w.l(__scatter_copy.o)
    0x0800020a   0x0800020a   0x00000002   PAD
    0x0800020c   0x0800020c   0x00000002   Code   RO         1497    !!handler_null      c_w.l(__scatter.o)
    0x0800020e   0x0800020e   0x00000002   PAD
    0x08000210   0x08000210   0x0000001c   Code   RO         1502    !!handler_zi        c_w.l(__scatter_zi.o)
    0x0800022c   0x0800022c   0x00000000   Code   RO         1246    .ARM.Collect$$_printf_percent$$00000000  c_w.l(_printf_percent.o)
    0x0800022c   0x0800022c   0x00000006   Code   RO         1245    .ARM.Collect$$_printf_percent$$00000009  c_w.l(_printf_d.o)
    0x08000232   0x08000232   0x00000006   Code   RO         1244    .ARM.Collect$$_printf_percent$$00000014  c_w.l(_printf_s.o)
    0x08000238   0x08000238   0x00000004   Code   RO         1283    .ARM.Collect$$_printf_percent$$00000017  c_w.l(_printf_percent_end.o)
    0x0800023c   0x0800023c   0x00000002   Code   RO         1351    .ARM.Collect$$libinit$$00000000  c_w.l(libinit.o)
    0x0800023e   0x0800023e   0x00000004   Code   RO         1368    .ARM.Collect$$libinit$$00000001  c_w.l(libinit2.o)
    0x08000242   0x08000242   0x00000000   Code   RO         1371    .ARM.Collect$$libinit$$00000004  c_w.l(libinit2.o)
    0x08000242   0x08000242   0x00000000   Code   RO         1373    .ARM.Collect$$libinit$$00000006  c_w.l(libinit2.o)
    0x08000242   0x08000242   0x00000000   Code   RO         1376    .ARM.Collect$$libinit$$0000000C  c_w.l(libinit2.o)
    0x08000242   0x08000242   0x00000000   Code   RO         1378    .ARM.Collect$$libinit$$0000000E  c_w.l(libinit2.o)
    0x08000242   0x08000242   0x00000000   Code   RO         1380    .ARM.Collect$$libinit$$00000010  c_w.l(libinit2.o)
    0x08000242   0x08000242   0x00000006   Code   RO         1381    .ARM.Collect$$libinit$$00000011  c_w.l(libinit2.o)
    0x08000248   0x08000248   0x00000000   Code   RO         1383    .ARM.Collect$$libinit$$00000013  c_w.l(libinit2.o)
    0x08000248   0x08000248   0x0000000c   Code   RO         1384    .ARM.Collect$$libinit$$00000014  c_w.l(libinit2.o)
    0x08000254   0x08000254   0x00000000   Code   RO         1385    .ARM.Collect$$libinit$$00000015  c_w.l(libinit2.o)
    0x08000254   0x08000254   0x00000000   Code   RO         1387    .ARM.Collect$$libinit$$00000017  c_w.l(libinit2.o)
    0x08000254   0x08000254   0x00000000   Code   RO         1389    .ARM.Collect$$libinit$$00000019  c_w.l(libinit2.o)
    0x08000254   0x08000254   0x00000000   Code   RO         1391    .ARM.Collect$$libinit$$0000001B  c_w.l(libinit2.o)
    0x08000254   0x08000254   0x00000000   Code   RO         1393    .ARM.Collect$$libinit$$0000001D  c_w.l(libinit2.o)
    0x08000254   0x08000254   0x00000000   Code   RO         1395    .ARM.Collect$$libinit$$0000001F  c_w.l(libinit2.o)
    0x08000254   0x08000254   0x00000000   Code   RO         1397    .ARM.Collect$$libinit$$00000021  c_w.l(libinit2.o)
    0x08000254   0x08000254   0x00000000   Code   RO         1399    .ARM.Collect$$libinit$$00000023  c_w.l(libinit2.o)
    0x08000254   0x08000254   0x00000000   Code   RO         1401    .ARM.Collect$$libinit$$00000025  c_w.l(libinit2.o)
    0x08000254   0x08000254   0x00000000   Code   RO         1403    .ARM.Collect$$libinit$$00000027  c_w.l(libinit2.o)
    0x08000254   0x08000254   0x00000000   Code   RO         1407    .ARM.Collect$$libinit$$0000002E  c_w.l(libinit2.o)
    0x08000254   0x08000254   0x00000000   Code   RO         1409    .ARM.Collect$$libinit$$00000030  c_w.l(libinit2.o)
    0x08000254   0x08000254   0x00000000   Code   RO         1411    .ARM.Collect$$libinit$$00000032  c_w.l(libinit2.o)
    0x08000254   0x08000254   0x00000000   Code   RO         1413    .ARM.Collect$$libinit$$00000034  c_w.l(libinit2.o)
    0x08000254   0x08000254   0x00000002   Code   RO         1414    .ARM.Collect$$libinit$$00000035  c_w.l(libinit2.o)
    0x08000256   0x08000256   0x00000002   Code   RO         1451    .ARM.Collect$$libshutdown$$00000000  c_w.l(libshutdown.o)
    0x08000258   0x08000258   0x00000000   Code   RO         1479    .ARM.Collect$$libshutdown$$00000002  c_w.l(libshutdown2.o)
    0x08000258   0x08000258   0x00000000   Code   RO         1481    .ARM.Collect$$libshutdown$$00000004  c_w.l(libshutdown2.o)
    0x08000258   0x08000258   0x00000000   Code   RO         1484    .ARM.Collect$$libshutdown$$00000007  c_w.l(libshutdown2.o)
    0x08000258   0x08000258   0x00000000   Code   RO         1487    .ARM.Collect$$libshutdown$$0000000A  c_w.l(libshutdown2.o)
    0x08000258   0x08000258   0x00000000   Code   RO         1489    .ARM.Collect$$libshutdown$$0000000C  c_w.l(libshutdown2.o)
    0x08000258   0x08000258   0x00000000   Code   RO         1492    .ARM.Collect$$libshutdown$$0000000F  c_w.l(libshutdown2.o)
    0x08000258   0x08000258   0x00000002   Code   RO         1493    .ARM.Collect$$libshutdown$$00000010  c_w.l(libshutdown2.o)
    0x0800025a   0x0800025a   0x00000000   Code   RO         1268    .ARM.Collect$$rtentry$$00000000  c_w.l(__rtentry.o)
    0x0800025a   0x0800025a   0x00000000   Code   RO         1306    .ARM.Collect$$rtentry$$00000002  c_w.l(__rtentry2.o)
    0x0800025a   0x0800025a   0x00000006   Code   RO         1318    .ARM.Collect$$rtentry$$00000004  c_w.l(__rtentry4.o)
    0x08000260   0x08000260   0x00000000   Code   RO         1308    .ARM.Collect$$rtentry$$00000009  c_w.l(__rtentry2.o)
    0x08000260   0x08000260   0x00000004   Code   RO         1309    .ARM.Collect$$rtentry$$0000000A  c_w.l(__rtentry2.o)
    0x08000264   0x08000264   0x00000000   Code   RO         1311    .ARM.Collect$$rtentry$$0000000C  c_w.l(__rtentry2.o)
    0x08000264   0x08000264   0x00000008   Code   RO         1312    .ARM.Collect$$rtentry$$0000000D  c_w.l(__rtentry2.o)
    0x0800026c   0x0800026c   0x00000002   Code   RO         1352    .ARM.Collect$$rtexit$$00000000  c_w.l(rtexit.o)
    0x0800026e   0x0800026e   0x00000000   Code   RO         1420    .ARM.Collect$$rtexit$$00000002  c_w.l(rtexit2.o)
    0x0800026e   0x0800026e   0x00000004   Code   RO         1421    .ARM.Collect$$rtexit$$00000003  c_w.l(rtexit2.o)
    0x08000272   0x08000272   0x00000006   Code   RO         1422    .ARM.Collect$$rtexit$$00000004  c_w.l(rtexit2.o)
    0x08000278   0x08000278   0x00000040   Code   RO            4    .text               startup_stm32l443xx.o
    0x080002b8   0x080002b8   0x000000f0   Code   RO         1210    .text               c_w.l(lludivv7m.o)
    0x080003a8   0x080003a8   0x00000040   Code   RO         1212    .text               c_w.l(__2snprintf.o)
    0x080003e8   0x080003e8   0x0000004e   Code   RO         1218    .text               c_w.l(_printf_pad.o)
    0x08000436   0x08000436   0x00000052   Code   RO         1220    .text               c_w.l(_printf_str.o)
    0x08000488   0x08000488   0x00000078   Code   RO         1222    .text               c_w.l(_printf_dec.o)
    0x08000500   0x08000500   0x0000013e   Code   RO         1236    .text               c_w.l(__printf_flags_wp.o)
    0x0800063e   0x0800063e   0x00000002   PAD
    0x08000640   0x08000640   0x0000003c   Code   RO         1247    .text               c_w.l(__0sscanf.o)
    0x0800067c   0x0800067c   0x00000152   Code   RO         1249    .text               c_w.l(_scanf_int.o)
    0x080007ce   0x080007ce   0x0000003e   Code   RO         1251    .text               c_w.l(strlen.o)
    0x0800080c   0x0800080c   0x00000010   Code   RO         1253    .text               c_w.l(aeabi_memset4.o)
    0x0800081c   0x0800081c   0x0000004e   Code   RO         1255    .text               c_w.l(rt_memclr_w.o)
    0x0800086a   0x0800086a   0x00000006   Code   RO         1257    .text               c_w.l(heapauxi.o)
    0x08000870   0x08000870   0x00000016   Code   RO         1273    .text               c_w.l(_rserrno.o)
    0x08000886   0x08000886   0x000000b2   Code   RO         1275    .text               c_w.l(_printf_intcommon.o)
    0x08000938   0x08000938   0x00000030   Code   RO         1277    .text               c_w.l(_printf_char_common.o)
    0x08000968   0x08000968   0x00000010   Code   RO         1279    .text               c_w.l(_snputc.o)
    0x08000978   0x08000978   0x0000002c   Code   RO         1281    .text               c_w.l(_printf_char.o)
    0x080009a4   0x080009a4   0x0000001c   Code   RO         1284    .text               c_w.l(_chval.o)
    0x080009c0   0x080009c0   0x0000002c   Code   RO         1286    .text               c_w.l(scanf_char.o)
    0x080009ec   0x080009ec   0x00000040   Code   RO         1288    .text               c_w.l(_sgetc.o)
    0x08000a2c   0x08000a2c   0x00000008   Code   RO         1325    .text               c_w.l(rt_errno_addr_intlibspace.o)
    0x08000a34   0x08000a34   0x00000012   Code   RO         1327    .text               c_w.l(isspace.o)
    0x08000a46   0x08000a46   0x00000002   PAD
    0x08000a48   0x08000a48   0x0000037a   Code   RO         1331    .text               c_w.l(_scanf.o)
    0x08000dc2   0x08000dc2   0x00000002   PAD
    0x08000dc4   0x08000dc4   0x00000008   Code   RO         1333    .text               c_w.l(libspace.o)
    0x08000dcc   0x08000dcc   0x0000004a   Code   RO         1336    .text               c_w.l(sys_stackheap_outer.o)
    0x08000e16   0x08000e16   0x00000002   PAD
    0x08000e18   0x08000e18   0x00000010   Code   RO         1338    .text               c_w.l(rt_ctype_table.o)
    0x08000e28   0x08000e28   0x00000012   Code   RO         1340    .text               c_w.l(exit.o)
    0x08000e3a   0x08000e3a   0x00000002   PAD
    0x08000e3c   0x08000e3c   0x00000008   Code   RO         1359    .text               c_w.l(rt_locale_intlibspace.o)
    0x08000e44   0x08000e44   0x0000000c   Code   RO         1415    .text               c_w.l(sys_exit.o)
    0x08000e50   0x08000e50   0x0000007c   Code   RO         1430    .text               c_w.l(strcmpv7em.o)
    0x08000ecc   0x08000ecc   0x00000002   Code   RO         1440    .text               c_w.l(use_no_semi.o)
    0x08000ece   0x08000ece   0x00000000   Code   RO         1442    .text               c_w.l(indicate_semi.o)
    0x08000ece   0x08000ece   0x00000002   PAD
    0x08000ed0   0x08000ed0   0x00000190   Code   RO          134    .text.ADC_ConversionStop  stm32l4xx_hal_adc.o
    0x08001060   0x08001060   0x0000007c   Code   RO          136    .text.ADC_Disable   stm32l4xx_hal_adc.o
    0x080010dc   0x080010dc   0x000000f6   Code   RO          142    .text.ADC_Enable    stm32l4xx_hal_adc.o
    0x080011d2   0x080011d2   0x00000002   PAD
    0x080011d4   0x080011d4   0x00000002   Code   RO           51    .text.BusFault_Handler  stm32l4xx_it.o
    0x080011d6   0x080011d6   0x00000002   PAD
    0x080011d8   0x080011d8   0x00000002   Code   RO           57    .text.DebugMon_Handler  stm32l4xx_it.o
    0x080011da   0x080011da   0x00000002   PAD
    0x080011dc   0x080011dc   0x000000d4   Code   RO          192    .text.HAL_ADCEx_Calibration_Start  stm32l4xx_hal_adc_ex.o
    0x080012b0   0x080012b0   0x0000035c   Code   RO          176    .text.HAL_ADC_ConfigChannel  stm32l4xx_hal_adc.o
    0x0800160c   0x0800160c   0x00000006   Code   RO          164    .text.HAL_ADC_GetValue  stm32l4xx_hal_adc.o
    0x08001612   0x08001612   0x00000002   PAD
    0x08001614   0x08001614   0x000001e6   Code   RO          128    .text.HAL_ADC_Init  stm32l4xx_hal_adc.o
    0x080017fa   0x080017fa   0x00000002   PAD
    0x080017fc   0x080017fc   0x00000002   Code   RO          130    .text.HAL_ADC_MspInit  stm32l4xx_hal_adc.o
    0x080017fe   0x080017fe   0x00000002   PAD
    0x08001800   0x08001800   0x000000ee   Code   RO          146    .text.HAL_ADC_PollForConversion  stm32l4xx_hal_adc.o
    0x080018ee   0x080018ee   0x00000002   PAD
    0x080018f0   0x080018f0   0x00000082   Code   RO          140    .text.HAL_ADC_Start  stm32l4xx_hal_adc.o
    0x08001972   0x08001972   0x00000002   PAD
    0x08001974   0x08001974   0x000000b4   Code   RO          144    .text.HAL_ADC_Stop  stm32l4xx_hal_adc.o
    0x08001a28   0x08001a28   0x0000004a   Code   RO          978    .text.HAL_DMA_Abort  stm32l4xx_hal_dma.o
    0x08001a72   0x08001a72   0x00000002   PAD
    0x08001a74   0x08001a74   0x00000054   Code   RO          980    .text.HAL_DMA_Abort_IT  stm32l4xx_hal_dma.o
    0x08001ac8   0x08001ac8   0x00000028   Code   RO          389    .text.HAL_Delay     stm32l4xx_hal.o
    0x08001af0   0x08001af0   0x000001b8   Code   RO          946    .text.HAL_GPIO_Init  stm32l4xx_hal_gpio.o
    0x08001ca8   0x08001ca8   0x0000000c   Code   RO          952    .text.HAL_GPIO_WritePin  stm32l4xx_hal_gpio.o
    0x08001cb4   0x08001cb4   0x0000000c   Code   RO          381    .text.HAL_GetTick   stm32l4xx_hal.o
    0x08001cc0   0x08001cc0   0x0000004a   Code   RO          601    .text.HAL_I2CEx_ConfigAnalogFilter  stm32l4xx_hal_i2c_ex.o
    0x08001d0a   0x08001d0a   0x00000002   PAD
    0x08001d0c   0x08001d0c   0x00000048   Code   RO          603    .text.HAL_I2CEx_ConfigDigitalFilter  stm32l4xx_hal_i2c_ex.o
    0x08001d54   0x08001d54   0x000000a4   Code   RO          449    .text.HAL_I2C_Init  stm32l4xx_hal_i2c.o
    0x08001df8   0x08001df8   0x000001fa   Code   RO          465    .text.HAL_I2C_Master_Receive  stm32l4xx_hal_i2c.o
    0x08001ff2   0x08001ff2   0x00000002   PAD
    0x08001ff4   0x08001ff4   0x000001f6   Code   RO          457    .text.HAL_I2C_Master_Transmit  stm32l4xx_hal_i2c.o
    0x080021ea   0x080021ea   0x00000002   PAD
    0x080021ec   0x080021ec   0x00000076   Code   RO           78    .text.HAL_I2C_MspInit  stm32l4xx_hal_msp.o
    0x08002262   0x08002262   0x00000002   PAD
    0x08002264   0x08002264   0x0000001a   Code   RO          379    .text.HAL_IncTick   stm32l4xx_hal.o
    0x0800227e   0x0800227e   0x00000002   PAD
    0x08002280   0x08002280   0x0000001e   Code   RO          369    .text.HAL_Init      stm32l4xx_hal.o
    0x0800229e   0x0800229e   0x00000002   PAD
    0x080022a0   0x080022a0   0x00000050   Code   RO          371    .text.HAL_InitTick  stm32l4xx_hal.o
    0x080022f0   0x080022f0   0x00000032   Code   RO           72    .text.HAL_MspInit   stm32l4xx_hal_msp.o
    0x08002322   0x08002322   0x00000002   PAD
    0x08002324   0x08002324   0x00000022   Code   RO         1123    .text.HAL_NVIC_EnableIRQ  stm32l4xx_hal_cortex.o
    0x08002346   0x08002346   0x00000002   PAD
    0x08002348   0x08002348   0x00000056   Code   RO         1121    .text.HAL_NVIC_SetPriority  stm32l4xx_hal_cortex.o
    0x0800239e   0x0800239e   0x00000002   PAD
    0x080023a0   0x080023a0   0x00000020   Code   RO         1119    .text.HAL_NVIC_SetPriorityGrouping  stm32l4xx_hal_cortex.o
    0x080023c0   0x080023c0   0x0000008c   Code   RO         1045    .text.HAL_PWREx_ControlVoltageScaling  stm32l4xx_hal_pwr_ex.o
    0x0800244c   0x0800244c   0x00000010   Code   RO         1043    .text.HAL_PWREx_GetVoltageRange  stm32l4xx_hal_pwr_ex.o
    0x0800245c   0x0800245c   0x00000012   Code   RO         1005    .text.HAL_PWR_EnableBkUpAccess  stm32l4xx_hal_pwr.o
    0x0800246e   0x0800246e   0x00000002   PAD
    0x08002470   0x08002470   0x00000012   Code   RO          852    .text.HAL_RCCEx_EnableMSIPLLMode  stm32l4xx_hal_rcc_ex.o
    0x08002482   0x08002482   0x00000002   PAD
    0x08002484   0x08002484   0x0000023e   Code   RO          792    .text.HAL_RCC_ClockConfig  stm32l4xx_hal_rcc.o
    0x080026c2   0x080026c2   0x00000002   PAD
    0x080026c4   0x080026c4   0x0000002a   Code   RO          798    .text.HAL_RCC_GetPCLK1Freq  stm32l4xx_hal_rcc.o
    0x080026ee   0x080026ee   0x00000002   PAD
    0x080026f0   0x080026f0   0x0000002a   Code   RO          800    .text.HAL_RCC_GetPCLK2Freq  stm32l4xx_hal_rcc.o
    0x0800271a   0x0800271a   0x00000002   PAD
    0x0800271c   0x0800271c   0x000000c6   Code   RO          790    .text.HAL_RCC_GetSysClockFreq  stm32l4xx_hal_rcc.o
    0x080027e2   0x080027e2   0x00000002   PAD
    0x080027e4   0x080027e4   0x000007f4   Code   RO          788    .text.HAL_RCC_OscConfig  stm32l4xx_hal_rcc.o
    0x08002fd8   0x08002fd8   0x000000dc   Code   RO          244    .text.HAL_SPI_Init  stm32l4xx_hal_spi.o
    0x080030b4   0x080030b4   0x00000070   Code   RO           74    .text.HAL_SPI_MspInit  stm32l4xx_hal_msp.o
    0x08003124   0x08003124   0x00000242   Code   RO          252    .text.HAL_SPI_Transmit  stm32l4xx_hal_spi.o
    0x08003366   0x08003366   0x00000002   PAD
    0x08003368   0x08003368   0x0000002c   Code   RO         1131    .text.HAL_SYSTICK_Config  stm32l4xx_hal_cortex.o
    0x08003394   0x08003394   0x00000002   Code   RO          707    .text.HAL_UARTEx_RxEventCallback  stm32l4xx_hal_uart.o
    0x08003396   0x08003396   0x00000002   PAD
    0x08003398   0x08003398   0x00000002   Code   RO          758    .text.HAL_UARTEx_WakeupCallback  stm32l4xx_hal_uart_ex.o
    0x0800339a   0x0800339a   0x00000002   PAD
    0x0800339c   0x0800339c   0x00000002   Code   RO          705    .text.HAL_UART_ErrorCallback  stm32l4xx_hal_uart.o
    0x0800339e   0x0800339e   0x00000002   PAD
    0x080033a0   0x080033a0   0x000005c8   Code   RO          701    .text.HAL_UART_IRQHandler  stm32l4xx_hal_uart.o
    0x08003968   0x08003968   0x000000ce   Code   RO          621    .text.HAL_UART_Init  stm32l4xx_hal_uart.o
    0x08003a36   0x08003a36   0x00000002   PAD
    0x08003a38   0x08003a38   0x00000082   Code   RO           82    .text.HAL_UART_MspInit  stm32l4xx_hal_msp.o
    0x08003aba   0x08003aba   0x00000002   PAD
    0x08003abc   0x08003abc   0x000000b6   Code   RO          653    .text.HAL_UART_Receive_IT  stm32l4xx_hal_uart.o
    0x08003b72   0x08003b72   0x00000002   PAD
    0x08003b74   0x08003b74   0x0000027a   Code   RO           21    .text.HAL_UART_RxCpltCallback  main.o
    0x08003dee   0x08003dee   0x00000002   PAD
    0x08003df0   0x08003df0   0x000000d0   Code   RO          641    .text.HAL_UART_Transmit  stm32l4xx_hal_uart.o
    0x08003ec0   0x08003ec0   0x00000002   Code   RO          709    .text.HAL_UART_TxCpltCallback  stm32l4xx_hal_uart.o
    0x08003ec2   0x08003ec2   0x00000002   PAD
    0x08003ec4   0x08003ec4   0x00000002   Code   RO           47    .text.HardFault_Handler  stm32l4xx_it.o
    0x08003ec6   0x08003ec6   0x00000002   PAD
    0x08003ec8   0x08003ec8   0x00000156   Code   RO          591    .text.I2C_IsErrorOccurred  stm32l4xx_hal_i2c.o
    0x0800401e   0x0800401e   0x00000002   PAD
    0x08004020   0x08004020   0x000000bc   Code   RO          467    .text.I2C_WaitOnRXNEFlagUntilTimeout  stm32l4xx_hal_i2c.o
    0x080040dc   0x080040dc   0x00000088   Code   RO          461    .text.I2C_WaitOnTXISFlagUntilTimeout  stm32l4xx_hal_i2c.o
    0x08004164   0x08004164   0x00000002   Code   RO           49    .text.MemManage_Handler  stm32l4xx_it.o
    0x08004166   0x08004166   0x00000002   PAD
    0x08004168   0x08004168   0x00000002   Code   RO           45    .text.NMI_Handler   stm32l4xx_it.o
    0x0800416a   0x0800416a   0x00000002   PAD
    0x0800416c   0x0800416c   0x00000002   Code   RO           59    .text.PendSV_Handler  stm32l4xx_it.o
    0x0800416e   0x0800416e   0x00000002   PAD
    0x08004170   0x08004170   0x0000017e   Code   RO          306    .text.SPI_WaitFifoStateUntilTimeout  stm32l4xx_hal_spi.o
    0x080042ee   0x080042ee   0x00000002   PAD
    0x080042f0   0x080042f0   0x000000ce   Code   RO          308    .text.SPI_WaitFlagStateUntilTimeout  stm32l4xx_hal_spi.o
    0x080043be   0x080043be   0x00000002   PAD
    0x080043c0   0x080043c0   0x00000002   Code   RO           55    .text.SVC_Handler   stm32l4xx_it.o
    0x080043c2   0x080043c2   0x00000002   PAD
    0x080043c4   0x080043c4   0x00000004   Code   RO           61    .text.SysTick_Handler  stm32l4xx_it.o
    0x080043c8   0x080043c8   0x000000a4   Code   RO           13    .text.SystemClock_Config  main.o
    0x0800446c   0x0800446c   0x00000012   Code   RO         1193    .text.SystemInit    system_stm32l4xx.o
    0x0800447e   0x0800447e   0x00000002   PAD
    0x08004480   0x08004480   0x000000e6   Code   RO          627    .text.UART_AdvFeatureConfig  stm32l4xx_hal_uart.o
    0x08004566   0x08004566   0x00000002   PAD
    0x08004568   0x08004568   0x00000010   Code   RO          703    .text.UART_DMAAbortOnError  stm32l4xx_hal_uart.o
    0x08004578   0x08004578   0x00000146   Code   RO          739    .text.UART_RxISR_16BIT  stm32l4xx_hal_uart.o
    0x080046be   0x080046be   0x00000002   PAD
    0x080046c0   0x080046c0   0x00000146   Code   RO          741    .text.UART_RxISR_8BIT  stm32l4xx_hal_uart.o
    0x08004806   0x08004806   0x00000002   PAD
    0x08004808   0x08004808   0x0000021c   Code   RO          625    .text.UART_SetConfig  stm32l4xx_hal_uart.o
    0x08004a24   0x08004a24   0x00000176   Code   RO          655    .text.UART_Start_Receive_IT  stm32l4xx_hal_uart.o
    0x08004b9a   0x08004b9a   0x00000002   PAD
    0x08004b9c   0x08004b9c   0x00000204   Code   RO          643    .text.UART_WaitOnFlagUntilTimeout  stm32l4xx_hal_uart.o
    0x08004da0   0x08004da0   0x0000000c   Code   RO           63    .text.USART2_IRQHandler  stm32l4xx_it.o
    0x08004dac   0x08004dac   0x00000002   Code   RO           53    .text.UsageFault_Handler  stm32l4xx_it.o
    0x08004dae   0x08004dae   0x00000002   PAD
    0x08004db0   0x08004db0   0x00000128   Code   RO           15    .text.bat_read_mv   main.o
    0x08004ed8   0x08004ed8   0x00000510   Code   RO           25    .text.draw_cloud    main.o
    0x080053e8   0x080053e8   0x000017c2   Code   RO           23    .text.draw_icon_weather  main.o
    0x08006baa   0x08006baa   0x00000002   PAD
    0x08006bac   0x08006bac   0x0000058e   Code   RO           11    .text.main          main.o
    0x0800713a   0x0800713a   0x00000002   PAD
    0x0800713c   0x0800713c   0x000029da   Code   RO           17    .text.render_screen  main.o
    0x08009b16   0x08009b16   0x00000002   PAD
    0x08009b18   0x08009b18   0x00000008   Code   RO          116    .text.sht30_init    sht30.o
    0x08009b20   0x08009b20   0x0000024a   Code   RO          118    .text.sht30_read    sht30.o
    0x08009d6a   0x08009d6a   0x00000002   PAD
    0x08009d6c   0x08009d6c   0x00001524   Code   RO          102    .text.st7305_draw_char  st7305.o
    0x0800b290   0x0800b290   0x00000048   Code   RO          100    .text.st7305_draw_pixel  st7305.o
    0x0800b2d8   0x0800b2d8   0x00000042   Code   RO          104    .text.st7305_draw_string  st7305.o
    0x0800b31a   0x0800b31a   0x00000002   PAD
    0x0800b31c   0x0800b31c   0x0000001c   Code   RO           96    .text.st7305_fill   st7305.o
    0x0800b338   0x0800b338   0x000011a8   Code   RO           94    .text.st7305_init   st7305.o
    0x0800c4e0   0x0800c4e0   0x000001a6   Code   RO           98    .text.st7305_refresh  st7305.o
    0x0800c686   0x0800c686   0x00000002   PAD
    0x0800c688   0x0800c688   0x0000016c   Code   RO         1261    i.__hardfp_logf     m_wm.l(logf.o)
    0x0800c7f4   0x0800c7f4   0x00000014   Code   RO         1291    i.__mathlib_flt_divzero  m_wm.l(funder.o)
    0x0800c808   0x0800c808   0x00000006   Code   RO         1292    i.__mathlib_flt_infnan  m_wm.l(funder.o)
    0x0800c80e   0x0800c80e   0x00000002   PAD
    0x0800c810   0x0800c810   0x00000010   Code   RO         1294    i.__mathlib_flt_invalid  m_wm.l(funder.o)
    0x0800c820   0x0800c820   0x0000000e   Code   RO         1234    i._is_digit         c_w.l(__printf_wp.o)
    0x0800c82e   0x0800c82e   0x00000002   PAD
    0x0800c830   0x0800c830   0x0000002c   Code   RO         1362    locale$$code        c_w.l(lc_ctype_c.o)
    0x0800c85c   0x0800c85c   0x0000001a   Code   RO         1434    x$fpl$fpinit        fz_wm.l(fpinit.o)
    0x0800c876   0x0800c876   0x00000000   Code   RO         1290    x$fpl$usenofp       fz_wm.l(usenofp.o)
    0x0800c876   0x0800c876   0x00000011   Data   RO         1237    .constdata          c_w.l(__printf_flags_wp.o)
    0x0800c887   0x0800c887   0x00000001   PAD
    0x0800c888   0x0800c888   0x00000040   Data   RO         1264    .constdata          m_wm.l(logf.o)
    0x0800c8c8   0x0800c8c8   0x00000010   Data   RO         1198    .rodata.AHBPrescTable  system_stm32l4xx.o
    0x0800c8d8   0x0800c8d8   0x00000008   Data   RO         1199    .rodata.APBPrescTable  system_stm32l4xx.o
    0x0800c8e0   0x0800c8e0   0x00000258   Data   RO           33    .rodata.LUNAR_INFO  main.o
    0x0800cb38   0x0800cb38   0x00000030   Data   RO         1200    .rodata.MSIRangeTable  system_stm32l4xx.o
    0x0800cb68   0x0800cb68   0x00000010   Data   RO          747    .rodata.cst16       stm32l4xx_hal_uart.o
    0x0800cb78   0x0800cb78   0x00000002   Data   RO           30    .rodata.main.ping   main.o
    0x0800cb7a   0x0800cb7a   0x00000005   Data   RO          107    .rodata.st7305_get_glyph.glyph_space  st7305.o
    0x0800cb7f   0x0800cb7f   0x00000004   Data   RO           32    .rodata.str1.1      main.o
    0x0800cb83   0x0800cb83   0x00000001   PAD
    0x0800cb84   0x0800cb84   0x00000020   Data   RO         1495    Region$$Table       anon$$obj.o
    0x0800cba4   0x0800cba4   0x00000110   Data   RO         1361    locale$$data        c_w.l(lc_ctype_c.o)


    Execution Region RW_IRAM2 (Exec base: 0x10000000, Load base: 0x0800ccd0, Size: 0x00000000, Max: 0x00004000, ABSOLUTE)

    **** No section assigned to this execution region ****


    Execution Region RW_IRAM1 (Exec base: 0x20000000, Load base: 0x0800ccb8, Size: 0x00004308, Max: 0x0000c000, ABSOLUTE)

    Exec Addr    Load Addr    Size         Type   Attr      Idx    E Section Name        Object

    0x20000000   0x0800ccb8   0x0000000c   Data   RW           35    .data..L_MergedGlobals  main.o
    0x2000000c   0x0800ccc4   0x00000008   Data   RW          440    .data..L_MergedGlobals  stm32l4xx_hal.o
    0x20000014   0x0800cccc   0x00000004   Data   RW         1197    .data.SystemCoreClock  system_stm32l4xx.o
    0x20000018        -       0x00000060   Zero   RW         1334    .bss                c_w.l(libspace.o)
    0x20000078        -       0x00000054   Zero   RW           36    .bss..L_MergedGlobals.12  main.o
    0x200000cc        -       0x00000064   Zero   RW           31    .bss.hadc_bat       main.o
    0x20000130        -       0x00000054   Zero   RW           28    .bss.hi2c1          main.o
    0x20000184        -       0x00000064   Zero   RW           27    .bss.hspi1          main.o
    0x200001e8        -       0x00000084   Zero   RW           29    .bss.huart2         main.o
    0x2000026c        -       0x00003a98   Zero   RW          106    .bss.s_buffer       st7305.o
    0x20003d04        -       0x00000004   Zero   RW          439    .bss.uwTick         stm32l4xx_hal.o
    0x20003d08        -       0x00000200   Zero   RW            2    HEAP                startup_stm32l443xx.o
    0x20003f08        -       0x00000400   Zero   RW            1    STACK               startup_stm32l443xx.o


==============================================================================

Image component sizes


      Code (inc. data)   RO Data    RW Data    ZI Data      Debug   Object Name

     20608        104        606         12        500      51768   main.o
       594          0          0          0          0       5931   sht30.o
     10520        192          5          0      15000      28813   st7305.o
        64         26        396          0       1536        824   startup_stm32l443xx.o
       188          0          0          8          4       8630   stm32l4xx_hal.o
      2672         16          0          0          0      26266   stm32l4xx_hal_adc.o
       212          0          0          0          0      17565   stm32l4xx_hal_adc_ex.o
       196          0          0          0          0      10152   stm32l4xx_hal_cortex.o
       158          0          0          0          0       7627   stm32l4xx_hal_dma.o
       452          0          0          0          0       5231   stm32l4xx_hal_gpio.o
      1838          0          0          0          0      63600   stm32l4xx_hal_i2c.o
       146          0          0          0          0       6088   stm32l4xx_hal_i2c_ex.o
       410          0          0          0          0      10278   stm32l4xx_hal_msp.o
        18          0          0          0          0       5471   stm32l4xx_hal_pwr.o
       156          0          0          0          0       8948   stm32l4xx_hal_pwr_ex.o
      2892          0          0          0          0      12119   stm32l4xx_hal_rcc.o
        18          0          0          0          0      14289   stm32l4xx_hal_rcc_ex.o
      1386          0          0          0          0      26862   stm32l4xx_hal_spi.o
      4410         48         16          0          0      36116   stm32l4xx_hal_uart.o
         2          0          0          0          0       8826   stm32l4xx_hal_uart_ex.o
        32          0          0          0          0       4162   stm32l4xx_it.o
        18          0         72          4          0       2952   system_stm32l4xx.o

    ----------------------------------------------------------------------
     47096        386       1128         24      17040     362518   Object Totals
         0          0         32          0          0          0   (incl. Generated)
       106          0          1          0          0          0   (incl. Padding)

    ----------------------------------------------------------------------

      Code (inc. data)   RO Data    RW Data    ZI Data      Debug   Library Member Name

        60          8          0          0          0         84   __0sscanf.o
        64          6          0          0          0         84   __2snprintf.o
         8          0          0          0          0         68   __main.o
       318          4         17          0          0         92   __printf_flags_wp.o
        14          0          0          0          0         68   __printf_wp.o
         0          0          0          0          0          0   __rtentry.o
        12          0          0          0          0          0   __rtentry2.o
         6          0          0          0          0          0   __rtentry4.o
        94          8          0          0          0          0   __scatter.o
        26          0          0          0          0          0   __scatter_copy.o
        28          0          0          0          0          0   __scatter_zi.o
        28          0          0          0          0         68   _chval.o
        44          0          0          0          0        108   _printf_char.o
        48          6          0          0          0         96   _printf_char_common.o
         6          0          0          0          0          0   _printf_d.o
       120         16          0          0          0         92   _printf_dec.o
       178          0          0          0          0         88   _printf_intcommon.o
        78          0          0          0          0        108   _printf_pad.o
         0          0          0          0          0          0   _printf_percent.o
         4          0          0          0          0          0   _printf_percent_end.o
         6          0          0          0          0          0   _printf_s.o
        82          0          0          0          0         80   _printf_str.o
        22          0          0          0          0        100   _rserrno.o
       890          6          0          0          0        100   _scanf.o
       338          0          0          0          0         96   _scanf_int.o
        64          0          0          0          0         84   _sgetc.o
        16          0          0          0          0         68   _snputc.o
        16          0          0          0          0         68   aeabi_memset4.o
        18          0          0          0          0         80   exit.o
         6          0          0          0          0        152   heapauxi.o
         0          0          0          0          0          0   indicate_semi.o
        18          0          0          0          0         76   isspace.o
        44         10        272          0          0         76   lc_ctype_c.o
         2          0          0          0          0          0   libinit.o
        24          0          0          0          0          0   libinit2.o
         2          0          0          0          0          0   libshutdown.o
         2          0          0          0          0          0   libshutdown2.o
         8          4          0          0         96         68   libspace.o
       240          0          0          0          0        100   lludivv7m.o
        16          4          0          0          0         76   rt_ctype_table.o
         8          4          0          0          0         68   rt_errno_addr_intlibspace.o
         8          4          0          0          0         68   rt_locale_intlibspace.o
        78          0          0          0          0         80   rt_memclr_w.o
         2          0          0          0          0          0   rtexit.o
        10          0          0          0          0          0   rtexit2.o
        44          8          0          0          0         84   scanf_char.o
       124          0          0          0          0         88   strcmpv7em.o
        62          0          0          0          0         76   strlen.o
        12          4          0          0          0         68   sys_exit.o
        74          0          0          0          0         80   sys_stackheap_outer.o
         2          0          0          0          0         68   use_no_semi.o
        26          0          0          0          0        116   fpinit.o
         0          0          0          0          0          0   usenofp.o
        42         12          0          0          0        348   funder.o
       364         44         64          0          0        140   logf.o

    ----------------------------------------------------------------------
      3826        148        354          0         96       3464   Library Totals
        20          0          1          0          0          0   (incl. Padding)

    ----------------------------------------------------------------------

      Code (inc. data)   RO Data    RW Data    ZI Data      Debug   Library Name

      3374         92        289          0         96       2860   c_w.l
        26          0          0          0          0        116   fz_wm.l
       406         56         64          0          0        488   m_wm.l

    ----------------------------------------------------------------------
      3826        148        354          0         96       3464   Library Totals

    ----------------------------------------------------------------------

==============================================================================


      Code (inc. data)   RO Data    RW Data    ZI Data      Debug   

     50922        534       1482         24      17136     363790   Grand Totals
     50922        534       1482         24      17136     363790   ELF Image Totals
     50922        534       1482         24          0          0   ROM Totals

==============================================================================

    Total RO  Size (Code + RO Data)                52404 (  51.18kB)
    Total RW  Size (RW Data + ZI Data)             17160 (  16.76kB)
    Total ROM Size (Code + RO Data + RW Data)      52428 (  51.20kB)

==============================================================================

